<html>
<body>
<pre>
<h1>µVision Build Log</h1>
<h2>Project:</h2>
D:\My Dropbox\ArmBook\LaunchPad\LaunchPadware\PointerTrafficLight_4F120asm\PointerTrafficLight.uvproj
Project File Date:  04/30/2013

<h2>Output:</h2>
Build target 'PointerTrafficLight'
assembling Startup.s...
assembling SysTick.s...
SysTick.s(68): warning: A1876W: Use of '|' as a synonym for the :OR: operator is deprecated.
assembling PLL.s...
assembling PointerTrafficLight.s...
PointerTrafficLight.s(80): warning: A1876W: Use of '|' as a synonym for the :OR: operator is deprecated.
linking...
Program Size: Code=1144 RO-data=0 RW-data=0 ZI-data=1024  
"PointerTrafficLight.axf" - 0 Error(s), 2 Warning(s).
Build target 'PointerTrafficLight'
assembling PointerTrafficLight.s...
linking...
Program Size: Code=1144 RO-data=0 RW-data=0 ZI-data=1024  
"PointerTrafficLight.axf" - 0 Error(s), 0 Warning(s).
Build target 'PointerTrafficLight'
assembling PLL.s...
linking...
Program Size: Code=1144 RO-data=0 RW-data=0 ZI-data=1024  
"PointerTrafficLight.axf" - 0 Error(s), 0 Warning(s).
Build target 'PointerTrafficLight'
assembling PointerTrafficLight.s...
PointerTrafficLight.s(130): error: A1163E: Unknown opcode R4, , expecting opcode or Macro
Target not created
Build target 'PointerTrafficLight'
assembling PointerTrafficLight.s...
PointerTrafficLight.s(129): error: A1163E: Unknown opcode R4, , expecting opcode or Macro
Target not created
Build target 'PointerTrafficLight'
assembling PointerTrafficLight.s...
linking...
Program Size: Code=1136 RO-data=0 RW-data=0 ZI-data=1024  
"PointerTrafficLight.axf" - 0 Error(s), 0 Warning(s).
