<html>
<body>
<pre>
<h1>µVision Build Log</h1>
<h2>Project:</h2>
C:\LaunchPadware\InputOutput_4F120asm\InputOutput.uvproj
Project File Date:  09/04/2013

<h2>Output:</h2>
Rebuild target 'InputOutput'
assembling Startup.s...
assembling main.s...
linking...
Program Size: Code=872 RO-data=0 RW-data=0 ZI-data=1024  
".\InputOutput.axf" - 0 Errors, 0 Warning(s).
Load "C:\\LaunchPadware\\InputOutput_4F120asm\\InputOutput.axf" 
Connecting: Mode=JTAG, Speed=1000000Hz
Erase Done.
Programming Done.
Verify OK.
Rebuild target 'InputOutput'
assembling Startup.s...
assembling main.s...
linking...
Program Size: Code=872 RO-data=0 RW-data=0 ZI-data=1024  
".\InputOutput.axf" - 0 Errors, 0 Warning(s).
Rebuild target 'InputOutput'
assembling Startup.s...
assembling main.s...
linking...
Program Size: Code=872 RO-data=0 RW-data=0 ZI-data=1024  
".\InputOutput.axf" - 0 Errors, 0 Warning(s).
Load "C:\\LaunchPadware\\InputOutput_4F120asm\\InputOutput.axf" 
Connecting: Mode=JTAG, Speed=1000000Hz
Connection failed!, error code=&d
