<html>
<body>
<pre>
<h1>µVision Build Log</h1>
<h2>Project:</h2>
C:\LaunchPadware\Squarewaves_4F120asm\Squarewaves.uvproj
Project File Date:  09/01/2013

<h2>Output:</h2>
Load "C:\\LaunchPadware\\Squarewaves_4F120asm\\Squarewaves.axf" 
Connecting: Mode=JTAG, Speed=1000000Hz
Erase Done.
Programming Done.
Verify OK.
Rebuild target 'Squarewaves'
assembling Startup.s...
assembling PLL.s...
assembling Squarewaves.s...
linking...
Program Size: Code=752 RO-data=0 RW-data=0 ZI-data=1024  
".\Squarewaves.axf" - 0 Errors, 0 Warning(s).
Load "C:\\LaunchPadware\\Squarewaves_4F120asm\\Squarewaves.axf" 
Connecting: Mode=JTAG, Speed=1000000Hz
Erase Done.
Programming Done.
Verify OK.
Rebuild target 'Squarewaves'
assembling Startup.s...
assembling PLL.s...
assembling Squarewaves.s...
linking...
Program Size: Code=752 RO-data=0 RW-data=0 ZI-data=1024  
".\Squarewaves.axf" - 0 Errors, 0 Warning(s).
Load "C:\\LaunchPadware\\Squarewaves_4F120asm\\Squarewaves.axf" 
Connecting: Mode=JTAG, Speed=1000000Hz
Erase Done.
Programming Done.
Verify OK.
Rebuild target 'Squarewaves'
assembling Startup.s...
assembling PLL.s...
assembling Squarewaves.s...
linking...
Program Size: Code=752 RO-data=0 RW-data=0 ZI-data=1024  
".\Squarewaves.axf" - 0 Errors, 0 Warning(s).
