ARM Linker, 5.03 [Build 76] [MDK-ARM Lite]

==============================================================================

Section Cross References

    startup.o(STACK) refers (Special) to heapauxi.o(.text) for __use_two_region_memory
    startup.o(HEAP) refers (Special) to heapauxi.o(.text) for __use_two_region_memory
    startup.o(RESET) refers (Special) to heapauxi.o(.text) for __use_two_region_memory
    startup.o(RESET) refers to startup.o(STACK) for StackMem
    startup.o(RESET) refers to osasm.o(.text) for PendSV_Handler
    startup.o(RESET) refers to systick.o(i.SysTick_Handler) for SysTick_Handler
    startup.o(RESET) refers to uart2.o(i.UART0_Handler) for UART0_Handler
    startup.o(RESET) refers to adc.o(i.ADC0Seq3_Handler) for ADC0Seq3_Handler
    startup.o(RESET) refers to os.o(i.Timer1A_Handler) for Timer1A_Handler
    startup.o(RESET) refers to os.o(i.Timer2A_Handler) for Timer2A_Handler
    startup.o(RESET) refers to os.o(i.GPIOPortF_Handler) for GPIOPortF_Handler
    startup.o(RESET) refers to edisk.o(i.Timer5A_Handler) for Timer5A_Handler
    startup.o(RESET) refers to __main.o(!!!main) for __main
    startup.o(.text) refers (Special) to heapauxi.o(.text) for __use_two_region_memory
    startup.o(.text) refers to startup.o(HEAP) for HeapMem
    startup.o(.text) refers to startup.o(STACK) for StackMem
    sdctestmain.o(i.ButtonPush) refers to os.o(i.OS_AddThread) for OS_AddThread
    sdctestmain.o(i.ButtonPush) refers to sdctestmain.o(.data) for Running
    sdctestmain.o(i.ButtonPush) refers to sdctestmain.o(i.Robot) for Robot
    sdctestmain.o(i.IdleTask) refers to sdctestmain.o(.data) for Idlecount
    sdctestmain.o(i.Producer) refers to os.o(i.OS_Fifo_Put) for OS_Fifo_Put
    sdctestmain.o(i.Producer) refers to sdctestmain.o(.data) for Running
    sdctestmain.o(i.Robot) refers to os.o(i.OS_ClearMsTime) for OS_ClearMsTime
    sdctestmain.o(i.Robot) refers to noretval__2printf.o(.text) for __2printf
    sdctestmain.o(i.Robot) refers to efile.o(i.eFile_RedirectToFile) for eFile_RedirectToFile
    sdctestmain.o(i.Robot) refers to os.o(i.OS_MsTime) for OS_MsTime
    sdctestmain.o(i.Robot) refers to os.o(i.OS_Fifo_Get) for OS_Fifo_Get
    sdctestmain.o(i.Robot) refers to efile.o(i.eFile_EndRedirectToFile) for eFile_EndRedirectToFile
    sdctestmain.o(i.Robot) refers to os.o(i.OS_Kill) for OS_Kill
    sdctestmain.o(i.Robot) refers to sdctestmain.o(.data) for DataLost
    sdctestmain.o(i.RunTest) refers to os.o(i.OS_AddThread) for OS_AddThread
    sdctestmain.o(i.RunTest) refers to sdctestmain.o(i.TestDisk) for TestDisk
    sdctestmain.o(i.RunTest) refers to sdctestmain.o(.data) for NumCreated
    sdctestmain.o(i.TestDisk) refers to uart2.o(i.UART_OutString) for UART_OutString
    sdctestmain.o(i.TestDisk) refers to edisk.o(i.eDisk_Init) for eDisk_Init
    sdctestmain.o(i.TestDisk) refers to sdctestmain.o(i.diskError) for diskError
    sdctestmain.o(i.TestDisk) refers to edisk.o(i.eDisk_WriteBlock) for eDisk_WriteBlock
    sdctestmain.o(i.TestDisk) refers to edisk.o(i.eDisk_ReadBlock) for eDisk_ReadBlock
    sdctestmain.o(i.TestDisk) refers to os.o(i.OS_Kill) for OS_Kill
    sdctestmain.o(i.TestDisk) refers to sdctestmain.o(.bss) for Buffer
    sdctestmain.o(i.TestFile) refers to uart2.o(i.UART_OutString) for UART_OutString
    sdctestmain.o(i.TestFile) refers to efile.o(i.eFile_Init) for eFile_Init
    sdctestmain.o(i.TestFile) refers to sdctestmain.o(i.diskError) for diskError
    sdctestmain.o(i.TestFile) refers to efile.o(i.eFile_Format) for eFile_Format
    sdctestmain.o(i.TestFile) refers to efile.o(i.eFile_Create) for eFile_Create
    sdctestmain.o(i.TestFile) refers to efile.o(i.eFile_WOpen) for eFile_WOpen
    sdctestmain.o(i.TestFile) refers to efile.o(i.eFile_Write) for eFile_Write
    sdctestmain.o(i.TestFile) refers to efile.o(i.eFile_WClose) for eFile_WClose
    sdctestmain.o(i.TestFile) refers to efile.o(i.eFile_PrintFileContents) for eFile_PrintFileContents
    sdctestmain.o(i.TestFile) refers to efile.o(i.eFile_ROpen) for eFile_ROpen
    sdctestmain.o(i.TestFile) refers to efile.o(i.eFile_ReadNext) for eFile_ReadNext
    sdctestmain.o(i.TestFile) refers to efile.o(i.eFile_Delete) for eFile_Delete
    sdctestmain.o(i.TestFile) refers to os.o(i.OS_Kill) for OS_Kill
    sdctestmain.o(i.diskError) refers to uart2.o(i.UART_OutString) for UART_OutString
    sdctestmain.o(i.diskError) refers to uart2.o(i.UART_OutUDec) for UART_OutUDec
    sdctestmain.o(i.diskError) refers to uart2.o(i.UART_OutChar) for UART_OutChar
    sdctestmain.o(i.diskError) refers to os.o(i.OS_Kill) for OS_Kill
    sdctestmain.o(i.main) refers to os.o(i.OS_Init) for OS_Init
    sdctestmain.o(i.main) refers to os.o(i.OS_AddPeriodicThread) for OS_AddPeriodicThread
    sdctestmain.o(i.main) refers to os.o(i.OS_AddThread) for OS_AddThread
    sdctestmain.o(i.main) refers to os.o(i.OS_Launch) for OS_Launch
[...]
    maybetermalloc2.o(.emb_text) refers (Special) to term_alloc.o(.text) for _terminate_alloc
    h1_extend.o(.text) refers to h1_free.o(.text) for free
    h1_init_mt.o(.text) refers to mutex_dummy.o(.text) for _mutex_initialize
    h1_extend_mt.o(.text) refers to h1_free_mt.o(.text) for _free_internal
    fflush.o(.text) refers to stdio.o(.text) for _fflush
    fflush.o(.text) refers to fseek.o(.text) for _fseek
    fflush.o(.text) refers to stdio_streams.o(.bss) for __stdin
    fputs.o(.text) refers to fputc.o(i.fputc) for fputc
    ftell.o(.text) refers to rt_errno_addr_intlibspace.o(.text) for __aeabi_errno_addr
    fflush_locked.o(.text) refers to stdio.o(.text) for _fflush
    fflush_locked.o(.text) refers to fseek.o(.text) for _fseek
    fflush_locked.o(.text) refers to fflush.o(.text) for _do_fflush
    fflush_locked.o(.text) refers to streamlock.o(.data) for _stream_list_lock
    fflush_locked.o(.text) refers to stdio_streams.o(.bss) for __stdin
    __raise.o(.text) refers to defsig.o(CL$$defsig) for __default_signal_handler
    defsig_general.o(.text) refers to sys_wrch.o(.text) for _ttywrch
    defsig_rtmem_outer.o(.text) refers to defsig_rtmem_inner.o(.text) for __rt_SIGRTMEM_inner
    defsig_rtmem_outer.o(.text) refers to defsig_exit.o(.text) for __sig_exit
    defsig_rtmem_formal.o(.text) refers to rt_raise.o(.text) for __rt_raise
    rt_memcpy_v6.o(.text) refers to rt_memcpy_w.o(.text) for __aeabi_memcpy4
    heapauxa.o(.text) refers to heapauxa.o(.data) for .data
    _get_argv.o(.text) refers (Special) to hrguard.o(.text) for __heap_region$guard
    _get_argv.o(.text) refers to h1_alloc.o(.text) for malloc
    _get_argv.o(.text) refers to defsig_rtmem_outer.o(.text) for __rt_SIGRTMEM
    _get_argv.o(.text) refers to sys_command.o(.text) for _sys_command_string
    _get_argv_nomalloc.o(.text) refers (Special) to hrguard.o(.text) for __heap_region$guard
    _get_argv_nomalloc.o(.text) refers to defsig_rtmem_outer.o(.text) for __rt_SIGRTMEM
    _get_argv_nomalloc.o(.text) refers to sys_command.o(.text) for _sys_command_string
    sys_wrch.o(.text) refers (Special) to use_no_semi.o(.text) for __I$use$semihosting
    sys_wrch.o(.text) refers (Special) to indicate_semi.o(.text) for __semihosting_library_function
    sys_command.o(.text) refers (Special) to use_no_semi.o(.text) for __I$use$semihosting
    sys_command.o(.text) refers (Special) to indicate_semi.o(.text) for __semihosting_library_function
    term_alloc.o(.text) refers (Special) to libshutdown2.o(.ARM.Collect$$libshutdown$$0000000D) for __rt_lib_shutdown_heap_2
    term_alloc.o(.text) refers to rt_heap_descriptor_intlibspace.o(.text) for __rt_heap_descriptor
    term_alloc.o(.text) refers to h1_final.o(.text) for __Heap_Finalize
    defsig_rtmem_inner.o(.text) refers to defsig_general.o(.text) for __default_signal_display
    defsig.o(CL$$defsig) refers to defsig_rtred_inner.o(.text) for __rt_SIGRTRED_inner
    defsig.o(CL$$defsig) refers to defsig_rtmem_inner.o(.text) for __rt_SIGRTMEM_inner
    libshutdown.o(.ARM.Collect$$libshutdown$$00000000) refers (Special) to libshutdown2.o(.ARM.Collect$$libshutdown$$00000006) for __rt_lib_shutdown_fp_trap_1
    libshutdown.o(.ARM.Collect$$libshutdown$$00000000) refers (Special) to libshutdown2.o(.ARM.Collect$$libshutdown$$0000000E) for __rt_lib_shutdown_heap_1
    libshutdown.o(.ARM.Collect$$libshutdown$$00000000) refers (Special) to libshutdown2.o(.ARM.Collect$$libshutdown$$0000000F) for __rt_lib_shutdown_return
    libshutdown.o(.ARM.Collect$$libshutdown$$00000000) refers (Special) to libshutdown2.o(.ARM.Collect$$libshutdown$$00000009) for __rt_lib_shutdown_signal_1
    libshutdown.o(.ARM.Collect$$libshutdown$$00000000) refers (Special) to libshutdown2.o(.ARM.Collect$$libshutdown$$00000003) for __rt_lib_shutdown_stdio_1
    libshutdown.o(.ARM.Collect$$libshutdown$$00000000) refers (Special) to libshutdown2.o(.ARM.Collect$$libshutdown$$0000000B) for __rt_lib_shutdown_user_alloc_1
    defsig_abrt_inner.o(.text) refers to defsig_general.o(.text) for __default_signal_display
    defsig_fpe_inner.o(.text) refers to defsig_general.o(.text) for __default_signal_display
    defsig_stak_inner.o(.text) refers to defsig_general.o(.text) for __default_signal_display
    defsig_pvfn_inner.o(.text) refers to defsig_general.o(.text) for __default_signal_display
    defsig_cppl_inner.o(.text) refers to defsig_general.o(.text) for __default_signal_display
    defsig_segv_inner.o(.text) refers to defsig_general.o(.text) for __default_signal_display
    defsig_other.o(.text) refers to defsig_general.o(.text) for __default_signal_display


==============================================================================

Removing Unused input sections from the image.

    Removing sdctestmain.o(i.ButtonPush), (48 bytes).
    Removing sdctestmain.o(i.DownPush), (2 bytes).
    Removing sdctestmain.o(i.Producer), (56 bytes).
    Removing sdctestmain.o(i.Robot), (156 bytes).
    Removing sdctestmain.o(i.RunTest), (32 bytes).
    Removing sdctestmain.o(i.TestDisk), (432 bytes).
    Removing sdctestmain.o(i.realmain), (188 bytes).
    Removing sdctestmain.o(i.testmain1), (92 bytes).
    Removing sdctestmain.o(.bss), (512 bytes).
    Removing edisk.o(i.Timer5_Init), (76 bytes).
    Removing edisk.o(i.chk_power), (12 bytes).
    Removing edisk.o(i.disk_ioctl), (424 bytes).
    Removing edisk.o(i.eDisk_Status), (20 bytes).
    Removing edisk.o(i.get_fattime), (8 bytes).
    Removing os.o(i.OS_AddSW1Task), (268 bytes).
    Removing os.o(i.OS_AddSW2Task), (268 bytes).
    Removing os.o(i.OS_ClearMsTime), (12 bytes).
    Removing os.o(i.OS_Fifo_Get), (64 bytes).
    Removing os.o(i.OS_Fifo_Init), (24 bytes).
    Removing os.o(i.OS_Fifo_Put), (56 bytes).
    Removing os.o(i.OS_Fifo_Size), (4 bytes).
    Removing os.o(i.OS_Id), (12 bytes).
    Removing os.o(i.OS_InitSemaphore), (10 bytes).
    Removing os.o(i.OS_MailBox_Init), (36 bytes).
    Removing os.o(i.OS_MailBox_Recv), (28 bytes).
    Removing os.o(i.OS_MailBox_Send), (28 bytes).
    Removing os.o(i.OS_MsTime), (56 bytes).
    Removing os.o(i.OS_Signal), (192 bytes).
    Removing os.o(i.OS_Time), (28 bytes).
    Removing os.o(i.OS_TimeDifference), (6 bytes).
    Removing os.o(i.OS_Wait), (228 bytes).
    Removing os.o(i.OS_bSignal), (92 bytes).
    Removing os.o(i.OS_bWait), (92 bytes).
    Removing uart2.o(i.RxFifo_Get), (60 bytes).
    Removing uart2.o(i.UART_InChar), (20 bytes).
    Removing uart2.o(i.UART_InString), (70 bytes).
    Removing uart2.o(i.UART_InUDec), (76 bytes).
    Removing uart2.o(i.UART_InUHex), (108 bytes).
    Removing uart2.o(i.UART_OutUHex), (52 bytes).
    Removing adc.o(i.ADC_Collect), (1188 bytes).
    Removing adc.o(i.ADC_In), (44 bytes).
    Removing adc.o(i.ADC_Init), (1008 bytes).
    Removing interpreter.o(i.Interpreter), (184 bytes).
    Removing interpreter.o(i.adcToggle), (124 bytes).
    Removing interpreter.o(i.cat), (12 bytes).
    Removing interpreter.o(i.clear), (32 bytes).
    Removing interpreter.o(i.debug), (184 bytes).
    Removing interpreter.o(i.echo), (12 bytes).
    Removing interpreter.o(i.fft), (132 bytes).
    Removing interpreter.o(i.fftToggle), (96 bytes).
    Removing interpreter.o(i.filter), (104 bytes).
    Removing interpreter.o(i.ls), (10 bytes).
    Removing interpreter.o(i.performance), (2 bytes).
    Removing interpreter.o(i.rm), (96 bytes).
    Removing interpreter.o(i.sendCommand), (112 bytes).
    Removing interpreter.o(i.skipLeadingSpace), (38 bytes).
    Removing interpreter.o(i.touch), (88 bytes).
    Removing interpreter.o(i.vi), (66 bytes).
    Removing interpreter.o(.bss), (70 bytes).
    Removing interpreter.o(.constdata), (10 bytes).
    Removing interpreter.o(.conststring), (63 bytes).
    Removing interpreter.o(.data), (112 bytes).
    Removing efile.o(i.eFile_Close), (84 bytes).
    Removing efile.o(i.eFile_Directory), (104 bytes).
    Removing efile.o(i.eFile_EndRedirectToFile), (4 bytes).
    Removing efile.o(i.eFile_RedirectToFile), (6 bytes).
    Removing efile.o(i.eFile_findFile), (100 bytes).
    Removing efile.o(i.getFileSize), (32 bytes).
    Removing filter.o(i.Filter_Calc), (128 bytes).
    Removing filter.o(i.Filter_Init), (16 bytes).
    Removing filter.o(.bss), (612 bytes).
    Removing filter.o(.constdata), (102 bytes).
    Removing filter.o(.data), (12 bytes).
    Removing cr4_fft_64_stm32.o(.text), (718 bytes).
    Removing systick.o(i.SysTick_Init), (48 bytes).
    Removing systick.o(i.SysTick_Wait), (32 bytes).
    Removing systick.o(i.SysTick_Wait10ms), (28 bytes).
    Removing systick.o(i.SysTick_Wait1ms), (24 bytes).

78 unused section(s) (total 9785 bytes) removed from the image.

==============================================================================

Image Symbol Table

    Local Symbols

    Symbol Name                              Value     Ov Type        Size  Object(Section)

    RESET                                    0x00000000   Section      644  startup.o(RESET)
    ../clib/angel/boardlib.s                 0x00000000   Number         0  boardshut.o ABSOLUTE
    ../clib/angel/boardlib.s                 0x00000000   Number         0  boardinit1.o ABSOLUTE
    ../clib/angel/boardlib.s                 0x00000000   Number         0  boardinit3.o ABSOLUTE
    ../clib/angel/boardlib.s                 0x00000000   Number         0  boardinit2.o ABSOLUTE
    ../clib/angel/dczerorl2.s                0x00000000   Number         0  __dczerorl2.o ABSOLUTE
    ../clib/angel/handlers.s                 0x00000000   Number         0  __scatter_zi.o ABSOLUTE
    ../clib/angel/kernel.s                   0x00000000   Number         0  rtentry4.o ABSOLUTE
    ../clib/angel/kernel.s                   0x00000000   Number         0  rtexit2.o ABSOLUTE
    ../clib/angel/kernel.s                   0x00000000   Number         0  rtentry.o ABSOLUTE
    ../clib/angel/kernel.s                   0x00000000   Number         0  rtexit.o ABSOLUTE
    ../clib/angel/kernel.s                   0x00000000   Number         0  rtentry2.o ABSOLUTE
    ../clib/angel/rt.s                       0x00000000   Number         0  rt_errno_addr_intlibspace.o ABSOLUTE
    ../clib/angel/rt.s                       0x00000000   Number         0  rt_errno_addr.o ABSOLUTE
    ../clib/angel/rt.s                       0x00000000   Number         0  rt_heap_descriptor.o ABSOLUTE
    ../clib/angel/rt.s                       0x00000000   Number         0  rt_raise.o ABSOLUTE
    ../clib/angel/rt.s                       0x00000000   Number         0  rt_heap_descriptor_intlibspace.o ABSOLUTE
    ../clib/angel/scatter.s                  0x00000000   Number         0  __scatter.o ABSOLUTE
    ../clib/angel/startup.s                  0x00000000   Number         0  __main.o ABSOLUTE
    ../clib/angel/sys.s                      0x00000000   Number         0  use_no_semi.o ABSOLUTE
    ../clib/angel/sys.s                      0x00000000   Number         0  mutex_dummy.o ABSOLUTE
    ../clib/angel/sys.s                      0x00000000   Number         0  sys_stackheap_outer.o ABSOLUTE
    ../clib/angel/sys.s                      0x00000000   Number         0  libspace.o ABSOLUTE
    ../clib/angel/sys.s                      0x00000000   Number         0  indicate_semi.o ABSOLUTE
    ../clib/angel/sysapp.c                   0x00000000   Number         0  sys_io.o ABSOLUTE
    ../clib/angel/sysapp.c                   0x00000000   Number         0  sys_exit.o ABSOLUTE
    ../clib/angel/sysapp.c                   0x00000000   Number         0  sys_command.o ABSOLUTE
    ../clib/angel/sysapp.c                   0x00000000   Number         0  sys_wrch.o ABSOLUTE
    ../clib/armsys.c                         0x00000000   Number         0  argv_veneer.o ABSOLUTE
    ../clib/armsys.c                         0x00000000   Number         0  argv_veneer.o ABSOLUTE
    ../clib/armsys.c                         0x00000000   Number         0  no_argv.o ABSOLUTE
    ../clib/armsys.c                         0x00000000   Number         0  _get_argv_nomalloc.o ABSOLUTE
    ../clib/armsys.c                         0x00000000   Number         0  _get_argv.o ABSOLUTE
    ../clib/assert.c                         0x00000000   Number         0  assert_stdio.o ABSOLUTE
    ../clib/fenv.c                           0x00000000   Number         0  _rserrno.o ABSOLUTE
    ../clib/heap1.c                          0x00000000   Number         0  h1_free_mt.o ABSOLUTE
    ../clib/heap1.c                          0x00000000   Number         0  h1_free.o ABSOLUTE
    ../clib/heap1.c                          0x00000000   Number         0  h1_alloc_mt.o ABSOLUTE
    ../clib/heap1.c                          0x00000000   Number         0  h1_final_mt.o ABSOLUTE
    ../clib/heap1.c                          0x00000000   Number         0  h1_final.o ABSOLUTE
    ../clib/heap1.c                          0x00000000   Number         0  h1_alloc.o ABSOLUTE
    ../clib/heap1.c                          0x00000000   Number         0  h1_extend_mt.o ABSOLUTE
    ../clib/heap1.c                          0x00000000   Number         0  h1_init_mt.o ABSOLUTE
    ../clib/heap1.c                          0x00000000   Number         0  h1_extend.o ABSOLUTE
    ../clib/heap1.c                          0x00000000   Number         0  h1_init.o ABSOLUTE
    ../clib/heap2.c                          0x00000000   Number         0  heap2mt.o ABSOLUTE
    ../clib/heap2.c                          0x00000000   Number         0  heap2.o ABSOLUTE
    ../clib/heap2.c                          0x00000000   Number         0  fdtree.o ABSOLUTE
    ../clib/heapalloc.c                      0x00000000   Number         0  maybetermalloc2.o ABSOLUTE
    ../clib/heapalloc.c                      0x00000000   Number         0  init_alloc.o ABSOLUTE
    ../clib/heapalloc.c                      0x00000000   Number         0  hguard.o ABSOLUTE
    ../clib/heapalloc.c                      0x00000000   Number         0  free.o ABSOLUTE
    ../clib/heapalloc.c                      0x00000000   Number         0  maybetermalloc2.o ABSOLUTE
    ../clib/heapalloc.c                      0x00000000   Number         0  maybetermalloc1.o ABSOLUTE
    ../clib/heapalloc.c                      0x00000000   Number         0  malloc.o ABSOLUTE
    ../clib/heapalloc.c                      0x00000000   Number         0  term_alloc.o ABSOLUTE
    ../clib/heapalloc.c                      0x00000000   Number         0  hrguard.o ABSOLUTE
    ../clib/heapalloc.c                      0x00000000   Number         0  maybetermalloc1.o ABSOLUTE
    ../clib/heapalloc.c                      0x00000000   Number         0  heapstubs.o ABSOLUTE
    ../clib/heapaux.c                        0x00000000   Number         0  heapauxa.o ABSOLUTE
    ../clib/heapaux.c                        0x00000000   Number         0  heapauxi.o ABSOLUTE
    ../clib/libinit.s                        0x00000000   Number         0  libinit2.o ABSOLUTE
    ../clib/libinit.s                        0x00000000   Number         0  libshutdown2.o ABSOLUTE
    ../clib/libinit.s                        0x00000000   Number         0  libshutdown.o ABSOLUTE
    ../clib/libinit.s                        0x00000000   Number         0  libinit.o ABSOLUTE
    ../clib/memcpset.s                       0x00000000   Number         0  rt_memcpy_w.o ABSOLUTE
    ../clib/memcpset.s                       0x00000000   Number         0  rt_memcpy_v6.o ABSOLUTE
    ../clib/memcpset.s                       0x00000000   Number         0  rt_memclr_w.o ABSOLUTE
    ../clib/memcpset.s                       0x00000000   Number         0  strcmpv7m.o ABSOLUTE
    ../clib/printf.c                         0x00000000   Number         0  __2printf.o ABSOLUTE
    ../clib/printf.c                         0x00000000   Number         0  __printf_flags_ss_wp.o ABSOLUTE
    ../clib/printf.c                         0x00000000   Number         0  _printf_intcommon.o ABSOLUTE
    ../clib/printf.c                         0x00000000   Number         0  _printf_char_common.o ABSOLUTE
    ../clib/printf.c                         0x00000000   Number         0  _sputc.o ABSOLUTE
    ../clib/printf.c                         0x00000000   Number         0  _printf_char.o ABSOLUTE
    ../clib/printf.c                         0x00000000   Number         0  _printf_char_file.o ABSOLUTE
    ../clib/printf.c                         0x00000000   Number         0  noretval__2sprintf.o ABSOLUTE
    ../clib/printf.c                         0x00000000   Number         0  __printf.o ABSOLUTE
    ../clib/printf.c                         0x00000000   Number         0  _printf_str.o ABSOLUTE
    ../clib/printf.c                         0x00000000   Number         0  _printf_dec.o ABSOLUTE
    ../clib/printf.c                         0x00000000   Number         0  __printf_flags.o ABSOLUTE
    ../clib/printf.c                         0x00000000   Number         0  __printf_flags_ss.o ABSOLUTE
    ../clib/printf.c                         0x00000000   Number         0  __printf_wp.o ABSOLUTE
    ../clib/printf.c                         0x00000000   Number         0  __printf_flags_wp.o ABSOLUTE
    ../clib/printf.c                         0x00000000   Number         0  __printf_ss_wp.o ABSOLUTE
    ../clib/printf.c                         0x00000000   Number         0  _printf_char_file_locked.o ABSOLUTE
    ../clib/printf.c                         0x00000000   Number         0  noretval__2printf.o ABSOLUTE
    ../clib/printf.c                         0x00000000   Number         0  __printf_nopercent.o ABSOLUTE
    ../clib/printf.c                         0x00000000   Number         0  __printf_ss.o ABSOLUTE
    ../clib/printf.c                         0x00000000   Number         0  __2sprintf.o ABSOLUTE
    ../clib/printf_percent.s                 0x00000000   Number         0  _printf_c.o ABSOLUTE
    ../clib/printf_percent.s                 0x00000000   Number         0  _printf_s.o ABSOLUTE
    ../clib/printf_percent.s                 0x00000000   Number         0  _printf_percent_end.o ABSOLUTE
    ../clib/printf_percent.s                 0x00000000   Number         0  _printf_percent.o ABSOLUTE
    ../clib/printf_percent.s                 0x00000000   Number         0  _printf_d.o ABSOLUTE
    ../clib/signal.c                         0x00000000   Number         0  defsig_rtmem_inner.o ABSOLUTE
    ../clib/signal.c                         0x00000000   Number         0  defsig_other.o ABSOLUTE
    ../clib/signal.c                         0x00000000   Number         0  defsig_segv_inner.o ABSOLUTE
    ../clib/signal.c                         0x00000000   Number         0  defsig_cppl_inner.o ABSOLUTE
    ../clib/signal.c                         0x00000000   Number         0  defsig_pvfn_inner.o ABSOLUTE
    ../clib/signal.c                         0x00000000   Number         0  defsig_stak_inner.o ABSOLUTE
    ../clib/signal.c                         0x00000000   Number         0  defsig_fpe_inner.o ABSOLUTE
    ../clib/signal.c                         0x00000000   Number         0  defsig_rtmem_formal.o ABSOLUTE
    ../clib/signal.c                         0x00000000   Number         0  defsig_rtmem_outer.o ABSOLUTE
    ../clib/signal.c                         0x00000000   Number         0  defsig_general.o ABSOLUTE
    ../clib/signal.c                         0x00000000   Number         0  __raise.o ABSOLUTE
    ../clib/signal.c                         0x00000000   Number         0  defsig_rtred_inner.o ABSOLUTE
    ../clib/signal.c                         0x00000000   Number         0  defsig_exit.o ABSOLUTE
    ../clib/signal.c                         0x00000000   Number         0  defsig_rtred_formal.o ABSOLUTE
    ../clib/signal.c                         0x00000000   Number         0  defsig_rtred_outer.o ABSOLUTE
    ../clib/signal.c                         0x00000000   Number         0  defsig_abrt_inner.o ABSOLUTE
    ../clib/signal.s                         0x00000000   Number         0  defsig.o ABSOLUTE
    ../clib/stdio.c                          0x00000000   Number         0  fputc.o ABSOLUTE
    ../clib/stdio.c                          0x00000000   Number         0  ferror.o ABSOLUTE
    ../clib/stdio.c                          0x00000000   Number         0  fflush.o ABSOLUTE
    ../clib/stdio.c                          0x00000000   Number         0  fputs.o ABSOLUTE
    ../clib/stdio.c                          0x00000000   Number         0  ftell.o ABSOLUTE
    ../clib/stdio.c                          0x00000000   Number         0  fputs_locked.o ABSOLUTE
    ../clib/stdio.c                          0x00000000   Number         0  fflush_locked.o ABSOLUTE
    ../clib/stdio.c                          0x00000000   Number         0  fclose.o ABSOLUTE
    ../clib/stdio.c                          0x00000000   Number         0  fopen.o ABSOLUTE
    ../clib/stdio.c                          0x00000000   Number         0  streamlock.o ABSOLUTE
    ../clib/stdio.c                          0x00000000   Number         0  setvbuf.o ABSOLUTE
    ../clib/stdio.c                          0x00000000   Number         0  flsbuf.o ABSOLUTE
    ../clib/stdio.c                          0x00000000   Number         0  fopen_locked.o ABSOLUTE
    ../clib/stdio.c                          0x00000000   Number         0  initio_locked.o ABSOLUTE
    ../clib/stdio.c                          0x00000000   Number         0  setvbuf_locked.o ABSOLUTE
    ../clib/stdio.c                          0x00000000   Number         0  stdio.o ABSOLUTE
    ../clib/stdio.c                          0x00000000   Number         0  fwritefast.o ABSOLUTE
    ../clib/stdio.c                          0x00000000   Number         0  fwritefast_locked.o ABSOLUTE
    ../clib/stdio.c                          0x00000000   Number         0  fseek.o ABSOLUTE
    ../clib/stdio.c                          0x00000000   Number         0  ferror_locked.o ABSOLUTE
    ../clib/stdio.c                          0x00000000   Number         0  stdio_streams.o ABSOLUTE
    ../clib/stdio.c                          0x00000000   Number         0  fputc_locked.o ABSOLUTE
    ../clib/stdio.c                          0x00000000   Number         0  initio.o ABSOLUTE
    ../clib/stdlib.c                         0x00000000   Number         0  exit.o ABSOLUTE
    ../clib/string.c                         0x00000000   Number         0  strlen.o ABSOLUTE
    ../clib/string.c                         0x00000000   Number         0  strncmp.o ABSOLUTE
    ../clib/wchar.c                          0x00000000   Number         0  flsbuf_fwide.o ABSOLUTE
    ../fplib/dcmpi.s                         0x00000000   Number         0  dcmpi.o ABSOLUTE
    ../fplib/ddiv.s                          0x00000000   Number         0  ddiv.o ABSOLUTE
    ../fplib/dfix.s                          0x00000000   Number         0  dfix.o ABSOLUTE
    ../fplib/dfixu.s                         0x00000000   Number         0  dfixu.o ABSOLUTE
    ../fplib/dflt.s                          0x00000000   Number         0  dflt_clz.o ABSOLUTE
    ../fplib/dleqf.s                         0x00000000   Number         0  dleqf.o ABSOLUTE
    ../fplib/dmul.s                          0x00000000   Number         0  dmul.o ABSOLUTE
    ../fplib/dnaninf.s                       0x00000000   Number         0  dnaninf.o ABSOLUTE
    ../fplib/dretinf.s                       0x00000000   Number         0  dretinf.o ABSOLUTE
    ../fplib/dsqrt.s                         0x00000000   Number         0  dsqrt_umaal.o ABSOLUTE
    ../fplib/fpinit.s                        0x00000000   Number         0  fpinit.o ABSOLUTE
    ../fplib/usenofp.s                       0x00000000   Number         0  usenofp.o ABSOLUTE
    ../mathlib/sqrt.c                        0x00000000   Number         0  sqrt.o ABSOLUTE
    ../mathlib/sqrt.c                        0x00000000   Number         0  sqrt_x.o ABSOLUTE
    Filter.c                                 0x00000000   Number         0  filter.o ABSOLUTE
    Interpreter.c                            0x00000000   Number         0  interpreter.o ABSOLUTE
    OS.c                                     0x00000000   Number         0  os.o ABSOLUTE
    PLL.c                                    0x00000000   Number         0  pll.o ABSOLUTE
    SDCTestMain.c                            0x00000000   Number         0  sdctestmain.o ABSOLUTE
    SysTick.c                                0x00000000   Number         0  systick.o ABSOLUTE
    UART2.c                                  0x00000000   Number         0  uart2.o ABSOLUTE
    adc.c                                    0x00000000   Number         0  adc.o ABSOLUTE
    cr4_fft_64_stm32.s                       0x00000000   Number         0  cr4_fft_64_stm32.o ABSOLUTE
    dc.s                                     0x00000000   Number         0  dc.o ABSOLUTE
    eDisk.c                                  0x00000000   Number         0  edisk.o ABSOLUTE
    efile.c                                  0x00000000   Number         0  efile.o ABSOLUTE
    osasm.s                                  0x00000000   Number         0  osasm.o ABSOLUTE
    startup.s                                0x00000000   Number         0  startup.o ABSOLUTE
    !!!main                                  0x00000284   Section        8  __main.o(!!!main)
    !!!scatter                               0x0000028c   Section       52  __scatter.o(!!!scatter)
    !!dczerorl2                              0x000002c0   Section       90  __dczerorl2.o(!!dczerorl2)
    !!handler_zi                             0x0000031c   Section       28  __scatter_zi.o(!!handler_zi)
    .ARM.Collect$$libinit$$00000000          0x00000338   Section        2  libinit.o(.ARM.Collect$$libinit$$00000000)
    .ARM.Collect$$libinit$$00000002          0x0000033a   Section        0  libinit2.o(.ARM.Collect$$libinit$$00000002)
    .ARM.Collect$$libinit$$00000008          0x0000033a   Section        0  libinit2.o(.ARM.Collect$$libinit$$00000008)
    .ARM.Collect$$libinit$$0000000A          0x0000033a   Section        0  libinit2.o(.ARM.Collect$$libinit$$0000000A)
    .ARM.Collect$$libinit$$0000000C          0x0000033a   Section        0  libinit2.o(.ARM.Collect$$libinit$$0000000C)
    .ARM.Collect$$libinit$$0000000F          0x0000033a   Section        0  libinit2.o(.ARM.Collect$$libinit$$0000000F)
    .ARM.Collect$$libinit$$00000011          0x0000033a   Section        0  libinit2.o(.ARM.Collect$$libinit$$00000011)
    .ARM.Collect$$libinit$$00000013          0x0000033a   Section        0  libinit2.o(.ARM.Collect$$libinit$$00000013)
    .ARM.Collect$$libinit$$00000015          0x0000033a   Section        0  libinit2.o(.ARM.Collect$$libinit$$00000015)
    .ARM.Collect$$libinit$$00000017          0x0000033a   Section        0  libinit2.o(.ARM.Collect$$libinit$$00000017)
    .ARM.Collect$$libinit$$00000019          0x0000033a   Section        0  libinit2.o(.ARM.Collect$$libinit$$00000019)
    .ARM.Collect$$libinit$$0000001B          0x0000033a   Section        0  libinit2.o(.ARM.Collect$$libinit$$0000001B)
    .ARM.Collect$$libinit$$0000001D          0x0000033a   Section        0  libinit2.o(.ARM.Collect$$libinit$$0000001D)
    .ARM.Collect$$libinit$$0000001F          0x0000033a   Section        0  libinit2.o(.ARM.Collect$$libinit$$0000001F)
    .ARM.Collect$$libinit$$00000021          0x0000033a   Section        0  libinit2.o(.ARM.Collect$$libinit$$00000021)
    .ARM.Collect$$libinit$$00000023          0x0000033a   Section        0  libinit2.o(.ARM.Collect$$libinit$$00000023)
    .ARM.Collect$$libinit$$0000002A          0x0000033a   Section        0  libinit2.o(.ARM.Collect$$libinit$$0000002A)
    .ARM.Collect$$libinit$$0000002C          0x0000033a   Section        0  libinit2.o(.ARM.Collect$$libinit$$0000002C)
    .ARM.Collect$$libinit$$0000002E          0x0000033a   Section        0  libinit2.o(.ARM.Collect$$libinit$$0000002E)
    .ARM.Collect$$libinit$$00000030          0x0000033a   Section        0  libinit2.o(.ARM.Collect$$libinit$$00000030)
    .ARM.Collect$$libinit$$00000031          0x0000033a   Section        2  libinit2.o(.ARM.Collect$$libinit$$00000031)
    .ARM.Collect$$libshutdown$$00000000      0x0000033c   Section        2  libshutdown.o(.ARM.Collect$$libshutdown$$00000000)
    .ARM.Collect$$libshutdown$$00000003      0x0000033e   Section        0  libshutdown2.o(.ARM.Collect$$libshutdown$$00000003)
    .ARM.Collect$$libshutdown$$00000006      0x0000033e   Section        0  libshutdown2.o(.ARM.Collect$$libshutdown$$00000006)
    .ARM.Collect$$libshutdown$$00000009      0x0000033e   Section        0  libshutdown2.o(.ARM.Collect$$libshutdown$$00000009)
    .ARM.Collect$$libshutdown$$0000000B      0x0000033e   Section        0  libshutdown2.o(.ARM.Collect$$libshutdown$$0000000B)
    .ARM.Collect$$libshutdown$$0000000E      0x0000033e   Section        0  libshutdown2.o(.ARM.Collect$$libshutdown$$0000000E)
    .ARM.Collect$$libshutdown$$0000000F      0x0000033e   Section        2  libshutdown2.o(.ARM.Collect$$libshutdown$$0000000F)
    .ARM.Collect$$rtentry$$00000000          0x00000340   Section        0  rtentry.o(.ARM.Collect$$rtentry$$00000000)
    .ARM.Collect$$rtentry$$00000002          0x00000340   Section        0  rtentry2.o(.ARM.Collect$$rtentry$$00000002)
    .ARM.Collect$$rtentry$$00000004          0x00000340   Section        6  rtentry4.o(.ARM.Collect$$rtentry$$00000004)
    .ARM.Collect$$rtentry$$00000009          0x00000346   Section        0  rtentry2.o(.ARM.Collect$$rtentry$$00000009)
    .ARM.Collect$$rtentry$$0000000A          0x00000346   Section        4  rtentry2.o(.ARM.Collect$$rtentry$$0000000A)
    .ARM.Collect$$rtentry$$0000000C          0x0000034a   Section        0  rtentry2.o(.ARM.Collect$$rtentry$$0000000C)
    .ARM.Collect$$rtentry$$0000000D          0x0000034a   Section        8  rtentry2.o(.ARM.Collect$$rtentry$$0000000D)
    .ARM.Collect$$rtexit$$00000000           0x00000352   Section        2  rtexit.o(.ARM.Collect$$rtexit$$00000000)
    .ARM.Collect$$rtexit$$00000002           0x00000354   Section        0  rtexit2.o(.ARM.Collect$$rtexit$$00000002)
    .ARM.Collect$$rtexit$$00000003           0x00000354   Section        4  rtexit2.o(.ARM.Collect$$rtexit$$00000003)
    .ARM.Collect$$rtexit$$00000004           0x00000358   Section        6  rtexit2.o(.ARM.Collect$$rtexit$$00000004)
    .text                                    0x00000360   Section       48  startup.o(.text)
    .text                                    0x00000390   Section       84  osasm.o(.text)
    .text                                    0x000003e4   Section        0  strlen.o(.text)
    .text                                    0x00000424   Section      128  strcmpv7m.o(.text)
    .text                                    0x000004a4   Section        0  heapauxi.o(.text)
    .text                                    0x000004ac   Section        8  libspace.o(.text)
    .text                                    0x000004b4   Section       74  sys_stackheap_outer.o(.text)
    .text                                    0x000004fe   Section        0  exit.o(.text)
    .text                                    0x0000050a   Section        2  use_no_semi.o(.text)
    .text                                    0x0000050c   Section        0  sys_exit.o(.text)
    .text                                    0x0000050c   Section        0  indicate_semi.o(.text)
    i.ADC0Seq3_Handler                       0x00000518   Section        0  adc.o(i.ADC0Seq3_Handler)
    i.CS_Init                                0x0000053c   Section        0  edisk.o(i.CS_Init)
    i.DESELECT                               0x000005f0   Section        0  edisk.o(i.DESELECT)
    DESELECT                                 0x000005f1   Thumb Code     8  edisk.o(i.DESELECT)
    i.DebounceTaskPF0                        0x000005fc   Section        0  os.o(i.DebounceTaskPF0)
    DebounceTaskPF0                          0x000005fd   Thumb Code    44  os.o(i.DebounceTaskPF0)
    i.DebounceTaskPF4                        0x00000634   Section        0  os.o(i.DebounceTaskPF4)
    DebounceTaskPF4                          0x00000635   Thumb Code    44  os.o(i.DebounceTaskPF4)
    i.GPIOPortF_Handler                      0x0000066c   Section        0  os.o(i.GPIOPortF_Handler)
    i.IdleTask                               0x000006f0   Section        0  sdctestmain.o(i.IdleTask)
    i.MakeTxSSI                              0x00000704   Section        0  edisk.o(i.MakeTxSSI)
    i.MakeTxhigh                             0x0000072c   Section        0  edisk.o(i.MakeTxhigh)
    i.OS_AddPeriodicThread                   0x00000764   Section        0  os.o(i.OS_AddPeriodicThread)
    i.OS_AddThread                           0x000008a4   Section        0  os.o(i.OS_AddThread)
    i.OS_Init                                0x00000a0c   Section        0  os.o(i.OS_Init)
    i.OS_Kill                                0x00000a98   Section        0  os.o(i.OS_Kill)
    i.OS_Launch                              0x00000b08   Section        0  os.o(i.OS_Launch)
    i.OS_Sleep                               0x00000b30   Section        0  os.o(i.OS_Sleep)
    i.OS_Suspend                             0x00000c58   Section        0  os.o(i.OS_Suspend)
    i.PLL_Init                               0x00000c74   Section        0  pll.o(i.PLL_Init)
    i.PortE_Init                             0x00000cf0   Section        0  os.o(i.PortE_Init)
    i.PortF_Init                             0x00000d60   Section        0  os.o(i.PortF_Init)
    i.RxFifo_Init                            0x00000dd0   Section        0  uart2.o(i.RxFifo_Init)
    i.RxFifo_Put                             0x00000df4   Section        0  uart2.o(i.RxFifo_Put)
    i.RxFifo_Size                            0x00000e30   Section        0  uart2.o(i.RxFifo_Size)
    i.SELECT                                 0x00000e48   Section        0  edisk.o(i.SELECT)
    SELECT                                   0x00000e49   Thumb Code     8  edisk.o(i.SELECT)
    i.SSI0_Init                              0x00000e54   Section        0  edisk.o(i.SSI0_Init)
    i.SSI0_Out                               0x00000f68   Section        0  edisk.o(i.SSI0_Out)
    i.SetInitialStack                        0x00000f94   Section        0  os.o(i.SetInitialStack)
    i.SysClock_Init                          0x00001080   Section        0  os.o(i.SysClock_Init)
    i.SysTick_Handler                        0x000010ec   Section        0  systick.o(i.SysTick_Handler)
    i.TestFile                               0x00001180   Section        0  sdctestmain.o(i.TestFile)
    i.Timer1A_Handler                        0x00001348   Section        0  os.o(i.Timer1A_Handler)
    i.Timer2A_Handler                        0x0000137c   Section        0  os.o(i.Timer2A_Handler)
    i.Timer5A_Handler                        0x000013b0   Section        0  edisk.o(i.Timer5A_Handler)
    i.TxFifo_Get                             0x000013c4   Section        0  uart2.o(i.TxFifo_Get)
    i.TxFifo_Init                            0x00001400   Section        0  uart2.o(i.TxFifo_Init)
    i.TxFifo_Put                             0x00001424   Section        0  uart2.o(i.TxFifo_Put)
    i.TxFifo_Size                            0x00001460   Section        0  uart2.o(i.TxFifo_Size)
    i.UART0_Handler                          0x00001478   Section        0  uart2.o(i.UART0_Handler)
    i.UART_Init                              0x000014d0   Section        0  uart2.o(i.UART_Init)
    i.UART_OutChar                           0x0000159c   Section        0  uart2.o(i.UART_OutChar)
    i.UART_OutString                         0x000015d0   Section        0  uart2.o(i.UART_OutString)
    i.UART_OutUDec                           0x000015e6   Section        0  uart2.o(i.UART_OutUDec)
    i.WakeUp                                 0x00001610   Section        0  systick.o(i.WakeUp)
    i.copyHardwareToSoftware                 0x00001758   Section        0  uart2.o(i.copyHardwareToSoftware)
    copyHardwareToSoftware                   0x00001759   Thumb Code    42  uart2.o(i.copyHardwareToSoftware)
    i.copySoftwareToHardware                 0x00001788   Section        0  uart2.o(i.copySoftwareToHardware)
    copySoftwareToHardware                   0x00001789   Thumb Code    38  uart2.o(i.copySoftwareToHardware)
    i.diskError                              0x000017b4   Section        0  sdctestmain.o(i.diskError)
    i.disk_timerproc                         0x000017e8   Section        0  edisk.o(i.disk_timerproc)
    i.eDisk_Init                             0x00001814   Section        0  edisk.o(i.eDisk_Init)
    i.eDisk_Read                             0x00001980   Section        0  edisk.o(i.eDisk_Read)
    i.eDisk_ReadBlock                        0x00001a1c   Section        0  edisk.o(i.eDisk_ReadBlock)
    i.eDisk_Write                            0x00001a30   Section        0  edisk.o(i.eDisk_Write)
    i.eDisk_WriteBlock                       0x00001af4   Section        0  edisk.o(i.eDisk_WriteBlock)
    i.eFile_Create                           0x00001b08   Section        0  efile.o(i.eFile_Create)
    i.eFile_Delete                           0x00001bcc   Section        0  efile.o(i.eFile_Delete)
    i.eFile_Format                           0x00001c58   Section        0  efile.o(i.eFile_Format)
    i.eFile_Init                             0x00001cc4   Section        0  efile.o(i.eFile_Init)
    i.eFile_PrintFileContents                0x00001dcc   Section        0  efile.o(i.eFile_PrintFileContents)
    i.eFile_RClose                           0x00001e00   Section        0  efile.o(i.eFile_RClose)
    i.eFile_ROpen                            0x00001e1c   Section        0  efile.o(i.eFile_ROpen)
    i.eFile_ReadNext                         0x00001ec8   Section        0  efile.o(i.eFile_ReadNext)
    i.eFile_WClose                           0x00001f2c   Section        0  efile.o(i.eFile_WClose)
    i.eFile_WOpen                            0x00001f80   Section        0  efile.o(i.eFile_WOpen)
    i.eFile_Write                            0x00002048   Section        0  efile.o(i.eFile_Write)
    i.findOpenBlock                          0x00002130   Section        0  efile.o(i.findOpenBlock)
    i.init_openThreads                       0x00002164   Section        0  os.o(i.init_openThreads)
    i.main                                   0x00002188   Section        0  sdctestmain.o(i.main)
    i.pop_OpenThreads                        0x000021e4   Section        0  os.o(i.pop_OpenThreads)
    i.power_off                              0x00002210   Section        0  edisk.o(i.power_off)
    power_off                                0x00002211   Thumb Code     8  edisk.o(i.power_off)
    i.power_on                               0x0000221c   Section        0  edisk.o(i.power_on)
    power_on                                 0x0000221d   Thumb Code    20  edisk.o(i.power_on)
    i.push_OpenThreads                       0x00002234   Section        0  os.o(i.push_OpenThreads)
    i.rcvr_datablock                         0x00002258   Section        0  edisk.o(i.rcvr_datablock)
    rcvr_datablock                           0x00002259   Thumb Code    76  edisk.o(i.rcvr_datablock)
    i.rcvr_spi                               0x000022a8   Section        0  edisk.o(i.rcvr_spi)
    rcvr_spi                                 0x000022a9   Thumb Code    38  edisk.o(i.rcvr_spi)
    i.rcvr_spi_m                             0x000022d4   Section        0  edisk.o(i.rcvr_spi_m)
    rcvr_spi_m                               0x000022d5   Thumb Code    12  edisk.o(i.rcvr_spi_m)
    i.send_cmd                               0x000022e0   Section        0  edisk.o(i.send_cmd)
    send_cmd                                 0x000022e1   Thumb Code   112  edisk.o(i.send_cmd)
    i.send_initial_clock_train               0x00002350   Section        0  edisk.o(i.send_initial_clock_train)
    send_initial_clock_train                 0x00002351   Thumb Code    32  edisk.o(i.send_initial_clock_train)
    i.set_max_speed                          0x00002370   Section        0  edisk.o(i.set_max_speed)
    set_max_speed                            0x00002371   Thumb Code    10  edisk.o(i.set_max_speed)
    i.wait_ready                             0x0000237c   Section        0  edisk.o(i.wait_ready)
    wait_ready                               0x0000237d   Thumb Code    36  edisk.o(i.wait_ready)
    i.xmit_datablock                         0x000023a4   Section        0  edisk.o(i.xmit_datablock)
    xmit_datablock                           0x000023a5   Thumb Code    94  edisk.o(i.xmit_datablock)
    i.xmit_spi                               0x00002404   Section        0  edisk.o(i.xmit_spi)
    xmit_spi                                 0x00002405   Thumb Code    38  edisk.o(i.xmit_spi)
    .constdata                               0x00002430   Section      512  efile.o(.constdata)
    .data                                    0x20000000   Section       24  sdctestmain.o(.data)
    .data                                    0x20000018   Section        5  edisk.o(.data)
    Stat                                     0x20000018   Data           1  edisk.o(.data)
    PowerFlag                                0x20000019   Data           1  edisk.o(.data)
    Timer1                                   0x2000001a   Data           1  edisk.o(.data)
    Timer2                                   0x2000001b   Data           1  edisk.o(.data)
    CardType                                 0x2000001c   Data           1  edisk.o(.data)
    .data                                    0x20000020   Section       68  os.o(.data)
    SysTime                                  0x20000020   Data           4  os.o(.data)
    bgThreadNum                              0x20000024   Data           4  os.o(.data)
    LastPF4                                  0x20000054   Data           4  os.o(.data)
    LastPF0                                  0x20000058   Data           4  os.o(.data)
    .data                                    0x20000064   Section       16  uart2.o(.data)
    .data                                    0x20000074   Section        4  adc.o(.data)
    .data                                    0x20000078   Section      532  efile.o(.data)
    FAT                                      0x20000078   Data         512  efile.o(.data)
    .bss                                     0x2000028c   Section     5636  os.o(.bss)
    Fifo                                     0x2000028c   Data         128  os.o(.bss)
    .bss                                     0x20001890   Section      128  uart2.o(.bss)
    RxFifo                                   0x20001890   Data          64  uart2.o(.bss)
    TxFifo                                   0x200018d0   Data          64  uart2.o(.bss)
    .bss                                     0x20001910   Section      824  efile.o(.bss)
    dir                                      0x20001910   Data         800  efile.o(.bss)
    .bss                                     0x20001c48   Section       96  libspace.o(.bss)
    HEAP                                     0x20001ca8   Section        0  startup.o(HEAP)
    STACK                                    0x20001ca8   Section     1024  startup.o(STACK)
    HeapMem                                  0x20001ca8   Data           0  startup.o(HEAP)
    StackMem                                 0x20001ca8   Data           0  startup.o(STACK)

    Global Symbols

    Symbol Name                              Value     Ov Type        Size  Object(Section)

    BuildAttributes$$THM_ISAv4$E$P$D$K$B$S$7EM$PE$A:L22UL41UL21$X:L11$S22US41US21$IEEE1$IW$USESV6$~STKCKD$USESV7$~SHL$OTIME$ROPI$IEEEJ$EBA8$UX$STANDARDLIB$REQ8$PRES8$EABIv2 0x00000000   Number         0  anon$$obj.o ABSOLUTE
    __ARM_use_no_argv                        0x00000000   Number         0  sdctestmain.o ABSOLUTE
    __Vectors                                0x00000000   Data           0  startup.o(RESET)
    __ARM_exceptions_init                     - Undefined Weak Reference
    __alloca_initialize                       - Undefined Weak Reference
    __cpp_initialize__aeabi_                  - Undefined Weak Reference
    __cxa_finalize                            - Undefined Weak Reference
    __rt_locale                               - Undefined Weak Reference
    __sigvec_lookup                           - Undefined Weak Reference
    __user_heap_extent                        - Undefined Weak Reference
    _atexit_init                              - Undefined Weak Reference
    _call_atexit_fns                          - Undefined Weak Reference
    _clock_init                               - Undefined Weak Reference
    _fp_trap_init                             - Undefined Weak Reference
    _fp_trap_shutdown                         - Undefined Weak Reference
    _get_lc_collate                           - Undefined Weak Reference
    _get_lc_ctype                             - Undefined Weak Reference
    _get_lc_monetary                          - Undefined Weak Reference
    _get_lc_numeric                           - Undefined Weak Reference
    _get_lc_time                              - Undefined Weak Reference
    _getenv_init                              - Undefined Weak Reference
    _handle_redirection                       - Undefined Weak Reference
    _mutex_acquire                            - Undefined Weak Reference
    _mutex_free                               - Undefined Weak Reference
    _mutex_release                            - Undefined Weak Reference
    _printf_mbtowc                            - Undefined Weak Reference
    _printf_post_padding                      - Undefined Weak Reference
    _printf_pre_padding                       - Undefined Weak Reference
    _printf_truncate_signed                   - Undefined Weak Reference
    _printf_truncate_unsigned                 - Undefined Weak Reference
    _rand_init                                - Undefined Weak Reference
    _signal_finish                            - Undefined Weak Reference
    _signal_init                              - Undefined Weak Reference
    Reset_Handler                            0x0000026d   Thumb Code     0  startup.o(RESET)
    NMI_Handler                              0x00000271   Thumb Code     2  startup.o(RESET)
    HardFault_Handler                        0x00000273   Thumb Code     2  startup.o(RESET)
    MemManage_Handler                        0x00000275   Thumb Code     2  startup.o(RESET)
    BusFault_Handler                         0x00000277   Thumb Code     2  startup.o(RESET)
    UsageFault_Handler                       0x00000279   Thumb Code     2  startup.o(RESET)
    SVC_Handler                              0x0000027b   Thumb Code     2  startup.o(RESET)
    DebugMon_Handler                         0x0000027d   Thumb Code     2  startup.o(RESET)
    ADC0Seq0_Handler                         0x00000283   Thumb Code     0  startup.o(RESET)
    ADC0Seq1_Handler                         0x00000283   Thumb Code     0  startup.o(RESET)
    ADC0Seq2_Handler                         0x00000283   Thumb Code     0  startup.o(RESET)
    ADC1Seq0_Handler                         0x00000283   Thumb Code     0  startup.o(RESET)
    ADC1Seq1_Handler                         0x00000283   Thumb Code     0  startup.o(RESET)
    ADC1Seq2_Handler                         0x00000283   Thumb Code     0  startup.o(RESET)
    ADC1Seq3_Handler                         0x00000283   Thumb Code     0  startup.o(RESET)
    CAN0_Handler                             0x00000283   Thumb Code     0  startup.o(RESET)
    CAN1_Handler                             0x00000283   Thumb Code     0  startup.o(RESET)
    CAN2_Handler                             0x00000283   Thumb Code     0  startup.o(RESET)
    Comp0_Handler                            0x00000283   Thumb Code     0  startup.o(RESET)
    Comp1_Handler                            0x00000283   Thumb Code     0  startup.o(RESET)
    Comp2_Handler                            0x00000283   Thumb Code     0  startup.o(RESET)
    Ethernet_Handler                         0x00000283   Thumb Code     0  startup.o(RESET)
    ExtBus_Handler                           0x00000283   Thumb Code     0  startup.o(RESET)
    FPU_Handler                              0x00000283   Thumb Code     0  startup.o(RESET)
    Fan0_Handler                             0x00000283   Thumb Code     0  startup.o(RESET)
    FlashCtl_Handler                         0x00000283   Thumb Code     0  startup.o(RESET)
    GPIOPortA_Handler                        0x00000283   Thumb Code     0  startup.o(RESET)
    GPIOPortB_Handler                        0x00000283   Thumb Code     0  startup.o(RESET)
    GPIOPortC_Handler                        0x00000283   Thumb Code     0  startup.o(RESET)
    GPIOPortD_Handler                        0x00000283   Thumb Code     0  startup.o(RESET)
    GPIOPortE_Handler                        0x00000283   Thumb Code     0  startup.o(RESET)
    GPIOPortG_Handler                        0x00000283   Thumb Code     0  startup.o(RESET)
    GPIOPortH_Handler                        0x00000283   Thumb Code     0  startup.o(RESET)
    GPIOPortJ_Handler                        0x00000283   Thumb Code     0  startup.o(RESET)
    GPIOPortK_Handler                        0x00000283   Thumb Code     0  startup.o(RESET)
    GPIOPortL_Handler                        0x00000283   Thumb Code     0  startup.o(RESET)
    GPIOPortM_Handler                        0x00000283   Thumb Code     0  startup.o(RESET)
    GPIOPortN_Handler                        0x00000283   Thumb Code     0  startup.o(RESET)
    GPIOPortP1_Handler                       0x00000283   Thumb Code     0  startup.o(RESET)
    GPIOPortP2_Handler                       0x00000283   Thumb Code     0  startup.o(RESET)
    GPIOPortP3_Handler                       0x00000283   Thumb Code     0  startup.o(RESET)
    GPIOPortP4_Handler                       0x00000283   Thumb Code     0  startup.o(RESET)
    GPIOPortP5_Handler                       0x00000283   Thumb Code     0  startup.o(RESET)
    GPIOPortP6_Handler                       0x00000283   Thumb Code     0  startup.o(RESET)
    GPIOPortP7_Handler                       0x00000283   Thumb Code     0  startup.o(RESET)
    GPIOPortP_Handler                        0x00000283   Thumb Code     0  startup.o(RESET)
    GPIOPortQ1_Handler                       0x00000283   Thumb Code     0  startup.o(RESET)
    GPIOPortQ2_Handler                       0x00000283   Thumb Code     0  startup.o(RESET)
    GPIOPortQ3_Handler                       0x00000283   Thumb Code     0  startup.o(RESET)
    GPIOPortQ4_Handler                       0x00000283   Thumb Code     0  startup.o(RESET)
    GPIOPortQ5_Handler                       0x00000283   Thumb Code     0  startup.o(RESET)
    GPIOPortQ6_Handler                       0x00000283   Thumb Code     0  startup.o(RESET)
    GPIOPortQ7_Handler                       0x00000283   Thumb Code     0  startup.o(RESET)
    GPIOPortQ_Handler                        0x00000283   Thumb Code     0  startup.o(RESET)
    GPIOPortR_Handler                        0x00000283   Thumb Code     0  startup.o(RESET)
    GPIOPortS_Handler                        0x00000283   Thumb Code     0  startup.o(RESET)
    Hibernate_Handler                        0x00000283   Thumb Code     0  startup.o(RESET)
    I2C0_Handler                             0x00000283   Thumb Code     0  startup.o(RESET)
    I2C1_Handler                             0x00000283   Thumb Code     0  startup.o(RESET)
    I2C2_Handler                             0x00000283   Thumb Code     0  startup.o(RESET)
    I2C3_Handler                             0x00000283   Thumb Code     0  startup.o(RESET)
    I2C4_Handler                             0x00000283   Thumb Code     0  startup.o(RESET)
    I2C5_Handler                             0x00000283   Thumb Code     0  startup.o(RESET)
    I2S0_Handler                             0x00000283   Thumb Code     0  startup.o(RESET)
    LPC0_Handler                             0x00000283   Thumb Code     0  startup.o(RESET)
    PECI0_Handler                            0x00000283   Thumb Code     0  startup.o(RESET)
    PWM0Fault_Handler                        0x00000283   Thumb Code     0  startup.o(RESET)
    PWM0Generator0_Handler                   0x00000283   Thumb Code     0  startup.o(RESET)
    PWM0Generator1_Handler                   0x00000283   Thumb Code     0  startup.o(RESET)
    PWM0Generator2_Handler                   0x00000283   Thumb Code     0  startup.o(RESET)
    PWM0Generator3_Handler                   0x00000283   Thumb Code     0  startup.o(RESET)
    PWM1Fault_Handler                        0x00000283   Thumb Code     0  startup.o(RESET)
    PWM1Generator0_Handler                   0x00000283   Thumb Code     0  startup.o(RESET)
    PWM1Generator1_Handler                   0x00000283   Thumb Code     0  startup.o(RESET)
    PWM1Generator2_Handler                   0x00000283   Thumb Code     0  startup.o(RESET)
    PWM1Generator3_Handler                   0x00000283   Thumb Code     0  startup.o(RESET)
    Quadrature0_Handler                      0x00000283   Thumb Code     0  startup.o(RESET)
    Quadrature1_Handler                      0x00000283   Thumb Code     0  startup.o(RESET)
    Quadrature2_Handler                      0x00000283   Thumb Code     0  startup.o(RESET)
    SSI0_Handler                             0x00000283   Thumb Code     0  startup.o(RESET)
    SSI1_Handler                             0x00000283   Thumb Code     0  startup.o(RESET)
    SSI2_Handler                             0x00000283   Thumb Code     0  startup.o(RESET)
    SSI3_Handler                             0x00000283   Thumb Code     0  startup.o(RESET)
    SysCtl_Handler                           0x00000283   Thumb Code     0  startup.o(RESET)
    Timer0A_Handler                          0x00000283   Thumb Code     0  startup.o(RESET)
    Timer0B_Handler                          0x00000283   Thumb Code     0  startup.o(RESET)
    Timer1B_Handler                          0x00000283   Thumb Code     0  startup.o(RESET)
    Timer2B_Handler                          0x00000283   Thumb Code     0  startup.o(RESET)
    Timer3A_Handler                          0x00000283   Thumb Code     0  startup.o(RESET)
    Timer3B_Handler                          0x00000283   Thumb Code     0  startup.o(RESET)
    Timer4A_Handler                          0x00000283   Thumb Code     0  startup.o(RESET)
    Timer4B_Handler                          0x00000283   Thumb Code     0  startup.o(RESET)
    Timer5B_Handler                          0x00000283   Thumb Code     0  startup.o(RESET)
    UART1_Handler                            0x00000283   Thumb Code     0  startup.o(RESET)
    UART2_Handler                            0x00000283   Thumb Code     0  startup.o(RESET)
    UART3_Handler                            0x00000283   Thumb Code     0  startup.o(RESET)
    UART4_Handler                            0x00000283   Thumb Code     0  startup.o(RESET)
    UART5_Handler                            0x00000283   Thumb Code     0  startup.o(RESET)
    UART6_Handler                            0x00000283   Thumb Code     0  startup.o(RESET)
    UART7_Handler                            0x00000283   Thumb Code     0  startup.o(RESET)
    USB0_Handler                             0x00000283   Thumb Code     0  startup.o(RESET)
    WDT_Handler                              0x00000283   Thumb Code     0  startup.o(RESET)
    WideTimer0A_Handler                      0x00000283   Thumb Code     0  startup.o(RESET)
    WideTimer0B_Handler                      0x00000283   Thumb Code     0  startup.o(RESET)
    WideTimer1A_Handler                      0x00000283   Thumb Code     0  startup.o(RESET)
    WideTimer1B_Handler                      0x00000283   Thumb Code     0  startup.o(RESET)
    WideTimer2A_Handler                      0x00000283   Thumb Code     0  startup.o(RESET)
    WideTimer2B_Handler                      0x00000283   Thumb Code     0  startup.o(RESET)
    WideTimer3A_Handler                      0x00000283   Thumb Code     0  startup.o(RESET)
    WideTimer3B_Handler                      0x00000283   Thumb Code     0  startup.o(RESET)
    WideTimer4A_Handler                      0x00000283   Thumb Code     0  startup.o(RESET)
    WideTimer4B_Handler                      0x00000283   Thumb Code     0  startup.o(RESET)
    WideTimer5A_Handler                      0x00000283   Thumb Code     0  startup.o(RESET)
    WideTimer5B_Handler                      0x00000283   Thumb Code     0  startup.o(RESET)
    uDMA_Error                               0x00000283   Thumb Code     0  startup.o(RESET)
    uDMA_Handler                             0x00000283   Thumb Code     0  startup.o(RESET)
    __main                                   0x00000285   Thumb Code     8  __main.o(!!!main)
    __scatterload                            0x0000028d   Thumb Code     0  __scatter.o(!!!scatter)
    __scatterload_rt2                        0x0000028d   Thumb Code    44  __scatter.o(!!!scatter)
    __scatterload_rt2_thumb_only             0x0000028d   Thumb Code     0  __scatter.o(!!!scatter)
    __scatterload_null                       0x0000029b   Thumb Code     0  __scatter.o(!!!scatter)
    __decompress                             0x000002c1   Thumb Code    90  __dczerorl2.o(!!dczerorl2)
    __decompress1                            0x000002c1   Thumb Code     0  __dczerorl2.o(!!dczerorl2)
    __scatterload_zeroinit                   0x0000031d   Thumb Code    28  __scatter_zi.o(!!handler_zi)
    __rt_lib_init                            0x00000339   Thumb Code     0  libinit.o(.ARM.Collect$$libinit$$00000000)
    __rt_lib_init_alloca_1                   0x0000033b   Thumb Code     0  libinit2.o(.ARM.Collect$$libinit$$0000002C)
    __rt_lib_init_argv_1                     0x0000033b   Thumb Code     0  libinit2.o(.ARM.Collect$$libinit$$0000002A)
    __rt_lib_init_atexit_1                   0x0000033b   Thumb Code     0  libinit2.o(.ARM.Collect$$libinit$$00000019)
    __rt_lib_init_clock_1                    0x0000033b   Thumb Code     0  libinit2.o(.ARM.Collect$$libinit$$0000001F)
    __rt_lib_init_cpp_1                      0x0000033b   Thumb Code     0  libinit2.o(.ARM.Collect$$libinit$$00000030)
    __rt_lib_init_exceptions_1               0x0000033b   Thumb Code     0  libinit2.o(.ARM.Collect$$libinit$$0000002E)
    __rt_lib_init_fp_1                       0x0000033b   Thumb Code     0  libinit2.o(.ARM.Collect$$libinit$$00000002)
    __rt_lib_init_fp_trap_1                  0x0000033b   Thumb Code     0  libinit2.o(.ARM.Collect$$libinit$$0000001D)
    __rt_lib_init_getenv_1                   0x0000033b   Thumb Code     0  libinit2.o(.ARM.Collect$$libinit$$00000021)
    __rt_lib_init_heap_1                     0x0000033b   Thumb Code     0  libinit2.o(.ARM.Collect$$libinit$$00000008)
    __rt_lib_init_lc_collate_1               0x0000033b   Thumb Code     0  libinit2.o(.ARM.Collect$$libinit$$0000000F)
    __rt_lib_init_lc_ctype_1                 0x0000033b   Thumb Code     0  libinit2.o(.ARM.Collect$$libinit$$00000011)
    __rt_lib_init_lc_monetary_1              0x0000033b   Thumb Code     0  libinit2.o(.ARM.Collect$$libinit$$00000013)
    __rt_lib_init_lc_numeric_1               0x0000033b   Thumb Code     0  libinit2.o(.ARM.Collect$$libinit$$00000015)
    __rt_lib_init_lc_time_1                  0x0000033b   Thumb Code     0  libinit2.o(.ARM.Collect$$libinit$$00000017)
    __rt_lib_init_rand_1                     0x0000033b   Thumb Code     0  libinit2.o(.ARM.Collect$$libinit$$0000000C)
    __rt_lib_init_return                     0x0000033b   Thumb Code     0  libinit2.o(.ARM.Collect$$libinit$$00000031)
    __rt_lib_init_signal_1                   0x0000033b   Thumb Code     0  libinit2.o(.ARM.Collect$$libinit$$0000001B)
    __rt_lib_init_stdio_1                    0x0000033b   Thumb Code     0  libinit2.o(.ARM.Collect$$libinit$$00000023)
    __rt_lib_init_user_alloc_1               0x0000033b   Thumb Code     0  libinit2.o(.ARM.Collect$$libinit$$0000000A)
    __rt_lib_shutdown                        0x0000033d   Thumb Code     0  libshutdown.o(.ARM.Collect$$libshutdown$$00000000)
    __rt_lib_shutdown_fp_trap_1              0x0000033f   Thumb Code     0  libshutdown2.o(.ARM.Collect$$libshutdown$$00000006)
    __rt_lib_shutdown_heap_1                 0x0000033f   Thumb Code     0  libshutdown2.o(.ARM.Collect$$libshutdown$$0000000E)
    __rt_lib_shutdown_return                 0x0000033f   Thumb Code     0  libshutdown2.o(.ARM.Collect$$libshutdown$$0000000F)
    __rt_lib_shutdown_signal_1               0x0000033f   Thumb Code     0  libshutdown2.o(.ARM.Collect$$libshutdown$$00000009)
    __rt_lib_shutdown_stdio_1                0x0000033f   Thumb Code     0  libshutdown2.o(.ARM.Collect$$libshutdown$$00000003)
    __rt_lib_shutdown_user_alloc_1           0x0000033f   Thumb Code     0  libshutdown2.o(.ARM.Collect$$libshutdown$$0000000B)
    __rt_entry                               0x00000341   Thumb Code     0  rtentry.o(.ARM.Collect$$rtentry$$00000000)
    __rt_entry_presh_1                       0x00000341   Thumb Code     0  rtentry2.o(.ARM.Collect$$rtentry$$00000002)
    __rt_entry_sh                            0x00000341   Thumb Code     0  rtentry4.o(.ARM.Collect$$rtentry$$00000004)
    __rt_entry_li                            0x00000347   Thumb Code     0  rtentry2.o(.ARM.Collect$$rtentry$$0000000A)
    __rt_entry_postsh_1                      0x00000347   Thumb Code     0  rtentry2.o(.ARM.Collect$$rtentry$$00000009)
    __rt_entry_main                          0x0000034b   Thumb Code     0  rtentry2.o(.ARM.Collect$$rtentry$$0000000D)
    __rt_entry_postli_1                      0x0000034b   Thumb Code     0  rtentry2.o(.ARM.Collect$$rtentry$$0000000C)
    __rt_exit                                0x00000353   Thumb Code     0  rtexit.o(.ARM.Collect$$rtexit$$00000000)
    __rt_exit_ls                             0x00000355   Thumb Code     0  rtexit2.o(.ARM.Collect$$rtexit$$00000003)
    __rt_exit_prels_1                        0x00000355   Thumb Code     0  rtexit2.o(.ARM.Collect$$rtexit$$00000002)
    __rt_exit_exit                           0x00000359   Thumb Code     0  rtexit2.o(.ARM.Collect$$rtexit$$00000004)
    DisableInterrupts                        0x00000361   Thumb Code     0  startup.o(.text)
    EnableInterrupts                         0x00000365   Thumb Code     0  startup.o(.text)
    StartCritical                            0x00000369   Thumb Code     0  startup.o(.text)
    EndCritical                              0x00000371   Thumb Code     0  startup.o(.text)
    WaitForInterrupt                         0x00000377   Thumb Code     0  startup.o(.text)
    __user_initial_stackheap                 0x0000037b   Thumb Code     0  startup.o(.text)
    OS_DisableInterrupts                     0x00000391   Thumb Code     0  osasm.o(.text)
    OS_EnableInterrupts                      0x00000395   Thumb Code     0  osasm.o(.text)
    PendSV_Handler                           0x00000399   Thumb Code     0  osasm.o(.text)
    StartOS                                  0x000003bd   Thumb Code     0  osasm.o(.text)
    strlen                                   0x000003e5   Thumb Code    62  strlen.o(.text)
    strcmp                                   0x00000425   Thumb Code   128  strcmpv7m.o(.text)
    __use_two_region_memory                  0x000004a5   Thumb Code     2  heapauxi.o(.text)
    __rt_heap_escrow                         0x000004a7   Thumb Code     2  heapauxi.o(.text)
    __rt_heap_expand                         0x000004a9   Thumb Code     2  heapauxi.o(.text)
    __user_libspace                          0x000004ad   Thumb Code     8  libspace.o(.text)
    __user_perproc_libspace                  0x000004ad   Thumb Code     0  libspace.o(.text)
    __user_perthread_libspace                0x000004ad   Thumb Code     0  libspace.o(.text)
    __user_setup_stackheap                   0x000004b5   Thumb Code    74  sys_stackheap_outer.o(.text)
    exit                                     0x000004ff   Thumb Code    12  exit.o(.text)
    __I$use$semihosting                      0x0000050b   Thumb Code     0  use_no_semi.o(.text)
    __use_no_semihosting_swi                 0x0000050b   Thumb Code     2  use_no_semi.o(.text)
    __semihosting_library_function           0x0000050d   Thumb Code     0  indicate_semi.o(.text)
    _sys_exit                                0x0000050d   Thumb Code     8  sys_exit.o(.text)
    ADC0Seq3_Handler                         0x00000519   Thumb Code    28  adc.o(i.ADC0Seq3_Handler)
    CS_Init                                  0x0000053d   Thumb Code   140  edisk.o(i.CS_Init)
    GPIOPortF_Handler                        0x0000066d   Thumb Code   102  os.o(i.GPIOPortF_Handler)
    IdleTask                                 0x000006f1   Thumb Code    14  sdctestmain.o(i.IdleTask)
    MakeTxSSI                                0x00000705   Thumb Code    30  edisk.o(i.MakeTxSSI)
    MakeTxhigh                               0x0000072d   Thumb Code    42  edisk.o(i.MakeTxhigh)
    OS_AddPeriodicThread                     0x00000765   Thumb Code   286  os.o(i.OS_AddPeriodicThread)
    OS_AddThread                             0x000008a5   Thumb Code   346  os.o(i.OS_AddThread)
    OS_Init                                  0x00000a0d   Thumb Code   112  os.o(i.OS_Init)
    OS_Kill                                  0x00000a99   Thumb Code   100  os.o(i.OS_Kill)
    OS_Launch                                0x00000b09   Thumb Code    30  os.o(i.OS_Launch)
    OS_Sleep                                 0x00000b31   Thumb Code   268  os.o(i.OS_Sleep)
    OS_Suspend                               0x00000c59   Thumb Code    22  os.o(i.OS_Suspend)
    PLL_Init                                 0x00000c75   Thumb Code   118  pll.o(i.PLL_Init)
    PortE_Init                               0x00000cf1   Thumb Code    82  os.o(i.PortE_Init)
    PortF_Init                               0x00000d61   Thumb Code    82  os.o(i.PortF_Init)
    RxFifo_Init                              0x00000dd1   Thumb Code    26  uart2.o(i.RxFifo_Init)
    RxFifo_Put                               0x00000df5   Thumb Code    48  uart2.o(i.RxFifo_Put)
    RxFifo_Size                              0x00000e31   Thumb Code    14  uart2.o(i.RxFifo_Size)
    SSI0_Init                                0x00000e55   Thumb Code   248  edisk.o(i.SSI0_Init)
    SSI0_Out                                 0x00000f69   Thumb Code    38  edisk.o(i.SSI0_Out)
    SetInitialStack                          0x00000f95   Thumb Code   226  os.o(i.SetInitialStack)
    SysClock_Init                            0x00001081   Thumb Code    92  os.o(i.SysClock_Init)
    SysTick_Handler                          0x000010ed   Thumb Code   128  systick.o(i.SysTick_Handler)
    TestFile                                 0x00001181   Thumb Code   248  sdctestmain.o(i.TestFile)
    Timer1A_Handler                          0x00001349   Thumb Code    40  os.o(i.Timer1A_Handler)
    Timer2A_Handler                          0x0000137d   Thumb Code    40  os.o(i.Timer2A_Handler)
    Timer5A_Handler                          0x000013b1   Thumb Code    14  edisk.o(i.Timer5A_Handler)
    TxFifo_Get                               0x000013c5   Thumb Code    46  uart2.o(i.TxFifo_Get)
    TxFifo_Init                              0x00001401   Thumb Code    26  uart2.o(i.TxFifo_Init)
    TxFifo_Put                               0x00001425   Thumb Code    48  uart2.o(i.TxFifo_Put)
    TxFifo_Size                              0x00001461   Thumb Code    14  uart2.o(i.TxFifo_Size)
    UART0_Handler                            0x00001479   Thumb Code    82  uart2.o(i.UART0_Handler)
    UART_Init                                0x000014d1   Thumb Code   176  uart2.o(i.UART_Init)
    UART_OutChar                             0x0000159d   Thumb Code    46  uart2.o(i.UART_OutChar)
    UART_OutString                           0x000015d1   Thumb Code    22  uart2.o(i.UART_OutString)
    UART_OutUDec                             0x000015e7   Thumb Code    42  uart2.o(i.UART_OutUDec)
    WakeUp                                   0x00001611   Thumb Code   314  systick.o(i.WakeUp)
    diskError                                0x000017b5   Thumb Code    36  sdctestmain.o(i.diskError)
    disk_timerproc                           0x000017e9   Thumb Code    34  edisk.o(i.disk_timerproc)
    eDisk_Init                               0x00001815   Thumb Code   352  edisk.o(i.eDisk_Init)
    eDisk_Read                               0x00001981   Thumb Code   146  edisk.o(i.eDisk_Read)
    eDisk_ReadBlock                          0x00001a1d   Thumb Code    20  edisk.o(i.eDisk_ReadBlock)
    eDisk_Write                              0x00001a31   Thumb Code   188  edisk.o(i.eDisk_Write)
    eDisk_WriteBlock                         0x00001af5   Thumb Code    20  edisk.o(i.eDisk_WriteBlock)
    eFile_Create                             0x00001b09   Thumb Code   188  efile.o(i.eFile_Create)
    eFile_Delete                             0x00001bcd   Thumb Code   116  efile.o(i.eFile_Delete)
    eFile_Format                             0x00001c59   Thumb Code    96  efile.o(i.eFile_Format)
    eFile_Init                               0x00001cc5   Thumb Code   148  efile.o(i.eFile_Init)
    eFile_PrintFileContents                  0x00001dcd   Thumb Code    52  efile.o(i.eFile_PrintFileContents)
    eFile_RClose                             0x00001e01   Thumb Code    18  efile.o(i.eFile_RClose)
    eFile_ROpen                              0x00001e1d   Thumb Code   110  efile.o(i.eFile_ROpen)
    eFile_ReadNext                           0x00001ec9   Thumb Code    92  efile.o(i.eFile_ReadNext)
    eFile_WClose                             0x00001f2d   Thumb Code    68  efile.o(i.eFile_WClose)
    eFile_WOpen                              0x00001f81   Thumb Code   136  efile.o(i.eFile_WOpen)
    eFile_Write                              0x00002049   Thumb Code   194  efile.o(i.eFile_Write)
    findOpenBlock                            0x00002131   Thumb Code    48  efile.o(i.findOpenBlock)
    init_openThreads                         0x00002165   Thumb Code    28  os.o(i.init_openThreads)
    main                                     0x00002189   Thumb Code    72  sdctestmain.o(i.main)
    pop_OpenThreads                          0x000021e5   Thumb Code    34  os.o(i.pop_OpenThreads)
    push_OpenThreads                         0x00002235   Thumb Code    26  os.o(i.push_OpenThreads)
    format_disk                              0x00002430   Data         512  efile.o(.constdata)
    Region$$Table$$Base                      0x00002630   Number         0  anon$$obj.o(Region$$Table)
    Region$$Table$$Limit                     0x00002650   Number         0  anon$$obj.o(Region$$Table)
    Idlecount                                0x20000000   Data           4  sdctestmain.o(.data)
    NumCreated                               0x20000004   Data           4  sdctestmain.o(.data)
    NumSamples                               0x20000008   Data           4  sdctestmain.o(.data)
    DataLost                                 0x2000000c   Data           4  sdctestmain.o(.data)
    Running                                  0x20000010   Data           4  sdctestmain.o(.data)
    IntTerm                                  0x20000014   Data           2  sdctestmain.o(.data)
    PrevError                                0x20000016   Data           2  sdctestmain.o(.data)
    PutPt                                    0x20000028   Data           4  os.o(.data)
    GetPt                                    0x2000002c   Data           4  os.o(.data)
    PF4Task                                  0x20000030   Data           4  os.o(.data)
    PF0Task                                  0x20000034   Data           4  os.o(.data)
    PeriodicTask1                            0x20000038   Data           4  os.o(.data)
    PeriodicTask2                            0x2000003c   Data           4  os.o(.data)
    WakeupTask                               0x20000040   Data           4  os.o(.data)
    NumSleeping                              0x20000044   Data           4  os.o(.data)
    RunPt                                    0x20000048   Data           4  os.o(.data)
    SleepPt                                  0x2000004c   Data           4  os.o(.data)
    StartPt                                  0x20000050   Data           4  os.o(.data)
    tempRunPt                                0x2000005c   Data           4  os.o(.data)
    idxOpenThreads                           0x20000060   Data           4  os.o(.data)
    RxPutI                                   0x20000064   Data           4  uart2.o(.data)
    RxGetI                                   0x20000068   Data           4  uart2.o(.data)
    TxPutI                                   0x2000006c   Data           4  uart2.o(.data)
    TxGetI                                   0x20000070   Data           4  uart2.o(.data)
    ADCtask                                  0x20000074   Data           4  adc.o(.data)
    writeBlockNum                            0x20000278   Data           4  efile.o(.data)
    readBlockNum                             0x2000027c   Data           4  efile.o(.data)
    bytesRead                                0x20000280   Data           4  efile.o(.data)
    writeBlock                               0x20000284   Data           4  efile.o(.data)
    readBlock                                0x20000288   Data           4  efile.o(.data)
    tcbs                                     0x2000030c   Data         320  os.o(.bss)
    Stacks                                   0x2000044c   Data        5120  os.o(.bss)
    open_threads                             0x2000184c   Data          40  os.o(.bss)
    mail                                     0x20001874   Data          28  os.o(.bss)
    writer                                   0x20001c30   Data          12  efile.o(.bss)
    reader                                   0x20001c3c   Data          12  efile.o(.bss)
    __libspace_start                         0x20001c48   Data          96  libspace.o(.bss)
    __temporary_stack_top$libspace           0x20001ca8   Data           0  libspace.o(.bss)



==============================================================================

Memory Map of the image

  Image Entry point : 0x0000026d

  Load Region LR_1 (Base: 0x00000000, Size: 0x000028dc, Max: 0xffffffff, ABSOLUTE, COMPRESSED[0x00002660])

    Execution Region ER_RO (Base: 0x00000000, Size: 0x00002650, Max: 0xffffffff, ABSOLUTE)

    Base Addr    Size         Type   Attr      Idx    E Section Name        Object

    0x00000000   0x00000284   Code   RO            3  * RESET               startup.o
    0x00000284   0x00000008   Code   RO         1092  * !!!main             c_w.l(__main.o)
    0x0000028c   0x00000034   Code   RO         1485    !!!scatter          c_w.l(__scatter.o)
    0x000002c0   0x0000005a   Code   RO         1483    !!dczerorl2         c_w.l(__dczerorl2.o)
    0x0000031a   0x00000002   PAD
    0x0000031c   0x0000001c   Code   RO         1487    !!handler_zi        c_w.l(__scatter_zi.o)
    0x00000338   0x00000002   Code   RO         1283    .ARM.Collect$$libinit$$00000000  c_w.l(libinit.o)
    0x0000033a   0x00000000   Code   RO         1285    .ARM.Collect$$libinit$$00000002  c_w.l(libinit2.o)
    0x0000033a   0x00000000   Code   RO         1288    .ARM.Collect$$libinit$$00000008  c_w.l(libinit2.o)
    0x0000033a   0x00000000   Code   RO         1290    .ARM.Collect$$libinit$$0000000A  c_w.l(libinit2.o)
    0x0000033a   0x00000000   Code   RO         1292    .ARM.Collect$$libinit$$0000000C  c_w.l(libinit2.o)
    0x0000033a   0x00000000   Code   RO         1295    .ARM.Collect$$libinit$$0000000F  c_w.l(libinit2.o)
    0x0000033a   0x00000000   Code   RO         1297    .ARM.Collect$$libinit$$00000011  c_w.l(libinit2.o)
    0x0000033a   0x00000000   Code   RO         1299    .ARM.Collect$$libinit$$00000013  c_w.l(libinit2.o)
    0x0000033a   0x00000000   Code   RO         1301    .ARM.Collect$$libinit$$00000015  c_w.l(libinit2.o)
    0x0000033a   0x00000000   Code   RO         1303    .ARM.Collect$$libinit$$00000017  c_w.l(libinit2.o)
    0x0000033a   0x00000000   Code   RO         1305    .ARM.Collect$$libinit$$00000019  c_w.l(libinit2.o)
    0x0000033a   0x00000000   Code   RO         1307    .ARM.Collect$$libinit$$0000001B  c_w.l(libinit2.o)
    0x0000033a   0x00000000   Code   RO         1309    .ARM.Collect$$libinit$$0000001D  c_w.l(libinit2.o)
    0x0000033a   0x00000000   Code   RO         1311    .ARM.Collect$$libinit$$0000001F  c_w.l(libinit2.o)
    0x0000033a   0x00000000   Code   RO         1313    .ARM.Collect$$libinit$$00000021  c_w.l(libinit2.o)
    0x0000033a   0x00000000   Code   RO         1315    .ARM.Collect$$libinit$$00000023  c_w.l(libinit2.o)
    0x0000033a   0x00000000   Code   RO         1319    .ARM.Collect$$libinit$$0000002A  c_w.l(libinit2.o)
    0x0000033a   0x00000000   Code   RO         1321    .ARM.Collect$$libinit$$0000002C  c_w.l(libinit2.o)
    0x0000033a   0x00000000   Code   RO         1323    .ARM.Collect$$libinit$$0000002E  c_w.l(libinit2.o)
    0x0000033a   0x00000000   Code   RO         1325    .ARM.Collect$$libinit$$00000030  c_w.l(libinit2.o)
    0x0000033a   0x00000002   Code   RO         1326    .ARM.Collect$$libinit$$00000031  c_w.l(libinit2.o)
    0x0000033c   0x00000002   Code   RO         1462    .ARM.Collect$$libshutdown$$00000000  c_w.l(libshutdown.o)
    0x0000033e   0x00000000   Code   RO         1329    .ARM.Collect$$libshutdown$$00000003  c_w.l(libshutdown2.o)
    0x0000033e   0x00000000   Code   RO         1332    .ARM.Collect$$libshutdown$$00000006  c_w.l(libshutdown2.o)
    0x0000033e   0x00000000   Code   RO         1335    .ARM.Collect$$libshutdown$$00000009  c_w.l(libshutdown2.o)
    0x0000033e   0x00000000   Code   RO         1337    .ARM.Collect$$libshutdown$$0000000B  c_w.l(libshutdown2.o)
    0x0000033e   0x00000000   Code   RO         1340    .ARM.Collect$$libshutdown$$0000000E  c_w.l(libshutdown2.o)
    0x0000033e   0x00000002   Code   RO         1341    .ARM.Collect$$libshutdown$$0000000F  c_w.l(libshutdown2.o)
    0x00000340   0x00000000   Code   RO         1122    .ARM.Collect$$rtentry$$00000000  c_w.l(rtentry.o)
    0x00000340   0x00000000   Code   RO         1152    .ARM.Collect$$rtentry$$00000002  c_w.l(rtentry2.o)
    0x00000340   0x00000006   Code   RO         1164    .ARM.Collect$$rtentry$$00000004  c_w.l(rtentry4.o)
    0x00000346   0x00000000   Code   RO         1154    .ARM.Collect$$rtentry$$00000009  c_w.l(rtentry2.o)
    0x00000346   0x00000004   Code   RO         1155    .ARM.Collect$$rtentry$$0000000A  c_w.l(rtentry2.o)
    0x0000034a   0x00000000   Code   RO         1157    .ARM.Collect$$rtentry$$0000000C  c_w.l(rtentry2.o)
    0x0000034a   0x00000008   Code   RO         1158    .ARM.Collect$$rtentry$$0000000D  c_w.l(rtentry2.o)
    0x00000352   0x00000002   Code   RO         1347    .ARM.Collect$$rtexit$$00000000  c_w.l(rtexit.o)
    0x00000354   0x00000000   Code   RO         1403    .ARM.Collect$$rtexit$$00000002  c_w.l(rtexit2.o)
    0x00000354   0x00000004   Code   RO         1404    .ARM.Collect$$rtexit$$00000003  c_w.l(rtexit2.o)
    0x00000358   0x00000006   Code   RO         1405    .ARM.Collect$$rtexit$$00000004  c_w.l(rtexit2.o)
    0x0000035e   0x00000002   PAD
    0x00000360   0x00000030   Code   RO            4    .text               startup.o
    0x00000390   0x00000054   Code   RO          554    .text               osasm.o
    0x000003e4   0x0000003e   Code   RO         1084    .text               c_w.l(strlen.o)
    0x00000422   0x00000002   PAD
    0x00000424   0x00000080   Code   RO         1088    .text               c_w.l(strcmpv7m.o)
    0x000004a4   0x00000006   Code   RO         1090    .text               c_w.l(heapauxi.o)
    0x000004aa   0x00000002   PAD
    0x000004ac   0x00000008   Code   RO         1194    .text               c_w.l(libspace.o)
    0x000004b4   0x0000004a   Code   RO         1199    .text               c_w.l(sys_stackheap_outer.o)
    0x000004fe   0x0000000c   Code   RO         1270    .text               c_w.l(exit.o)
    0x0000050a   0x00000002   Code   RO         1344    .text               c_w.l(use_no_semi.o)
    0x0000050c   0x00000000   Code   RO         1346    .text               c_w.l(indicate_semi.o)
    0x0000050c   0x0000000c   Code   RO         1400    .text               c_w.l(sys_exit.o)
    0x00000518   0x00000024   Code   RO          688    i.ADC0Seq3_Handler  adc.o
    0x0000053c   0x000000b4   Code   RO          120    i.CS_Init           edisk.o
    0x000005f0   0x0000000c   Code   RO          121    i.DESELECT          edisk.o
    0x000005fc   0x00000038   Code   RO          312    i.DebounceTaskPF0   os.o
    0x00000634   0x00000038   Code   RO          313    i.DebounceTaskPF4   os.o
    0x0000066c   0x00000084   Code   RO          314    i.GPIOPortF_Handler  os.o
    0x000006f0   0x00000014   Code   RO           14    i.IdleTask          sdctestmain.o
    0x00000704   0x00000028   Code   RO          122    i.MakeTxSSI         edisk.o
    0x0000072c   0x00000038   Code   RO          123    i.MakeTxhigh        edisk.o
    0x00000764   0x00000140   Code   RO          315    i.OS_AddPeriodicThread  os.o
    0x000008a4   0x00000168   Code   RO          318    i.OS_AddThread      os.o
    0x00000a0c   0x0000008c   Code   RO          325    i.OS_Init           os.o
    0x00000a98   0x00000070   Code   RO          327    i.OS_Kill           os.o
    0x00000b08   0x00000028   Code   RO          328    i.OS_Launch         os.o
    0x00000b30   0x00000128   Code   RO          334    i.OS_Sleep          os.o
    0x00000c58   0x0000001c   Code   RO          335    i.OS_Suspend        os.o
    0x00000c74   0x0000007c   Code   RO          297    i.PLL_Init          pll.o
    0x00000cf0   0x00000070   Code   RO          341    i.PortE_Init        os.o
    0x00000d60   0x00000070   Code   RO          342    i.PortF_Init        os.o
    0x00000dd0   0x00000024   Code   RO          558    i.RxFifo_Init       uart2.o
    0x00000df4   0x0000003c   Code   RO          559    i.RxFifo_Put        uart2.o
    0x00000e30   0x00000018   Code   RO          560    i.RxFifo_Size       uart2.o
    0x00000e48   0x0000000c   Code   RO          124    i.SELECT            edisk.o
    0x00000e54   0x00000114   Code   RO          125    i.SSI0_Init         edisk.o
    0x00000f68   0x0000002c   Code   RO          126    i.SSI0_Out          edisk.o
    0x00000f94   0x000000ec   Code   RO          343    i.SetInitialStack   os.o
    0x00001080   0x0000006c   Code   RO          344    i.SysClock_Init     os.o
    0x000010ec   0x00000094   Code   RO         1001    i.SysTick_Handler   systick.o
    0x00001180   0x000001c8   Code   RO           19    i.TestFile          sdctestmain.o
    0x00001348   0x00000034   Code   RO          345    i.Timer1A_Handler   os.o
    0x0000137c   0x00000034   Code   RO          346    i.Timer2A_Handler   os.o
    0x000013b0   0x00000014   Code   RO          127    i.Timer5A_Handler   edisk.o
    0x000013c4   0x0000003c   Code   RO          561    i.TxFifo_Get        uart2.o
    0x00001400   0x00000024   Code   RO          562    i.TxFifo_Init       uart2.o
    0x00001424   0x0000003c   Code   RO          563    i.TxFifo_Put        uart2.o
    0x00001460   0x00000018   Code   RO          564    i.TxFifo_Size       uart2.o
    0x00001478   0x00000058   Code   RO          565    i.UART0_Handler     uart2.o
    0x000014d0   0x000000cc   Code   RO          570    i.UART_Init         uart2.o
    0x0000159c   0x00000034   Code   RO          571    i.UART_OutChar      uart2.o
    0x000015d0   0x00000016   Code   RO          572    i.UART_OutString    uart2.o
    0x000015e6   0x0000002a   Code   RO          573    i.UART_OutUDec      uart2.o
    0x00001610   0x00000148   Code   RO         1006    i.WakeUp            systick.o
    0x00001758   0x00000030   Code   RO          575    i.copyHardwareToSoftware  uart2.o
    0x00001788   0x0000002c   Code   RO          576    i.copySoftwareToHardware  uart2.o
    0x000017b4   0x00000034   Code   RO           20    i.diskError         sdctestmain.o
    0x000017e8   0x0000002c   Code   RO          131    i.disk_timerproc    edisk.o
    0x00001814   0x0000016c   Code   RO          132    i.eDisk_Init        edisk.o
    0x00001980   0x0000009c   Code   RO          133    i.eDisk_Read        edisk.o
    0x00001a1c   0x00000014   Code   RO          134    i.eDisk_ReadBlock   edisk.o
    0x00001a30   0x000000c4   Code   RO          136    i.eDisk_Write       edisk.o
    0x00001af4   0x00000014   Code   RO          137    i.eDisk_WriteBlock  edisk.o
    0x00001b08   0x000000c4   Code   RO          847    i.eFile_Create      efile.o
    0x00001bcc   0x0000008c   Code   RO          848    i.eFile_Delete      efile.o
    0x00001c58   0x0000006c   Code   RO          851    i.eFile_Format      efile.o
    0x00001cc4   0x00000108   Code   RO          852    i.eFile_Init        efile.o
    0x00001dcc   0x00000034   Code   RO          853    i.eFile_PrintFileContents  efile.o
    0x00001e00   0x0000001c   Code   RO          854    i.eFile_RClose      efile.o
    0x00001e1c   0x000000ac   Code   RO          855    i.eFile_ROpen       efile.o
    0x00001ec8   0x00000064   Code   RO          856    i.eFile_ReadNext    efile.o
    0x00001f2c   0x00000054   Code   RO          858    i.eFile_WClose      efile.o
    0x00001f80   0x000000c8   Code   RO          859    i.eFile_WOpen       efile.o
    0x00002048   0x000000e8   Code   RO          860    i.eFile_Write       efile.o
    0x00002130   0x00000034   Code   RO          862    i.findOpenBlock     efile.o
    0x00002164   0x00000024   Code   RO          347    i.init_openThreads  os.o
    0x00002188   0x0000005c   Code   RO           21    i.main              sdctestmain.o
    0x000021e4   0x0000002c   Code   RO          348    i.pop_OpenThreads   os.o
    0x00002210   0x0000000c   Code   RO          139    i.power_off         edisk.o
    0x0000221c   0x00000018   Code   RO          140    i.power_on          edisk.o
    0x00002234   0x00000024   Code   RO          349    i.push_OpenThreads  os.o
    0x00002258   0x00000050   Code   RO          141    i.rcvr_datablock    edisk.o
    0x000022a8   0x0000002c   Code   RO          142    i.rcvr_spi          edisk.o
    0x000022d4   0x0000000c   Code   RO          143    i.rcvr_spi_m        edisk.o
    0x000022e0   0x00000070   Code   RO          144    i.send_cmd          edisk.o
    0x00002350   0x00000020   Code   RO          145    i.send_initial_clock_train  edisk.o
    0x00002370   0x0000000a   Code   RO          146    i.set_max_speed     edisk.o
    0x0000237a   0x00000002   PAD
    0x0000237c   0x00000028   Code   RO          147    i.wait_ready        edisk.o
    0x000023a4   0x0000005e   Code   RO          148    i.xmit_datablock    edisk.o
    0x00002402   0x00000002   PAD
    0x00002404   0x0000002c   Code   RO          149    i.xmit_spi          edisk.o
    0x00002430   0x00000200   Data   RO          865    .constdata          efile.o
    0x00002630   0x00000020   Data   RO         1481    Region$$Table       anon$$obj.o


    Execution Region ER_RW (Base: 0x20000000, Size: 0x0000028c, Max: 0xffffffff, ABSOLUTE, COMPRESSED[0x00000010])

    Base Addr    Size         Type   Attr      Idx    E Section Name        Object

    0x20000000   0x00000018   Data   RW           25    .data               sdctestmain.o
    0x20000018   0x00000005   Data   RW          150    .data               edisk.o
    0x2000001d   0x00000003   PAD
    0x20000020   0x00000044   Data   RW          351    .data               os.o
    0x20000064   0x00000010   Data   RW          578    .data               uart2.o
    0x20000074   0x00000004   Data   RW          692    .data               adc.o
    0x20000078   0x00000214   Data   RW          866    .data               efile.o


    Execution Region ER_ZI (Base: 0x2000028c, Size: 0x00001e1c, Max: 0xffffffff, ABSOLUTE)

    Base Addr    Size         Type   Attr      Idx    E Section Name        Object

    0x2000028c   0x00001604   Zero   RW          350    .bss                os.o
    0x20001890   0x00000080   Zero   RW          577    .bss                uart2.o
    0x20001910   0x00000338   Zero   RW          864    .bss                efile.o
    0x20001c48   0x00000060   Zero   RW         1195    .bss                c_w.l(libspace.o)
    0x20001ca8   0x00000000   Zero   RW            2    HEAP                startup.o
    0x20001ca8   0x00000400   Zero   RW            1    STACK               startup.o


==============================================================================

Image component sizes


      Code (inc. data)   RO Data    RW Data    ZI Data      Debug   Object Name

        36          8          0          4          0        921   adc.o
      1944        180          0          5          0      12246   edisk.o
      1628        362        512        532        824       8703   efile.o
      2328        324          0         68       5636      11048   os.o
        84          8          0          0          0        208   osasm.o
       124          6          0          0          0        383   pll.o
       620        250          0         24          0       6457   sdctestmain.o
       692        632          0          0       1024        908   startup.o
       476         34          0          0          0       1099   systick.o
       800        130          0         16        128       8116   uart2.o

    ----------------------------------------------------------------------
      8736       1934        544        652       7612      50089   Object Totals
         0          0         32          0          0          0   (incl. Generated)
         4          0          0          3          0          0   (incl. Padding)

    ----------------------------------------------------------------------

      Code (inc. data)   RO Data    RW Data    ZI Data      Debug   Library Member Name

        90          0          0          0          0          0   __dczerorl2.o
         8          0          0          0          0         68   __main.o
        52          8          0          0          0          0   __scatter.o
        28          0          0          0          0          0   __scatter_zi.o
        12          0          0          0          0         72   exit.o
         6          0          0          0          0        152   heapauxi.o
         0          0          0          0          0          0   indicate_semi.o
         2          0          0          0          0          0   libinit.o
         2          0          0          0          0          0   libinit2.o
         2          0          0          0          0          0   libshutdown.o
         2          0          0          0          0          0   libshutdown2.o
         8          4          0          0         96         68   libspace.o
         0          0          0          0          0          0   rtentry.o
        12          0          0          0          0          0   rtentry2.o
         6          0          0          0          0          0   rtentry4.o
         2          0          0          0          0          0   rtexit.o
        10          0          0          0          0          0   rtexit2.o
       128          0          0          0          0         68   strcmpv7m.o
        62          0          0          0          0         76   strlen.o
        12          4          0          0          0         68   sys_exit.o
        74          0          0          0          0         80   sys_stackheap_outer.o
         2          0          0          0          0         68   use_no_semi.o

    ----------------------------------------------------------------------
       528         16          0          0         96        720   Library Totals
         8          0          0          0          0          0   (incl. Padding)

    ----------------------------------------------------------------------

      Code (inc. data)   RO Data    RW Data    ZI Data      Debug   Library Name

       520         16          0          0         96        720   c_w.l

    ----------------------------------------------------------------------
       528         16          0          0         96        720   Library Totals

    ----------------------------------------------------------------------

==============================================================================


      Code (inc. data)   RO Data    RW Data    ZI Data      Debug   

      9264       1950        544        652       7708      46493   Grand Totals
      9264       1950        544         16       7708      46493   ELF Image Totals (compressed)
      9264       1950        544         16          0          0   ROM Totals

==============================================================================

    Total RO  Size (Code + RO Data)                 9808 (   9.58kB)
    Total RW  Size (RW Data + ZI Data)              8360 (   8.16kB)
    Total ROM Size (Code + RO Data + RW Data)       9824 (   9.59kB)

==============================================================================

