<html>
<body>
<pre>
<h1>µVision Build Log</h1>
<h2>Project:</h2>
C:\Users\Colin\Documents\GitHub\EE445M\SDC_4F120_Lab5\SDC.uvproj
Project File Date:  03/24/2014

<h2>Output:</h2>
Build target 'SDC'
compiling SDCTestMain.c...
SDCTestMain.c(51): warning:  #550-D: variable "voltage" was set but never used
linking...
Program Size: Code=13708 RO-data=608 RW-data=776 ZI-data=9920  
".\SDC.axf" - 0 Errors, 1 Warning(s).
Load "C:\\Users\\Colin\\Documents\\GitHub\\EE445M\\SDC_4F120_Lab5\\SDC.axf" 
Connecting: Mode=JTAG, Speed=1000000Hz
Erase Done.
Programming Done.
Verify OK.
