ARM Linker, 5.03 [Build 76] [MDK-ARM Lite]

==============================================================================

Section Cross References

    startup.o(STACK) refers (Special) to heapauxi.o(.text) for __use_two_region_memory
    startup.o(HEAP) refers (Special) to heapauxi.o(.text) for __use_two_region_memory
    startup.o(RESET) refers (Special) to heapauxi.o(.text) for __use_two_region_memory
    startup.o(RESET) refers to startup.o(STACK) for StackMem
    startup.o(RESET) refers to osasm.o(.text) for PendSV_Handler
    startup.o(RESET) refers to systick.o(i.SysTick_Handler) for SysTick_Handler
    startup.o(RESET) refers to uart2.o(i.UART0_Handler) for UART0_Handler
    startup.o(RESET) refers to adc.o(i.ADC0Seq3_Handler) for ADC0Seq3_Handler
    startup.o(RESET) refers to os.o(i.Timer1A_Handler) for Timer1A_Handler
    startup.o(RESET) refers to os.o(i.Timer2A_Handler) for Timer2A_Handler
    startup.o(RESET) refers to os.o(i.GPIOPortF_Handler) for GPIOPortF_Handler
    startup.o(RESET) refers to __main.o(!!!main) for __main
    startup.o(.text) refers (Special) to heapauxi.o(.text) for __use_two_region_memory
    startup.o(.text) refers to startup.o(HEAP) for HeapMem
    startup.o(.text) refers to startup.o(STACK) for StackMem
    adc.o(i.ADC0Seq3_Handler) refers to adc.o(.data) for ADCtask
    adc.o(i.ADC_Collect) refers to adc.o(.data) for ADCtask
    interpreter.o(i.Interpreter) refers to _printf_percent.o(.ARM.Collect$$_printf_percent$$00000000) for _printf_percent
    interpreter.o(i.Interpreter) refers to _printf_c.o(.ARM.Collect$$_printf_percent$$00000013) for _printf_c
    interpreter.o(i.Interpreter) refers to _printf_str.o(.text) for _printf_str
    interpreter.o(i.Interpreter) refers to noretval__2sprintf.o(.text) for __2sprintf
    interpreter.o(i.Interpreter) refers to st7735.o(i.ST7735_FillScreen) for ST7735_FillScreen
    interpreter.o(i.Interpreter) refers to uart2.o(i.RxFifo_Get) for RxFifo_Get
    interpreter.o(i.Interpreter) refers to interpreter.o(i.sendCommand) for sendCommand
    interpreter.o(i.echo) refers to st7735.o(i.ST7735_DrawStr) for ST7735_DrawStr
    interpreter.o(i.echo) refers to interpreter.o(.data) for y
    interpreter.o(i.findExe) refers to _printf_percent.o(.ARM.Collect$$_printf_percent$$00000000) for _printf_percent
    interpreter.o(i.findExe) refers to _printf_d.o(.ARM.Collect$$_printf_percent$$00000009) for _printf_d
    interpreter.o(i.findExe) refers to _printf_dec.o(.text) for _printf_int_dec
    interpreter.o(i.findExe) refers to interpreter.o(i.echo) for echo
    interpreter.o(i.findExe) refers to os.o(i.OS_bWait) for OS_bWait
    interpreter.o(i.findExe) refers to st7735.o(i.ST7735_FillScreen) for ST7735_FillScreen
    interpreter.o(i.findExe) refers to os.o(i.OS_bSignal) for OS_bSignal
    interpreter.o(i.findExe) refers to osasm.o(.text) for OS_DisableInterrupts
    interpreter.o(i.findExe) refers to st7735.o(i.ST7735_Message) for ST7735_Message
    interpreter.o(i.findExe) refers to noretval__2sprintf.o(.text) for __2sprintf
    interpreter.o(i.findExe) refers to main.o(.bss) for toDisplay
    interpreter.o(i.findExe) refers to main.o(.data) for NumSamples
    interpreter.o(i.findExe) refers to interpreter.o(.data) for idxX
    interpreter.o(i.findExe) refers to interpreter.o(.bss) for buffer
    interpreter.o(i.sendCommand) refers to strlen.o(.text) for strlen
    interpreter.o(i.sendCommand) refers to strncmp.o(.text) for strncmp
    interpreter.o(i.sendCommand) refers to interpreter.o(i.findExe) for findExe
    interpreter.o(i.sendCommand) refers to interpreter.o(.data) for commands
    interpreter.o(.data) refers to interpreter.o(.conststring) for .conststring
    os.o(i.DebounceTaskPF0) refers to os.o(i.OS_Sleep) for OS_Sleep
    os.o(i.DebounceTaskPF0) refers to os.o(i.OS_Kill) for OS_Kill
    os.o(i.DebounceTaskPF0) refers to os.o(.data) for LastPF0
    os.o(i.DebounceTaskPF4) refers to os.o(i.OS_Sleep) for OS_Sleep
    os.o(i.DebounceTaskPF4) refers to os.o(i.OS_Kill) for OS_Kill
    os.o(i.DebounceTaskPF4) refers to os.o(.data) for LastPF4
    os.o(i.GPIOPortF_Handler) refers to os.o(i.OS_AddThread) for OS_AddThread
    os.o(i.GPIOPortF_Handler) refers to os.o(.data) for LastPF4
    os.o(i.GPIOPortF_Handler) refers to os.o(i.DebounceTaskPF4) for DebounceTaskPF4
    os.o(i.GPIOPortF_Handler) refers to main.o(.data) for NumCreated
    os.o(i.GPIOPortF_Handler) refers to os.o(i.DebounceTaskPF0) for DebounceTaskPF0
    os.o(i.OS_AddPeriodicThread) refers to os.o(.data) for bgThreadNum
    os.o(i.OS_AddSW1Task) refers to os.o(.data) for PF4Task
    os.o(i.OS_AddSW2Task) refers to os.o(.data) for PF0Task
    os.o(i.OS_AddThread) refers to os.o(i.pop_OpenThreads) for pop_OpenThreads
    os.o(i.OS_AddThread) refers to startup.o(.text) for StartCritical
    os.o(i.OS_AddThread) refers to os.o(i.push_OpenThreads) for push_OpenThreads
[...]
    main.o(i.testmain2) refers to os.o(i.OS_Launch) for OS_Launch
    main.o(i.testmain2) refers to main.o(i.Thread1b) for Thread1b
    main.o(i.testmain2) refers to main.o(.data) for NumCreated
    main.o(i.testmain2) refers to main.o(i.Thread2b) for Thread2b
    main.o(i.testmain2) refers to main.o(i.Thread3b) for Thread3b
    main.o(i.testmain3) refers to os.o(i.OS_Init) for OS_Init
    main.o(i.testmain3) refers to os.o(i.OS_AddSW1Task) for OS_AddSW1Task
    main.o(i.testmain3) refers to os.o(i.OS_AddThread) for OS_AddThread
    main.o(i.testmain3) refers to os.o(i.OS_Launch) for OS_Launch
    main.o(i.testmain3) refers to main.o(.data) for Count4
    main.o(i.testmain3) refers to main.o(i.BackgroundThread5c) for BackgroundThread5c
    main.o(i.testmain3) refers to main.o(i.Thread2c) for Thread2c
    main.o(i.testmain3) refers to main.o(i.Thread3c) for Thread3c
    main.o(i.testmain3) refers to main.o(i.Thread4c) for Thread4c
    main.o(i.testmain5) refers to os.o(i.OS_Init) for OS_Init
    main.o(i.testmain5) refers to main.o(i.PortE_Init) for PortE_Init
    main.o(i.testmain5) refers to main.o(i.PortF_Init) for PortF_Init
    main.o(i.testmain5) refers to uart2.o(i.UART_Init) for UART_Init
    main.o(i.testmain5) refers to os.o(i.OS_AddThread) for OS_AddThread
    main.o(i.testmain5) refers to os.o(i.OS_AddPeriodicThread) for OS_AddPeriodicThread
    main.o(i.testmain5) refers to os.o(i.OS_AddSW1Task) for OS_AddSW1Task
    main.o(i.testmain5) refers to os.o(i.OS_AddSW2Task) for OS_AddSW2Task
    main.o(i.testmain5) refers to os.o(i.OS_Launch) for OS_Launch
    main.o(i.testmain5) refers to main.o(.data) for NumCreated
    main.o(i.testmain5) refers to main.o(i.Thread6) for Thread6
    main.o(i.testmain5) refers to main.o(i.Thread7) for Thread7
    main.o(i.testmain5) refers to main.o(i.TaskA) for TaskA
    main.o(i.testmain5) refers to main.o(i.TaskB) for TaskB
    main.o(i.testmain5) refers to main.o(i.SW1Push) for SW1Push
    main.o(i.testmain5) refers to main.o(i.SW2Push) for SW2Push
    __2sprintf.o(.text) refers to _printf_char_common.o(.text) for _printf_char_common
    __2sprintf.o(.text) refers to _sputc.o(.text) for _sputc
    noretval__2sprintf.o(.text) refers to _printf_char_common.o(.text) for _printf_char_common
    noretval__2sprintf.o(.text) refers to _sputc.o(.text) for _sputc
    __printf.o(.text) refers to _printf_percent.o(.ARM.Collect$$_printf_percent$$00000000) for _printf_percent
    _printf_str.o(.text) refers (Special) to _printf_char.o(.text) for _printf_cs_common
    _printf_str.o(.text) refers (Weak) to _printf_pad.o(.text) for _printf_pre_padding
    _printf_str.o(.text) refers (Weak) to _printf_pad.o(.text) for _printf_post_padding
    _printf_dec.o(.text) refers to _printf_intcommon.o(.text) for _printf_int_common
    __printf_flags.o(.text) refers to _printf_percent.o(.ARM.Collect$$_printf_percent$$00000000) for _printf_percent
    __printf_flags.o(.text) refers to __printf_flags.o(.constdata) for .constdata
    __printf_ss.o(.text) refers to _printf_percent.o(.ARM.Collect$$_printf_percent$$00000000) for _printf_percent
    __printf_flags_ss.o(.text) refers to _printf_percent.o(.ARM.Collect$$_printf_percent$$00000000) for _printf_percent
    __printf_flags_ss.o(.text) refers to __printf_flags_ss.o(.constdata) for .constdata
    __printf_wp.o(.text) refers to __printf_wp.o(i._is_digit) for _is_digit
    __printf_wp.o(.text) refers to _printf_percent.o(.ARM.Collect$$_printf_percent$$00000000) for _printf_percent
    __printf_flags_wp.o(.text) refers to __printf_wp.o(i._is_digit) for _is_digit
    __printf_flags_wp.o(.text) refers to _printf_percent.o(.ARM.Collect$$_printf_percent$$00000000) for _printf_percent
    __printf_flags_wp.o(.text) refers to __printf_flags_wp.o(.constdata) for .constdata
    __printf_ss_wp.o(.text) refers to __printf_wp.o(i._is_digit) for _is_digit
    __printf_ss_wp.o(.text) refers to _printf_percent.o(.ARM.Collect$$_printf_percent$$00000000) for _printf_percent
    __printf_flags_ss_wp.o(.text) refers to __printf_wp.o(i._is_digit) for _is_digit
    __printf_flags_ss_wp.o(.text) refers to _printf_percent.o(.ARM.Collect$$_printf_percent$$00000000) for _printf_percent
    __printf_flags_ss_wp.o(.text) refers to __printf_flags_ss_wp.o(.constdata) for .constdata
    _printf_c.o(.ARM.Collect$$_printf_percent$$00000013) refers (Weak) to _printf_char.o(.text) for _printf_char
    _printf_d.o(.ARM.Collect$$_printf_percent$$00000009) refers (Weak) to _printf_dec.o(.text) for _printf_int_dec
    _printf_u.o(.ARM.Collect$$_printf_percent$$0000000A) refers (Weak) to _printf_dec.o(.text) for _printf_int_dec
    _printf_percent.o(.ARM.Collect$$_printf_percent$$00000000) refers (Special) to _printf_percent_end.o(.ARM.Collect$$_printf_percent$$00000017) for _printf_percent_end
    __main.o(!!!main) refers to rtentry.o(.ARM.Collect$$rtentry$$00000000) for __rt_entry
    ddiv.o(x$fpl$drdiv) refers (Special) to usenofp.o(x$fpl$usenofp) for __I$use$fp
    ddiv.o(x$fpl$drdiv) refers to ddiv.o(x$fpl$ddiv) for ddiv_entry
    ddiv.o(x$fpl$ddiv) refers (Special) to usenofp.o(x$fpl$usenofp) for __I$use$fp
    ddiv.o(x$fpl$ddiv) refers to dretinf.o(x$fpl$dretinf) for __fpl_dretinf
    ddiv.o(x$fpl$ddiv) refers to dnaninf.o(x$fpl$dnaninf) for __fpl_dnaninf
    dfixu.o(x$fpl$dfixu) refers (Special) to usenofp.o(x$fpl$usenofp) for __I$use$fp
    dfixu.o(x$fpl$dfixu) refers to dnaninf.o(x$fpl$dnaninf) for __fpl_dnaninf
    dfixu.o(x$fpl$dfixur) refers (Special) to usenofp.o(x$fpl$usenofp) for __I$use$fp
    dfixu.o(x$fpl$dfixur) refers to dnaninf.o(x$fpl$dnaninf) for __fpl_dnaninf
    dflt_clz.o(x$fpl$dfltu) refers (Special) to usenofp.o(x$fpl$usenofp) for __I$use$fp
    dflt_clz.o(x$fpl$dflt) refers (Special) to usenofp.o(x$fpl$usenofp) for __I$use$fp
    dflt_clz.o(x$fpl$dfltn) refers (Special) to usenofp.o(x$fpl$usenofp) for __I$use$fp
    dmul.o(x$fpl$dmul) refers (Special) to usenofp.o(x$fpl$usenofp) for __I$use$fp
    dmul.o(x$fpl$dmul) refers to dretinf.o(x$fpl$dretinf) for __fpl_dretinf
    dmul.o(x$fpl$dmul) refers to dnaninf.o(x$fpl$dnaninf) for __fpl_dnaninf
    rtentry.o(.ARM.Collect$$rtentry$$00000000) refers (Special) to rtentry2.o(.ARM.Collect$$rtentry$$0000000A) for __rt_entry_li
    rtentry.o(.ARM.Collect$$rtentry$$00000000) refers (Special) to rtentry2.o(.ARM.Collect$$rtentry$$0000000D) for __rt_entry_main
    rtentry.o(.ARM.Collect$$rtentry$$00000000) refers (Special) to rtentry2.o(.ARM.Collect$$rtentry$$0000000C) for __rt_entry_postli_1
    rtentry.o(.ARM.Collect$$rtentry$$00000000) refers (Special) to rtentry2.o(.ARM.Collect$$rtentry$$00000009) for __rt_entry_postsh_1
    rtentry.o(.ARM.Collect$$rtentry$$00000000) refers (Special) to rtentry2.o(.ARM.Collect$$rtentry$$00000002) for __rt_entry_presh_1
    rtentry.o(.ARM.Collect$$rtentry$$00000000) refers (Special) to rtentry4.o(.ARM.Collect$$rtentry$$00000004) for __rt_entry_sh
    _printf_intcommon.o(.text) refers (Weak) to _printf_pad.o(.text) for _printf_pre_padding
    _printf_intcommon.o(.text) refers (Weak) to _printf_pad.o(.text) for _printf_pre_padding
    _printf_intcommon.o(.text) refers (Weak) to _printf_pad.o(.text) for _printf_post_padding
    _printf_char_common.o(.text) refers to __printf_flags_ss_wp.o(.text) for __printf
    _printf_char.o(.text) refers (Weak) to _printf_str.o(.text) for _printf_str
    dnaninf.o(x$fpl$dnaninf) refers (Special) to usenofp.o(x$fpl$usenofp) for __I$use$fp
    dretinf.o(x$fpl$dretinf) refers (Special) to usenofp.o(x$fpl$usenofp) for __I$use$fp
    rtentry2.o(.ARM.Collect$$rtentry$$00000008) refers to boardinit2.o(.text) for _platform_post_stackheap_init
    rtentry2.o(.ARM.Collect$$rtentry$$0000000A) refers to libinit.o(.ARM.Collect$$libinit$$00000000) for __rt_lib_init
    rtentry2.o(.ARM.Collect$$rtentry$$0000000B) refers to boardinit3.o(.text) for _platform_post_lib_init
    rtentry2.o(.ARM.Collect$$rtentry$$0000000D) refers to main.o(i.main) for main
    rtentry2.o(.ARM.Collect$$rtentry$$0000000D) refers to exit.o(.text) for exit
    rtentry2.o(.ARM.exidx) refers to rtentry2.o(.ARM.Collect$$rtentry$$00000001) for .ARM.Collect$$rtentry$$00000001
    rtentry2.o(.ARM.exidx) refers to rtentry2.o(.ARM.Collect$$rtentry$$00000008) for .ARM.Collect$$rtentry$$00000008
    rtentry2.o(.ARM.exidx) refers to rtentry2.o(.ARM.Collect$$rtentry$$0000000A) for .ARM.Collect$$rtentry$$0000000A
    rtentry2.o(.ARM.exidx) refers to rtentry2.o(.ARM.Collect$$rtentry$$0000000B) for .ARM.Collect$$rtentry$$0000000B
    rtentry2.o(.ARM.exidx) refers to rtentry2.o(.ARM.Collect$$rtentry$$0000000D) for .ARM.Collect$$rtentry$$0000000D
    rtentry4.o(.ARM.Collect$$rtentry$$00000004) refers to sys_stackheap_outer.o(.text) for __user_setup_stackheap
    rtentry4.o(.ARM.exidx) refers to rtentry4.o(.ARM.Collect$$rtentry$$00000004) for .ARM.Collect$$rtentry$$00000004
    sys_stackheap_outer.o(.text) refers to libspace.o(.text) for __user_perproc_libspace
    sys_stackheap_outer.o(.text) refers to startup.o(.text) for __user_initial_stackheap
    exit.o(.text) refers to rtexit.o(.ARM.Collect$$rtexit$$00000000) for __rt_exit
    libinit.o(.ARM.Collect$$libinit$$00000000) refers (Special) to libinit2.o(.ARM.Collect$$libinit$$0000002C) for __rt_lib_init_alloca_1
    libinit.o(.ARM.Collect$$libinit$$00000000) refers (Special) to libinit2.o(.ARM.Collect$$libinit$$0000002A) for __rt_lib_init_argv_1
    libinit.o(.ARM.Collect$$libinit$$00000000) refers (Special) to libinit2.o(.ARM.Collect$$libinit$$00000019) for __rt_lib_init_atexit_1
    libinit.o(.ARM.Collect$$libinit$$00000000) refers (Special) to libinit2.o(.ARM.Collect$$libinit$$0000001F) for __rt_lib_init_clock_1
    libinit.o(.ARM.Collect$$libinit$$00000000) refers (Special) to libinit2.o(.ARM.Collect$$libinit$$00000030) for __rt_lib_init_cpp_1
    libinit.o(.ARM.Collect$$libinit$$00000000) refers (Special) to libinit2.o(.ARM.Collect$$libinit$$0000002E) for __rt_lib_init_exceptions_1
    libinit.o(.ARM.Collect$$libinit$$00000000) refers (Special) to libinit2.o(.ARM.Collect$$libinit$$00000002) for __rt_lib_init_fp_1
    libinit.o(.ARM.Collect$$libinit$$00000000) refers (Special) to libinit2.o(.ARM.Collect$$libinit$$0000001D) for __rt_lib_init_fp_trap_1
    libinit.o(.ARM.Collect$$libinit$$00000000) refers (Special) to libinit2.o(.ARM.Collect$$libinit$$00000021) for __rt_lib_init_getenv_1
    libinit.o(.ARM.Collect$$libinit$$00000000) refers (Special) to libinit2.o(.ARM.Collect$$libinit$$00000008) for __rt_lib_init_heap_1
    libinit.o(.ARM.Collect$$libinit$$00000000) refers (Special) to libinit2.o(.ARM.Collect$$libinit$$0000000F) for __rt_lib_init_lc_collate_1
    libinit.o(.ARM.Collect$$libinit$$00000000) refers (Special) to libinit2.o(.ARM.Collect$$libinit$$00000011) for __rt_lib_init_lc_ctype_1
    libinit.o(.ARM.Collect$$libinit$$00000000) refers (Special) to libinit2.o(.ARM.Collect$$libinit$$00000013) for __rt_lib_init_lc_monetary_1
    libinit.o(.ARM.Collect$$libinit$$00000000) refers (Special) to libinit2.o(.ARM.Collect$$libinit$$00000015) for __rt_lib_init_lc_numeric_1
    libinit.o(.ARM.Collect$$libinit$$00000000) refers (Special) to libinit2.o(.ARM.Collect$$libinit$$00000017) for __rt_lib_init_lc_time_1
    libinit.o(.ARM.Collect$$libinit$$00000000) refers (Special) to libinit2.o(.ARM.Collect$$libinit$$0000000C) for __rt_lib_init_rand_1
    libinit.o(.ARM.Collect$$libinit$$00000000) refers (Special) to libinit2.o(.ARM.Collect$$libinit$$00000031) for __rt_lib_init_return
    libinit.o(.ARM.Collect$$libinit$$00000000) refers (Special) to libinit2.o(.ARM.Collect$$libinit$$0000001B) for __rt_lib_init_signal_1
    libinit.o(.ARM.Collect$$libinit$$00000000) refers (Special) to libinit2.o(.ARM.Collect$$libinit$$00000023) for __rt_lib_init_stdio_1
    libinit.o(.ARM.Collect$$libinit$$00000000) refers (Special) to libinit2.o(.ARM.Collect$$libinit$$0000000A) for __rt_lib_init_user_alloc_1
    libspace.o(.text) refers to libspace.o(.bss) for __libspace_start
    rtexit.o(.ARM.Collect$$rtexit$$00000000) refers (Special) to rtexit2.o(.ARM.Collect$$rtexit$$00000004) for __rt_exit_exit
    rtexit.o(.ARM.Collect$$rtexit$$00000000) refers (Special) to rtexit2.o(.ARM.Collect$$rtexit$$00000003) for __rt_exit_ls
    rtexit.o(.ARM.Collect$$rtexit$$00000000) refers (Special) to rtexit2.o(.ARM.Collect$$rtexit$$00000002) for __rt_exit_prels_1
    rtexit.o(.ARM.exidx) refers (Special) to rtexit2.o(.ARM.Collect$$rtexit$$00000004) for __rt_exit_exit
    rtexit.o(.ARM.exidx) refers (Special) to rtexit2.o(.ARM.Collect$$rtexit$$00000003) for __rt_exit_ls
    rtexit.o(.ARM.exidx) refers (Special) to rtexit2.o(.ARM.Collect$$rtexit$$00000002) for __rt_exit_prels_1
    rtexit.o(.ARM.exidx) refers to rtexit.o(.ARM.Collect$$rtexit$$00000000) for .ARM.Collect$$rtexit$$00000000
    libinit2.o(.ARM.Collect$$libinit$$0000000E) refers to libinit2.o(.ARM.Collect$$libinit$$0000000D) for .ARM.Collect$$libinit$$0000000D
    libinit2.o(.ARM.Collect$$libinit$$00000010) refers to libinit2.o(.ARM.Collect$$libinit$$0000000D) for .ARM.Collect$$libinit$$0000000D
    libinit2.o(.ARM.Collect$$libinit$$00000012) refers to libinit2.o(.ARM.Collect$$libinit$$0000000D) for .ARM.Collect$$libinit$$0000000D
    libinit2.o(.ARM.Collect$$libinit$$00000014) refers to libinit2.o(.ARM.Collect$$libinit$$0000000D) for .ARM.Collect$$libinit$$0000000D
    libinit2.o(.ARM.Collect$$libinit$$00000016) refers to libinit2.o(.ARM.Collect$$libinit$$0000000D) for .ARM.Collect$$libinit$$0000000D
    libinit2.o(.ARM.Collect$$libinit$$00000024) refers to argv_veneer.o(.emb_text) for __ARM_argv_veneer
    libinit2.o(.ARM.Collect$$libinit$$00000025) refers to argv_veneer.o(.emb_text) for __ARM_argv_veneer
    rtexit2.o(.ARM.Collect$$rtexit$$00000003) refers to libshutdown.o(.ARM.Collect$$libshutdown$$00000000) for __rt_lib_shutdown
    rtexit2.o(.ARM.Collect$$rtexit$$00000004) refers to sys_exit.o(.text) for _sys_exit
    rtexit2.o(.ARM.exidx) refers to rtexit2.o(.ARM.Collect$$rtexit$$00000001) for .ARM.Collect$$rtexit$$00000001
    rtexit2.o(.ARM.exidx) refers to rtexit2.o(.ARM.Collect$$rtexit$$00000003) for .ARM.Collect$$rtexit$$00000003
    rtexit2.o(.ARM.exidx) refers to rtexit2.o(.ARM.Collect$$rtexit$$00000004) for .ARM.Collect$$rtexit$$00000004
    argv_veneer.o(.emb_text) refers to no_argv.o(.text) for __ARM_get_argv
    sys_exit.o(.text) refers (Special) to use_no_semi.o(.text) for __I$use$semihosting
    sys_exit.o(.text) refers (Special) to indicate_semi.o(.text) for __semihosting_library_function
    _get_argv_nomalloc.o(.text) refers (Special) to hrguard.o(.text) for __heap_region$guard
    _get_argv_nomalloc.o(.text) refers to defsig_rtmem_outer.o(.text) for __rt_SIGRTMEM
    _get_argv_nomalloc.o(.text) refers to sys_command.o(.text) for _sys_command_string
    libshutdown.o(.ARM.Collect$$libshutdown$$00000000) refers (Special) to libshutdown2.o(.ARM.Collect$$libshutdown$$00000006) for __rt_lib_shutdown_fp_trap_1
    libshutdown.o(.ARM.Collect$$libshutdown$$00000000) refers (Special) to libshutdown2.o(.ARM.Collect$$libshutdown$$0000000E) for __rt_lib_shutdown_heap_1
    libshutdown.o(.ARM.Collect$$libshutdown$$00000000) refers (Special) to libshutdown2.o(.ARM.Collect$$libshutdown$$0000000F) for __rt_lib_shutdown_return
    libshutdown.o(.ARM.Collect$$libshutdown$$00000000) refers (Special) to libshutdown2.o(.ARM.Collect$$libshutdown$$00000009) for __rt_lib_shutdown_signal_1
    libshutdown.o(.ARM.Collect$$libshutdown$$00000000) refers (Special) to libshutdown2.o(.ARM.Collect$$libshutdown$$00000003) for __rt_lib_shutdown_stdio_1
    libshutdown.o(.ARM.Collect$$libshutdown$$00000000) refers (Special) to libshutdown2.o(.ARM.Collect$$libshutdown$$0000000B) for __rt_lib_shutdown_user_alloc_1
    sys_command.o(.text) refers (Special) to use_no_semi.o(.text) for __I$use$semihosting
    sys_command.o(.text) refers (Special) to indicate_semi.o(.text) for __semihosting_library_function
    defsig_rtmem_outer.o(.text) refers to defsig_rtmem_inner.o(.text) for __rt_SIGRTMEM_inner
    defsig_rtmem_outer.o(.text) refers to defsig_exit.o(.text) for __sig_exit
    defsig_rtmem_formal.o(.text) refers to rt_raise.o(.text) for __rt_raise
    rt_raise.o(.text) refers to __raise.o(.text) for __raise
    rt_raise.o(.text) refers to sys_exit.o(.text) for _sys_exit
    defsig_exit.o(.text) refers to sys_exit.o(.text) for _sys_exit
    defsig_rtmem_inner.o(.text) refers to defsig_general.o(.text) for __default_signal_display
    __raise.o(.text) refers to defsig.o(CL$$defsig) for __default_signal_handler
    defsig_general.o(.text) refers to sys_wrch.o(.text) for _ttywrch
    sys_wrch.o(.text) refers (Special) to use_no_semi.o(.text) for __I$use$semihosting
    sys_wrch.o(.text) refers (Special) to indicate_semi.o(.text) for __semihosting_library_function
    defsig.o(CL$$defsig) refers to defsig_rtmem_inner.o(.text) for __rt_SIGRTMEM_inner
    defsig_abrt_inner.o(.text) refers to defsig_general.o(.text) for __default_signal_display
    defsig_fpe_inner.o(.text) refers to defsig_general.o(.text) for __default_signal_display
    defsig_rtred_inner.o(.text) refers to defsig_general.o(.text) for __default_signal_display
    defsig_stak_inner.o(.text) refers to defsig_general.o(.text) for __default_signal_display
    defsig_pvfn_inner.o(.text) refers to defsig_general.o(.text) for __default_signal_display
    defsig_cppl_inner.o(.text) refers to defsig_general.o(.text) for __default_signal_display
    defsig_segv_inner.o(.text) refers to defsig_general.o(.text) for __default_signal_display
    defsig_other.o(.text) refers to defsig_general.o(.text) for __default_signal_display


==============================================================================

Removing Unused input sections from the image.

    Removing adc.o(i.ADC_Collect), (1148 bytes).
    Removing adc.o(i.ADC_In), (44 bytes).
    Removing adc.o(i.ADC_Init), (996 bytes).
    Removing interpreter.o(i.Interpreter), (152 bytes).
    Removing interpreter.o(i.echo), (32 bytes).
    Removing interpreter.o(i.findExe), (540 bytes).
    Removing interpreter.o(i.sendCommand), (80 bytes).
    Removing interpreter.o(i.skipLeadingSpace), (38 bytes).
    Removing interpreter.o(.bss), (10 bytes).
    Removing interpreter.o(.constdata), (4 bytes).
    Removing interpreter.o(.conststring), (37 bytes).
    Removing interpreter.o(.data), (36 bytes).
    Removing os.o(i.OS_AddSW1Task), (268 bytes).
    Removing os.o(i.OS_AddSW2Task), (268 bytes).
    Removing os.o(i.OS_ClearMsTime), (12 bytes).
    Removing os.o(i.OS_Fifo_Get), (64 bytes).
    Removing os.o(i.OS_Fifo_Init), (24 bytes).
    Removing os.o(i.OS_Fifo_Put), (56 bytes).
    Removing os.o(i.OS_Fifo_Size), (4 bytes).
    Removing os.o(i.OS_Id), (12 bytes).
    Removing os.o(i.OS_MailBox_Init), (36 bytes).
    Removing os.o(i.OS_MailBox_Recv), (28 bytes).
    Removing os.o(i.OS_MailBox_Send), (28 bytes).
    Removing os.o(i.OS_MsTime), (56 bytes).
    Removing os.o(i.OS_Signal), (192 bytes).
    Removing os.o(i.OS_Time), (28 bytes).
    Removing os.o(i.OS_TimeDifference), (6 bytes).
    Removing os.o(i.OS_Wait), (228 bytes).
    Removing st7735.o(i.ST7735_Color565), (24 bytes).
    Removing st7735.o(i.ST7735_DrawBitmap), (288 bytes).
    Removing st7735.o(i.ST7735_DrawChar), (284 bytes).
    Removing st7735.o(i.ST7735_DrawCharS), (252 bytes).
    Removing st7735.o(i.ST7735_DrawFastHLine), (124 bytes).
    Removing st7735.o(i.ST7735_DrawFastVLine), (132 bytes).
    Removing st7735.o(i.ST7735_DrawNum), (102 bytes).
    Removing st7735.o(i.ST7735_DrawPixel), (76 bytes).
    Removing st7735.o(i.ST7735_DrawStr), (82 bytes).
    Removing st7735.o(i.ST7735_FillRect), (172 bytes).
    Removing st7735.o(i.ST7735_FillScreen), (36 bytes).
    Removing st7735.o(i.ST7735_InitB), (16 bytes).
    Removing st7735.o(i.ST7735_InitR), (96 bytes).
    Removing st7735.o(i.ST7735_InvertDisplay), (22 bytes).
    Removing st7735.o(i.ST7735_Message), (220 bytes).
    Removing st7735.o(i.ST7735_SetRotation), (212 bytes).
    Removing st7735.o(i.ST7735_SwapColor), (18 bytes).
    Removing st7735.o(i.commandList), (86 bytes).
    Removing st7735.o(i.commonInit), (388 bytes).
    Removing st7735.o(i.countDigits), (32 bytes).
    Removing st7735.o(i.pushColor), (18 bytes).
    Removing st7735.o(i.setAddrWindow), (116 bytes).
    Removing st7735.o(i.writecommand), (48 bytes).
    Removing st7735.o(i.writedata), (32 bytes).
    Removing st7735.o(.constdata), (1506 bytes).
    Removing st7735.o(.data), (8 bytes).
    Removing systick.o(i.SysTick_Init), (48 bytes).
    Removing systick.o(i.SysTick_Wait), (32 bytes).
    Removing systick.o(i.SysTick_Wait10ms), (28 bytes).
    Removing systick.o(i.SysTick_Wait1ms), (24 bytes).
    Removing uart2.o(i.RxFifo_Get), (60 bytes).
    Removing uart2.o(i.UART_InChar), (20 bytes).
    Removing uart2.o(i.UART_InString), (70 bytes).
    Removing uart2.o(i.UART_InUDec), (76 bytes).
    Removing uart2.o(i.UART_InUHex), (108 bytes).
    Removing uart2.o(i.UART_OutUHex), (52 bytes).
    Removing cr4_fft_64_stm32.o(.text), (718 bytes).
    Removing pid_stm32.o(.text), (72 bytes).
    Removing main.o(i.BackgroundThread1c), (152 bytes).
    Removing main.o(i.BackgroundThread1d), (180 bytes).
    Removing main.o(i.BackgroundThread5c), (32 bytes).
    Removing main.o(i.BackgroundThread5d), (32 bytes).
    Removing main.o(i.ButtonWork), (172 bytes).
    Removing main.o(i.Consumer), (148 bytes).
    Removing main.o(i.DAS), (212 bytes).
    Removing main.o(i.Display), (124 bytes).
    Removing main.o(i.Filter), (200 bytes).
    Removing main.o(i.Finalmain), (220 bytes).
    Removing main.o(i.Jitter), (176 bytes).
    Removing main.o(i.PID), (124 bytes).
    Removing main.o(i.Producer), (84 bytes).
    Removing main.o(i.PseudoWork), (32 bytes).
    Removing main.o(i.SW1Push), (48 bytes).
    Removing main.o(i.SW2Push), (48 bytes).
    Removing main.o(i.TaskA), (72 bytes).
    Removing main.o(i.TaskB), (44 bytes).
    Removing main.o(i.Testmain1), (108 bytes).
    Removing main.o(i.Testmain4), (144 bytes).
    Removing main.o(i.Testmain7), (56 bytes).
    Removing main.o(i.Thread1), (44 bytes).
    Removing main.o(i.Thread1b), (40 bytes).
    Removing main.o(i.Thread2), (44 bytes).
    Removing main.o(i.Thread2b), (40 bytes).
    Removing main.o(i.Thread2c), (104 bytes).
    Removing main.o(i.Thread2d), (52 bytes).
    Removing main.o(i.Thread3), (44 bytes).
    Removing main.o(i.Thread3b), (40 bytes).
    Removing main.o(i.Thread3c), (24 bytes).
    Removing main.o(i.Thread3d), (24 bytes).
    Removing main.o(i.Thread4c), (44 bytes).
    Removing main.o(i.Thread4d), (40 bytes).
    Removing main.o(i.Thread5c), (60 bytes).
    Removing main.o(i.Thread7), (136 bytes).
    Removing main.o(i.Thread8), (20 bytes).
    Removing main.o(i.dummyInt), (36 bytes).
    Removing main.o(i.dummyThread1), (36 bytes).
    Removing main.o(i.dummyThread3), (20 bytes).
    Removing main.o(i.prachimain), (96 bytes).
    Removing main.o(i.testmain2), (100 bytes).
    Removing main.o(i.testmain3), (124 bytes).
    Removing main.o(i.testmain5), (148 bytes).
    Removing main.o(.constdata), (4 bytes).

110 unused section(s) (total 13853 bytes) removed from the image.

==============================================================================

Image Symbol Table

    Local Symbols

    Symbol Name                              Value     Ov Type        Size  Object(Section)

    RESET                                    0x00000000   Section      644  startup.o(RESET)
    ../clib/angel/boardlib.s                 0x00000000   Number         0  boardinit3.o ABSOLUTE
    ../clib/angel/boardlib.s                 0x00000000   Number         0  boardinit2.o ABSOLUTE
    ../clib/angel/boardlib.s                 0x00000000   Number         0  boardinit1.o ABSOLUTE
    ../clib/angel/boardlib.s                 0x00000000   Number         0  boardshut.o ABSOLUTE
    ../clib/angel/handlers.s                 0x00000000   Number         0  __scatter_copy.o ABSOLUTE
    ../clib/angel/handlers.s                 0x00000000   Number         0  __scatter_zi.o ABSOLUTE
    ../clib/angel/kernel.s                   0x00000000   Number         0  rtexit.o ABSOLUTE
    ../clib/angel/kernel.s                   0x00000000   Number         0  rtexit2.o ABSOLUTE
    ../clib/angel/kernel.s                   0x00000000   Number         0  rtentry2.o ABSOLUTE
    ../clib/angel/kernel.s                   0x00000000   Number         0  rtentry.o ABSOLUTE
    ../clib/angel/kernel.s                   0x00000000   Number         0  rtentry4.o ABSOLUTE
    ../clib/angel/rt.s                       0x00000000   Number         0  rt_raise.o ABSOLUTE
    ../clib/angel/scatter.s                  0x00000000   Number         0  __scatter.o ABSOLUTE
    ../clib/angel/startup.s                  0x00000000   Number         0  __main.o ABSOLUTE
    ../clib/angel/sys.s                      0x00000000   Number         0  sys_stackheap_outer.o ABSOLUTE
    ../clib/angel/sys.s                      0x00000000   Number         0  libspace.o ABSOLUTE
    ../clib/angel/sys.s                      0x00000000   Number         0  use_no_semi.o ABSOLUTE
    ../clib/angel/sys.s                      0x00000000   Number         0  indicate_semi.o ABSOLUTE
    ../clib/angel/sysapp.c                   0x00000000   Number         0  sys_command.o ABSOLUTE
    ../clib/angel/sysapp.c                   0x00000000   Number         0  sys_wrch.o ABSOLUTE
    ../clib/angel/sysapp.c                   0x00000000   Number         0  sys_exit.o ABSOLUTE
    ../clib/armsys.c                         0x00000000   Number         0  no_argv.o ABSOLUTE
    ../clib/armsys.c                         0x00000000   Number         0  _get_argv_nomalloc.o ABSOLUTE
    ../clib/armsys.c                         0x00000000   Number         0  argv_veneer.o ABSOLUTE
    ../clib/armsys.c                         0x00000000   Number         0  argv_veneer.o ABSOLUTE
    ../clib/heapalloc.c                      0x00000000   Number         0  hrguard.o ABSOLUTE
    ../clib/heapaux.c                        0x00000000   Number         0  heapauxi.o ABSOLUTE
    ../clib/libinit.s                        0x00000000   Number         0  libinit2.o ABSOLUTE
    ../clib/libinit.s                        0x00000000   Number         0  libshutdown.o ABSOLUTE
    ../clib/libinit.s                        0x00000000   Number         0  libinit.o ABSOLUTE
    ../clib/libinit.s                        0x00000000   Number         0  libshutdown2.o ABSOLUTE
    ../clib/misc.s                           0x00000000   Number         0  printf_stubs.o ABSOLUTE
    ../clib/printf.c                         0x00000000   Number         0  _printf_char.o ABSOLUTE
    ../clib/printf.c                         0x00000000   Number         0  __2sprintf.o ABSOLUTE
    ../clib/printf.c                         0x00000000   Number         0  noretval__2sprintf.o ABSOLUTE
    ../clib/printf.c                         0x00000000   Number         0  __printf.o ABSOLUTE
    ../clib/printf.c                         0x00000000   Number         0  _printf_pad.o ABSOLUTE
    ../clib/printf.c                         0x00000000   Number         0  _sputc.o ABSOLUTE
    ../clib/printf.c                         0x00000000   Number         0  _printf_str.o ABSOLUTE
    ../clib/printf.c                         0x00000000   Number         0  _printf_dec.o ABSOLUTE
    ../clib/printf.c                         0x00000000   Number         0  _printf_char_common.o ABSOLUTE
    ../clib/printf.c                         0x00000000   Number         0  _printf_intcommon.o ABSOLUTE
    ../clib/printf.c                         0x00000000   Number         0  __printf_ss.o ABSOLUTE
    ../clib/printf.c                         0x00000000   Number         0  __printf_flags_ss.o ABSOLUTE
    ../clib/printf.c                         0x00000000   Number         0  __printf_wp.o ABSOLUTE
    ../clib/printf.c                         0x00000000   Number         0  __printf_flags_wp.o ABSOLUTE
    ../clib/printf.c                         0x00000000   Number         0  __printf_ss_wp.o ABSOLUTE
    ../clib/printf.c                         0x00000000   Number         0  __printf_flags_ss_wp.o ABSOLUTE
    ../clib/printf.c                         0x00000000   Number         0  __printf_flags.o ABSOLUTE
    ../clib/printf.c                         0x00000000   Number         0  __printf_nopercent.o ABSOLUTE
    ../clib/printf_percent.s                 0x00000000   Number         0  _printf_percent.o ABSOLUTE
    ../clib/printf_percent.s                 0x00000000   Number         0  _printf_c.o ABSOLUTE
    ../clib/printf_percent.s                 0x00000000   Number         0  _printf_d.o ABSOLUTE
    ../clib/printf_percent.s                 0x00000000   Number         0  _printf_u.o ABSOLUTE
    ../clib/printf_percent.s                 0x00000000   Number         0  _printf_percent_end.o ABSOLUTE
    ../clib/signal.c                         0x00000000   Number         0  defsig_rtmem_inner.o ABSOLUTE
    ../clib/signal.c                         0x00000000   Number         0  defsig_other.o ABSOLUTE
    ../clib/signal.c                         0x00000000   Number         0  defsig_abrt_inner.o ABSOLUTE
    ../clib/signal.c                         0x00000000   Number         0  __raise.o ABSOLUTE
    ../clib/signal.c                         0x00000000   Number         0  defsig_general.o ABSOLUTE
    ../clib/signal.c                         0x00000000   Number         0  defsig_exit.o ABSOLUTE
    ../clib/signal.c                         0x00000000   Number         0  defsig_rtmem_formal.o ABSOLUTE
    ../clib/signal.c                         0x00000000   Number         0  defsig_fpe_inner.o ABSOLUTE
    ../clib/signal.c                         0x00000000   Number         0  defsig_rtred_inner.o ABSOLUTE
    ../clib/signal.c                         0x00000000   Number         0  defsig_stak_inner.o ABSOLUTE
    ../clib/signal.c                         0x00000000   Number         0  defsig_pvfn_inner.o ABSOLUTE
    ../clib/signal.c                         0x00000000   Number         0  defsig_cppl_inner.o ABSOLUTE
    ../clib/signal.c                         0x00000000   Number         0  defsig_segv_inner.o ABSOLUTE
    ../clib/signal.c                         0x00000000   Number         0  defsig_rtmem_outer.o ABSOLUTE
    ../clib/signal.s                         0x00000000   Number         0  defsig.o ABSOLUTE
    ../clib/stdlib.c                         0x00000000   Number         0  exit.o ABSOLUTE
    ../clib/string.c                         0x00000000   Number         0  strlen.o ABSOLUTE
    ../clib/string.c                         0x00000000   Number         0  strncmp.o ABSOLUTE
    ../fplib/ddiv.s                          0x00000000   Number         0  ddiv.o ABSOLUTE
    ../fplib/dfixu.s                         0x00000000   Number         0  dfixu.o ABSOLUTE
    ../fplib/dflt.s                          0x00000000   Number         0  dflt_clz.o ABSOLUTE
    ../fplib/dmul.s                          0x00000000   Number         0  dmul.o ABSOLUTE
    ../fplib/dnaninf.s                       0x00000000   Number         0  dnaninf.o ABSOLUTE
    ../fplib/dretinf.s                       0x00000000   Number         0  dretinf.o ABSOLUTE
    ../fplib/fpinit.s                        0x00000000   Number         0  fpinit.o ABSOLUTE
    ../fplib/usenofp.s                       0x00000000   Number         0  usenofp.o ABSOLUTE
    ADC.c                                    0x00000000   Number         0  adc.o ABSOLUTE
    Interpreter.c                            0x00000000   Number         0  interpreter.o ABSOLUTE
    OS.c                                     0x00000000   Number         0  os.o ABSOLUTE
    PID_stm32.s                              0x00000000   Number         0  pid_stm32.o ABSOLUTE
    PLL.c                                    0x00000000   Number         0  pll.o ABSOLUTE
    ST7735.c                                 0x00000000   Number         0  st7735.o ABSOLUTE
    SysTick.c                                0x00000000   Number         0  systick.o ABSOLUTE
    UART2.c                                  0x00000000   Number         0  uart2.o ABSOLUTE
    cr4_fft_64_stm32.s                       0x00000000   Number         0  cr4_fft_64_stm32.o ABSOLUTE
    dc.s                                     0x00000000   Number         0  dc.o ABSOLUTE
    main.c                                   0x00000000   Number         0  main.o ABSOLUTE
    osasm.s                                  0x00000000   Number         0  osasm.o ABSOLUTE
    startup.s                                0x00000000   Number         0  startup.o ABSOLUTE
    !!!main                                  0x00000284   Section        8  __main.o(!!!main)
    !!!scatter                               0x0000028c   Section       52  __scatter.o(!!!scatter)
    !!handler_copy                           0x000002c0   Section       26  __scatter_copy.o(!!handler_copy)
    !!handler_zi                             0x000002dc   Section       28  __scatter_zi.o(!!handler_zi)
    .ARM.Collect$$libinit$$00000000          0x000002f8   Section        2  libinit.o(.ARM.Collect$$libinit$$00000000)
    .ARM.Collect$$libinit$$00000002          0x000002fa   Section        0  libinit2.o(.ARM.Collect$$libinit$$00000002)
    .ARM.Collect$$libinit$$00000008          0x000002fa   Section        0  libinit2.o(.ARM.Collect$$libinit$$00000008)
    .ARM.Collect$$libinit$$0000000A          0x000002fa   Section        0  libinit2.o(.ARM.Collect$$libinit$$0000000A)
    .ARM.Collect$$libinit$$0000000C          0x000002fa   Section        0  libinit2.o(.ARM.Collect$$libinit$$0000000C)
    .ARM.Collect$$libinit$$0000000F          0x000002fa   Section        0  libinit2.o(.ARM.Collect$$libinit$$0000000F)
    .ARM.Collect$$libinit$$00000011          0x000002fa   Section        0  libinit2.o(.ARM.Collect$$libinit$$00000011)
    .ARM.Collect$$libinit$$00000013          0x000002fa   Section        0  libinit2.o(.ARM.Collect$$libinit$$00000013)
    .ARM.Collect$$libinit$$00000015          0x000002fa   Section        0  libinit2.o(.ARM.Collect$$libinit$$00000015)
    .ARM.Collect$$libinit$$00000017          0x000002fa   Section        0  libinit2.o(.ARM.Collect$$libinit$$00000017)
    .ARM.Collect$$libinit$$00000019          0x000002fa   Section        0  libinit2.o(.ARM.Collect$$libinit$$00000019)
    .ARM.Collect$$libinit$$0000001B          0x000002fa   Section        0  libinit2.o(.ARM.Collect$$libinit$$0000001B)
    .ARM.Collect$$libinit$$0000001D          0x000002fa   Section        0  libinit2.o(.ARM.Collect$$libinit$$0000001D)
    .ARM.Collect$$libinit$$0000001F          0x000002fa   Section        0  libinit2.o(.ARM.Collect$$libinit$$0000001F)
    .ARM.Collect$$libinit$$00000021          0x000002fa   Section        0  libinit2.o(.ARM.Collect$$libinit$$00000021)
    .ARM.Collect$$libinit$$00000023          0x000002fa   Section        0  libinit2.o(.ARM.Collect$$libinit$$00000023)
    .ARM.Collect$$libinit$$0000002A          0x000002fa   Section        0  libinit2.o(.ARM.Collect$$libinit$$0000002A)
    .ARM.Collect$$libinit$$0000002C          0x000002fa   Section        0  libinit2.o(.ARM.Collect$$libinit$$0000002C)
    .ARM.Collect$$libinit$$0000002E          0x000002fa   Section        0  libinit2.o(.ARM.Collect$$libinit$$0000002E)
    .ARM.Collect$$libinit$$00000030          0x000002fa   Section        0  libinit2.o(.ARM.Collect$$libinit$$00000030)
    .ARM.Collect$$libinit$$00000031          0x000002fa   Section        2  libinit2.o(.ARM.Collect$$libinit$$00000031)
    .ARM.Collect$$libshutdown$$00000000      0x000002fc   Section        2  libshutdown.o(.ARM.Collect$$libshutdown$$00000000)
    .ARM.Collect$$libshutdown$$00000003      0x000002fe   Section        0  libshutdown2.o(.ARM.Collect$$libshutdown$$00000003)
    .ARM.Collect$$libshutdown$$00000006      0x000002fe   Section        0  libshutdown2.o(.ARM.Collect$$libshutdown$$00000006)
    .ARM.Collect$$libshutdown$$00000009      0x000002fe   Section        0  libshutdown2.o(.ARM.Collect$$libshutdown$$00000009)
    .ARM.Collect$$libshutdown$$0000000B      0x000002fe   Section        0  libshutdown2.o(.ARM.Collect$$libshutdown$$0000000B)
    .ARM.Collect$$libshutdown$$0000000E      0x000002fe   Section        0  libshutdown2.o(.ARM.Collect$$libshutdown$$0000000E)
    .ARM.Collect$$libshutdown$$0000000F      0x000002fe   Section        2  libshutdown2.o(.ARM.Collect$$libshutdown$$0000000F)
    .ARM.Collect$$rtentry$$00000000          0x00000300   Section        0  rtentry.o(.ARM.Collect$$rtentry$$00000000)
    .ARM.Collect$$rtentry$$00000002          0x00000300   Section        0  rtentry2.o(.ARM.Collect$$rtentry$$00000002)
    .ARM.Collect$$rtentry$$00000004          0x00000300   Section        6  rtentry4.o(.ARM.Collect$$rtentry$$00000004)
    .ARM.Collect$$rtentry$$00000009          0x00000306   Section        0  rtentry2.o(.ARM.Collect$$rtentry$$00000009)
    .ARM.Collect$$rtentry$$0000000A          0x00000306   Section        4  rtentry2.o(.ARM.Collect$$rtentry$$0000000A)
    .ARM.Collect$$rtentry$$0000000C          0x0000030a   Section        0  rtentry2.o(.ARM.Collect$$rtentry$$0000000C)
    .ARM.Collect$$rtentry$$0000000D          0x0000030a   Section        8  rtentry2.o(.ARM.Collect$$rtentry$$0000000D)
    .ARM.Collect$$rtexit$$00000000           0x00000312   Section        2  rtexit.o(.ARM.Collect$$rtexit$$00000000)
    .ARM.Collect$$rtexit$$00000002           0x00000314   Section        0  rtexit2.o(.ARM.Collect$$rtexit$$00000002)
    .ARM.Collect$$rtexit$$00000003           0x00000314   Section        4  rtexit2.o(.ARM.Collect$$rtexit$$00000003)
    .ARM.Collect$$rtexit$$00000004           0x00000318   Section        6  rtexit2.o(.ARM.Collect$$rtexit$$00000004)
    .text                                    0x00000320   Section       48  startup.o(.text)
    .text                                    0x00000350   Section      120  osasm.o(.text)
    .text                                    0x000003c8   Section        0  heapauxi.o(.text)
    .text                                    0x000003ce   Section       74  sys_stackheap_outer.o(.text)
    .text                                    0x00000418   Section        0  exit.o(.text)
    .text                                    0x00000424   Section        8  libspace.o(.text)
    .text                                    0x0000042c   Section        0  sys_exit.o(.text)
    .text                                    0x00000438   Section        2  use_no_semi.o(.text)
    .text                                    0x0000043a   Section        0  indicate_semi.o(.text)
    i.ADC0Seq3_Handler                       0x0000043c   Section        0  adc.o(i.ADC0Seq3_Handler)
    i.DebounceTaskPF0                        0x00000460   Section        0  os.o(i.DebounceTaskPF0)
    DebounceTaskPF0                          0x00000461   Thumb Code    44  os.o(i.DebounceTaskPF0)
    i.DebounceTaskPF4                        0x00000498   Section        0  os.o(i.DebounceTaskPF4)
    DebounceTaskPF4                          0x00000499   Thumb Code    44  os.o(i.DebounceTaskPF4)
    i.GPIOPortF_Handler                      0x000004d0   Section        0  os.o(i.GPIOPortF_Handler)
    i.OS_AddPeriodicThread                   0x0000056c   Section        0  os.o(i.OS_AddPeriodicThread)
    i.OS_AddThread                           0x000006ac   Section        0  os.o(i.OS_AddThread)
    i.OS_Init                                0x00000814   Section        0  os.o(i.OS_Init)
    i.OS_InitSemaphore                       0x00000894   Section        0  os.o(i.OS_InitSemaphore)
    i.OS_Kill                                0x000008a0   Section        0  os.o(i.OS_Kill)
    i.OS_Launch                              0x000008f4   Section        0  os.o(i.OS_Launch)
    i.OS_Sleep                               0x0000091c   Section        0  os.o(i.OS_Sleep)
    i.OS_Suspend                             0x00000a28   Section        0  os.o(i.OS_Suspend)
    i.OS_bSignal                             0x00000a44   Section        0  os.o(i.OS_bSignal)
    i.OS_bWait                               0x00000aa0   Section        0  os.o(i.OS_bWait)
    i.OutputThread                           0x00000ae0   Section        0  main.o(i.OutputThread)
    i.PLL_Init                               0x00000bbc   Section        0  pll.o(i.PLL_Init)
    i.PortE_Init                             0x00000c48   Section        0  main.o(i.PortE_Init)
    i.PortF_Init                             0x00000ce0   Section        0  main.o(i.PortF_Init)
    i.RxFifo_Init                            0x00000d4c   Section        0  uart2.o(i.RxFifo_Init)
    i.RxFifo_Put                             0x00000d70   Section        0  uart2.o(i.RxFifo_Put)
    i.RxFifo_Size                            0x00000dac   Section        0  uart2.o(i.RxFifo_Size)
    i.SetInitialStack                        0x00000dc4   Section        0  os.o(i.SetInitialStack)
    i.Signal1                                0x00000eb0   Section        0  main.o(i.Signal1)
    i.Signal2                                0x00000ee0   Section        0  main.o(i.Signal2)
    i.Signal3                                0x00000f08   Section        0  main.o(i.Signal3)
    i.SysClock_Init                          0x00000f38   Section        0  os.o(i.SysClock_Init)
    i.SysTick_Handler                        0x00000fa4   Section        0  systick.o(i.SysTick_Handler)
    i.Thread6                                0x00001038   Section        0  main.o(i.Thread6)
    i.Timer1A_Handler                        0x00001060   Section        0  os.o(i.Timer1A_Handler)
    i.Timer2A_Handler                        0x00001094   Section        0  os.o(i.Timer2A_Handler)
    i.TxFifo_Get                             0x000010c8   Section        0  uart2.o(i.TxFifo_Get)
    i.TxFifo_Init                            0x00001104   Section        0  uart2.o(i.TxFifo_Init)
    i.TxFifo_Put                             0x00001128   Section        0  uart2.o(i.TxFifo_Put)
    i.TxFifo_Size                            0x00001164   Section        0  uart2.o(i.TxFifo_Size)
    i.UART0_Handler                          0x0000117c   Section        0  uart2.o(i.UART0_Handler)
    i.UART_Init                              0x000011d4   Section        0  uart2.o(i.UART_Init)
    i.UART_OutChar                           0x000012a0   Section        0  uart2.o(i.UART_OutChar)
    i.UART_OutString                         0x000012d4   Section        0  uart2.o(i.UART_OutString)
    i.UART_OutUDec                           0x000012ea   Section        0  uart2.o(i.UART_OutUDec)
    i.Wait1                                  0x00001314   Section        0  main.o(i.Wait1)
    i.Wait2                                  0x00001330   Section        0  main.o(i.Wait2)
    i.Wait3                                  0x0000134c   Section        0  main.o(i.Wait3)
    i.WakeUp                                 0x00001368   Section        0  systick.o(i.WakeUp)
    i.add                                    0x000014b0   Section        0  main.o(i.add)
    i.copyHardwareToSoftware                 0x000014c4   Section        0  uart2.o(i.copyHardwareToSoftware)
    copyHardwareToSoftware                   0x000014c5   Thumb Code    42  uart2.o(i.copyHardwareToSoftware)
    i.copySoftwareToHardware                 0x000014f4   Section        0  uart2.o(i.copySoftwareToHardware)
    copySoftwareToHardware                   0x000014f5   Thumb Code    38  uart2.o(i.copySoftwareToHardware)
    i.init_openThreads                       0x00001520   Section        0  os.o(i.init_openThreads)
    i.main                                   0x00001544   Section        0  main.o(i.main)
    i.pop_OpenThreads                        0x00001670   Section        0  os.o(i.pop_OpenThreads)
    i.push_OpenThreads                       0x0000169c   Section        0  os.o(i.push_OpenThreads)
    .data                                    0x20000000   Section        4  adc.o(.data)
    .data                                    0x20000004   Section       48  os.o(.data)
    SysTime                                  0x20000004   Data           4  os.o(.data)
    bgThreadNum                              0x20000008   Data           4  os.o(.data)
    LastPF4                                  0x20000028   Data           4  os.o(.data)
    LastPF0                                  0x2000002c   Data           4  os.o(.data)
    .data                                    0x20000034   Section       16  uart2.o(.data)
    .data                                    0x20000044   Section      152  main.o(.data)
    n                                        0x20000044   Data           4  main.o(.data)
    LastTime                                 0x20000048   Data           4  main.o(.data)
    i                                        0x2000004c   Data           4  main.o(.data)
    i                                        0x20000050   Data           4  main.o(.data)
    LastTime                                 0x20000054   Data           4  main.o(.data)
    Filterwork                               0x20000058   Data           4  main.o(.data)
    i                                        0x2000005c   Data           4  main.o(.data)
    result                                   0x20000060   Data           4  main.o(.data)
    counter                                  0x20000064   Data           4  main.o(.data)
    .bss                                     0x200000dc   Section      196  os.o(.bss)
    Fifo                                     0x200000dc   Data         128  os.o(.bss)
    .bss                                     0x200001a0   Section      128  uart2.o(.bss)
    RxFifo                                   0x200001a0   Data          64  uart2.o(.bss)
    TxFifo                                   0x200001e0   Data          64  uart2.o(.bss)
    .bss                                     0x20000220   Section     6316  main.o(.bss)
    x                                        0x20000320   Data          24  main.o(.bss)
    y                                        0x20000338   Data          24  main.o(.bss)
    .bss                                     0x20001acc   Section       96  libspace.o(.bss)
    HEAP                                     0x20001b30   Section        0  startup.o(HEAP)
    STACK                                    0x20001b30   Section     1024  startup.o(STACK)
    HeapMem                                  0x20001b30   Data           0  startup.o(HEAP)
    StackMem                                 0x20001b30   Data           0  startup.o(STACK)

    Global Symbols

    Symbol Name                              Value     Ov Type        Size  Object(Section)

    BuildAttributes$$THM_ISAv4$E$P$D$K$B$S$7EM$PE$A:L22UL41UL21$X:L11$S22US41US21$IEEE1$IW$USESV6$~STKCKD$USESV7$~SHL$OSPACE$ROPI$EBA8$UX$STANDARDLIB$REQ8$PRES8$EABIv2 0x00000000   Number         0  anon$$obj.o ABSOLUTE
    __ARM_use_no_argv                        0x00000000   Number         0  main.o ABSOLUTE
    __Vectors                                0x00000000   Data           0  startup.o(RESET)
    _printf_flags                            0x00000000   Number         0  printf_stubs.o ABSOLUTE
    _printf_return_value                     0x00000000   Number         0  printf_stubs.o ABSOLUTE
    _printf_sizespec                         0x00000000   Number         0  printf_stubs.o ABSOLUTE
    _printf_widthprec                        0x00000000   Number         0  printf_stubs.o ABSOLUTE
    __ARM_exceptions_init                     - Undefined Weak Reference
    __alloca_initialize                       - Undefined Weak Reference
    __cpp_initialize__aeabi_                  - Undefined Weak Reference
    __cxa_finalize                            - Undefined Weak Reference
    __rt_locale                               - Undefined Weak Reference
    __sigvec_lookup                           - Undefined Weak Reference
    _atexit_init                              - Undefined Weak Reference
    _call_atexit_fns                          - Undefined Weak Reference
    _clock_init                               - Undefined Weak Reference
    _fp_trap_init                             - Undefined Weak Reference
    _fp_trap_shutdown                         - Undefined Weak Reference
    _get_lc_collate                           - Undefined Weak Reference
    _get_lc_ctype                             - Undefined Weak Reference
    _get_lc_monetary                          - Undefined Weak Reference
    _get_lc_numeric                           - Undefined Weak Reference
    _get_lc_time                              - Undefined Weak Reference
    _getenv_init                              - Undefined Weak Reference
    _handle_redirection                       - Undefined Weak Reference
    _init_alloc                               - Undefined Weak Reference
    _init_user_alloc                          - Undefined Weak Reference
    _initio                                   - Undefined Weak Reference
    _printf_mbtowc                            - Undefined Weak Reference
    _printf_truncate_signed                   - Undefined Weak Reference
    _printf_truncate_unsigned                 - Undefined Weak Reference
    _rand_init                                - Undefined Weak Reference
    _signal_finish                            - Undefined Weak Reference
    _signal_init                              - Undefined Weak Reference
    _terminate_alloc                          - Undefined Weak Reference
    _terminate_user_alloc                     - Undefined Weak Reference
    _terminateio                              - Undefined Weak Reference
    Reset_Handler                            0x0000026d   Thumb Code     0  startup.o(RESET)
    NMI_Handler                              0x00000271   Thumb Code     2  startup.o(RESET)
    HardFault_Handler                        0x00000273   Thumb Code     2  startup.o(RESET)
    MemManage_Handler                        0x00000275   Thumb Code     2  startup.o(RESET)
    BusFault_Handler                         0x00000277   Thumb Code     2  startup.o(RESET)
    UsageFault_Handler                       0x00000279   Thumb Code     2  startup.o(RESET)
    SVC_Handler                              0x0000027b   Thumb Code     2  startup.o(RESET)
    DebugMon_Handler                         0x0000027d   Thumb Code     2  startup.o(RESET)
    ADC0Seq0_Handler                         0x00000283   Thumb Code     0  startup.o(RESET)
    ADC0Seq1_Handler                         0x00000283   Thumb Code     0  startup.o(RESET)
    ADC0Seq2_Handler                         0x00000283   Thumb Code     0  startup.o(RESET)
    ADC1Seq0_Handler                         0x00000283   Thumb Code     0  startup.o(RESET)
    ADC1Seq1_Handler                         0x00000283   Thumb Code     0  startup.o(RESET)
    ADC1Seq2_Handler                         0x00000283   Thumb Code     0  startup.o(RESET)
    ADC1Seq3_Handler                         0x00000283   Thumb Code     0  startup.o(RESET)
    CAN0_Handler                             0x00000283   Thumb Code     0  startup.o(RESET)
    CAN1_Handler                             0x00000283   Thumb Code     0  startup.o(RESET)
    CAN2_Handler                             0x00000283   Thumb Code     0  startup.o(RESET)
    Comp0_Handler                            0x00000283   Thumb Code     0  startup.o(RESET)
    Comp1_Handler                            0x00000283   Thumb Code     0  startup.o(RESET)
    Comp2_Handler                            0x00000283   Thumb Code     0  startup.o(RESET)
    Ethernet_Handler                         0x00000283   Thumb Code     0  startup.o(RESET)
    ExtBus_Handler                           0x00000283   Thumb Code     0  startup.o(RESET)
    FPU_Handler                              0x00000283   Thumb Code     0  startup.o(RESET)
    Fan0_Handler                             0x00000283   Thumb Code     0  startup.o(RESET)
    FlashCtl_Handler                         0x00000283   Thumb Code     0  startup.o(RESET)
    GPIOPortA_Handler                        0x00000283   Thumb Code     0  startup.o(RESET)
    GPIOPortB_Handler                        0x00000283   Thumb Code     0  startup.o(RESET)
    GPIOPortC_Handler                        0x00000283   Thumb Code     0  startup.o(RESET)
    GPIOPortD_Handler                        0x00000283   Thumb Code     0  startup.o(RESET)
    GPIOPortE_Handler                        0x00000283   Thumb Code     0  startup.o(RESET)
    GPIOPortG_Handler                        0x00000283   Thumb Code     0  startup.o(RESET)
    GPIOPortH_Handler                        0x00000283   Thumb Code     0  startup.o(RESET)
    GPIOPortJ_Handler                        0x00000283   Thumb Code     0  startup.o(RESET)
    GPIOPortK_Handler                        0x00000283   Thumb Code     0  startup.o(RESET)
    GPIOPortL_Handler                        0x00000283   Thumb Code     0  startup.o(RESET)
    GPIOPortM_Handler                        0x00000283   Thumb Code     0  startup.o(RESET)
    GPIOPortN_Handler                        0x00000283   Thumb Code     0  startup.o(RESET)
    GPIOPortP1_Handler                       0x00000283   Thumb Code     0  startup.o(RESET)
    GPIOPortP2_Handler                       0x00000283   Thumb Code     0  startup.o(RESET)
    GPIOPortP3_Handler                       0x00000283   Thumb Code     0  startup.o(RESET)
    GPIOPortP4_Handler                       0x00000283   Thumb Code     0  startup.o(RESET)
    GPIOPortP5_Handler                       0x00000283   Thumb Code     0  startup.o(RESET)
    GPIOPortP6_Handler                       0x00000283   Thumb Code     0  startup.o(RESET)
    GPIOPortP7_Handler                       0x00000283   Thumb Code     0  startup.o(RESET)
    GPIOPortP_Handler                        0x00000283   Thumb Code     0  startup.o(RESET)
    GPIOPortQ1_Handler                       0x00000283   Thumb Code     0  startup.o(RESET)
    GPIOPortQ2_Handler                       0x00000283   Thumb Code     0  startup.o(RESET)
    GPIOPortQ3_Handler                       0x00000283   Thumb Code     0  startup.o(RESET)
    GPIOPortQ4_Handler                       0x00000283   Thumb Code     0  startup.o(RESET)
    GPIOPortQ5_Handler                       0x00000283   Thumb Code     0  startup.o(RESET)
    GPIOPortQ6_Handler                       0x00000283   Thumb Code     0  startup.o(RESET)
    GPIOPortQ7_Handler                       0x00000283   Thumb Code     0  startup.o(RESET)
    GPIOPortQ_Handler                        0x00000283   Thumb Code     0  startup.o(RESET)
    GPIOPortR_Handler                        0x00000283   Thumb Code     0  startup.o(RESET)
    GPIOPortS_Handler                        0x00000283   Thumb Code     0  startup.o(RESET)
    Hibernate_Handler                        0x00000283   Thumb Code     0  startup.o(RESET)
    I2C0_Handler                             0x00000283   Thumb Code     0  startup.o(RESET)
    I2C1_Handler                             0x00000283   Thumb Code     0  startup.o(RESET)
    I2C2_Handler                             0x00000283   Thumb Code     0  startup.o(RESET)
    I2C3_Handler                             0x00000283   Thumb Code     0  startup.o(RESET)
    I2C4_Handler                             0x00000283   Thumb Code     0  startup.o(RESET)
    I2C5_Handler                             0x00000283   Thumb Code     0  startup.o(RESET)
    I2S0_Handler                             0x00000283   Thumb Code     0  startup.o(RESET)
    LPC0_Handler                             0x00000283   Thumb Code     0  startup.o(RESET)
    PECI0_Handler                            0x00000283   Thumb Code     0  startup.o(RESET)
    PWM0Fault_Handler                        0x00000283   Thumb Code     0  startup.o(RESET)
    PWM0Generator0_Handler                   0x00000283   Thumb Code     0  startup.o(RESET)
    PWM0Generator1_Handler                   0x00000283   Thumb Code     0  startup.o(RESET)
    PWM0Generator2_Handler                   0x00000283   Thumb Code     0  startup.o(RESET)
    PWM0Generator3_Handler                   0x00000283   Thumb Code     0  startup.o(RESET)
    PWM1Fault_Handler                        0x00000283   Thumb Code     0  startup.o(RESET)
    PWM1Generator0_Handler                   0x00000283   Thumb Code     0  startup.o(RESET)
    PWM1Generator1_Handler                   0x00000283   Thumb Code     0  startup.o(RESET)
    PWM1Generator2_Handler                   0x00000283   Thumb Code     0  startup.o(RESET)
    PWM1Generator3_Handler                   0x00000283   Thumb Code     0  startup.o(RESET)
    Quadrature0_Handler                      0x00000283   Thumb Code     0  startup.o(RESET)
    Quadrature1_Handler                      0x00000283   Thumb Code     0  startup.o(RESET)
    Quadrature2_Handler                      0x00000283   Thumb Code     0  startup.o(RESET)
    SSI0_Handler                             0x00000283   Thumb Code     0  startup.o(RESET)
    SSI1_Handler                             0x00000283   Thumb Code     0  startup.o(RESET)
    SSI2_Handler                             0x00000283   Thumb Code     0  startup.o(RESET)
    SSI3_Handler                             0x00000283   Thumb Code     0  startup.o(RESET)
    SysCtl_Handler                           0x00000283   Thumb Code     0  startup.o(RESET)
    Timer0A_Handler                          0x00000283   Thumb Code     0  startup.o(RESET)
    Timer0B_Handler                          0x00000283   Thumb Code     0  startup.o(RESET)
    Timer1B_Handler                          0x00000283   Thumb Code     0  startup.o(RESET)
    Timer2B_Handler                          0x00000283   Thumb Code     0  startup.o(RESET)
    Timer3A_Handler                          0x00000283   Thumb Code     0  startup.o(RESET)
    Timer3B_Handler                          0x00000283   Thumb Code     0  startup.o(RESET)
    Timer4A_Handler                          0x00000283   Thumb Code     0  startup.o(RESET)
    Timer4B_Handler                          0x00000283   Thumb Code     0  startup.o(RESET)
    Timer5A_Handler                          0x00000283   Thumb Code     0  startup.o(RESET)
    Timer5B_Handler                          0x00000283   Thumb Code     0  startup.o(RESET)
    UART1_Handler                            0x00000283   Thumb Code     0  startup.o(RESET)
    UART2_Handler                            0x00000283   Thumb Code     0  startup.o(RESET)
    UART3_Handler                            0x00000283   Thumb Code     0  startup.o(RESET)
    UART4_Handler                            0x00000283   Thumb Code     0  startup.o(RESET)
    UART5_Handler                            0x00000283   Thumb Code     0  startup.o(RESET)
    UART6_Handler                            0x00000283   Thumb Code     0  startup.o(RESET)
    UART7_Handler                            0x00000283   Thumb Code     0  startup.o(RESET)
    USB0_Handler                             0x00000283   Thumb Code     0  startup.o(RESET)
    WDT_Handler                              0x00000283   Thumb Code     0  startup.o(RESET)
    WideTimer0A_Handler                      0x00000283   Thumb Code     0  startup.o(RESET)
    WideTimer0B_Handler                      0x00000283   Thumb Code     0  startup.o(RESET)
    WideTimer1A_Handler                      0x00000283   Thumb Code     0  startup.o(RESET)
    WideTimer1B_Handler                      0x00000283   Thumb Code     0  startup.o(RESET)
    WideTimer2A_Handler                      0x00000283   Thumb Code     0  startup.o(RESET)
    WideTimer2B_Handler                      0x00000283   Thumb Code     0  startup.o(RESET)
    WideTimer3A_Handler                      0x00000283   Thumb Code     0  startup.o(RESET)
    WideTimer3B_Handler                      0x00000283   Thumb Code     0  startup.o(RESET)
    WideTimer4A_Handler                      0x00000283   Thumb Code     0  startup.o(RESET)
    WideTimer4B_Handler                      0x00000283   Thumb Code     0  startup.o(RESET)
    WideTimer5A_Handler                      0x00000283   Thumb Code     0  startup.o(RESET)
    WideTimer5B_Handler                      0x00000283   Thumb Code     0  startup.o(RESET)
    uDMA_Error                               0x00000283   Thumb Code     0  startup.o(RESET)
    uDMA_Handler                             0x00000283   Thumb Code     0  startup.o(RESET)
    __main                                   0x00000285   Thumb Code     8  __main.o(!!!main)
    __scatterload                            0x0000028d   Thumb Code     0  __scatter.o(!!!scatter)
    __scatterload_rt2                        0x0000028d   Thumb Code    44  __scatter.o(!!!scatter)
    __scatterload_rt2_thumb_only             0x0000028d   Thumb Code     0  __scatter.o(!!!scatter)
    __scatterload_null                       0x0000029b   Thumb Code     0  __scatter.o(!!!scatter)
    __scatterload_copy                       0x000002c1   Thumb Code    26  __scatter_copy.o(!!handler_copy)
    __scatterload_zeroinit                   0x000002dd   Thumb Code    28  __scatter_zi.o(!!handler_zi)
    __rt_lib_init                            0x000002f9   Thumb Code     0  libinit.o(.ARM.Collect$$libinit$$00000000)
    __rt_lib_init_alloca_1                   0x000002fb   Thumb Code     0  libinit2.o(.ARM.Collect$$libinit$$0000002C)
    __rt_lib_init_argv_1                     0x000002fb   Thumb Code     0  libinit2.o(.ARM.Collect$$libinit$$0000002A)
    __rt_lib_init_atexit_1                   0x000002fb   Thumb Code     0  libinit2.o(.ARM.Collect$$libinit$$00000019)
    __rt_lib_init_clock_1                    0x000002fb   Thumb Code     0  libinit2.o(.ARM.Collect$$libinit$$0000001F)
    __rt_lib_init_cpp_1                      0x000002fb   Thumb Code     0  libinit2.o(.ARM.Collect$$libinit$$00000030)
    __rt_lib_init_exceptions_1               0x000002fb   Thumb Code     0  libinit2.o(.ARM.Collect$$libinit$$0000002E)
    __rt_lib_init_fp_1                       0x000002fb   Thumb Code     0  libinit2.o(.ARM.Collect$$libinit$$00000002)
    __rt_lib_init_fp_trap_1                  0x000002fb   Thumb Code     0  libinit2.o(.ARM.Collect$$libinit$$0000001D)
    __rt_lib_init_getenv_1                   0x000002fb   Thumb Code     0  libinit2.o(.ARM.Collect$$libinit$$00000021)
    __rt_lib_init_heap_1                     0x000002fb   Thumb Code     0  libinit2.o(.ARM.Collect$$libinit$$00000008)
    __rt_lib_init_lc_collate_1               0x000002fb   Thumb Code     0  libinit2.o(.ARM.Collect$$libinit$$0000000F)
    __rt_lib_init_lc_ctype_1                 0x000002fb   Thumb Code     0  libinit2.o(.ARM.Collect$$libinit$$00000011)
    __rt_lib_init_lc_monetary_1              0x000002fb   Thumb Code     0  libinit2.o(.ARM.Collect$$libinit$$00000013)
    __rt_lib_init_lc_numeric_1               0x000002fb   Thumb Code     0  libinit2.o(.ARM.Collect$$libinit$$00000015)
    __rt_lib_init_lc_time_1                  0x000002fb   Thumb Code     0  libinit2.o(.ARM.Collect$$libinit$$00000017)
    __rt_lib_init_rand_1                     0x000002fb   Thumb Code     0  libinit2.o(.ARM.Collect$$libinit$$0000000C)
    __rt_lib_init_return                     0x000002fb   Thumb Code     0  libinit2.o(.ARM.Collect$$libinit$$00000031)
    __rt_lib_init_signal_1                   0x000002fb   Thumb Code     0  libinit2.o(.ARM.Collect$$libinit$$0000001B)
    __rt_lib_init_stdio_1                    0x000002fb   Thumb Code     0  libinit2.o(.ARM.Collect$$libinit$$00000023)
    __rt_lib_init_user_alloc_1               0x000002fb   Thumb Code     0  libinit2.o(.ARM.Collect$$libinit$$0000000A)
    __rt_lib_shutdown                        0x000002fd   Thumb Code     0  libshutdown.o(.ARM.Collect$$libshutdown$$00000000)
    __rt_lib_shutdown_fp_trap_1              0x000002ff   Thumb Code     0  libshutdown2.o(.ARM.Collect$$libshutdown$$00000006)
    __rt_lib_shutdown_heap_1                 0x000002ff   Thumb Code     0  libshutdown2.o(.ARM.Collect$$libshutdown$$0000000E)
    __rt_lib_shutdown_return                 0x000002ff   Thumb Code     0  libshutdown2.o(.ARM.Collect$$libshutdown$$0000000F)
    __rt_lib_shutdown_signal_1               0x000002ff   Thumb Code     0  libshutdown2.o(.ARM.Collect$$libshutdown$$00000009)
    __rt_lib_shutdown_stdio_1                0x000002ff   Thumb Code     0  libshutdown2.o(.ARM.Collect$$libshutdown$$00000003)
    __rt_lib_shutdown_user_alloc_1           0x000002ff   Thumb Code     0  libshutdown2.o(.ARM.Collect$$libshutdown$$0000000B)
    __rt_entry                               0x00000301   Thumb Code     0  rtentry.o(.ARM.Collect$$rtentry$$00000000)
    __rt_entry_presh_1                       0x00000301   Thumb Code     0  rtentry2.o(.ARM.Collect$$rtentry$$00000002)
    __rt_entry_sh                            0x00000301   Thumb Code     0  rtentry4.o(.ARM.Collect$$rtentry$$00000004)
    __rt_entry_li                            0x00000307   Thumb Code     0  rtentry2.o(.ARM.Collect$$rtentry$$0000000A)
    __rt_entry_postsh_1                      0x00000307   Thumb Code     0  rtentry2.o(.ARM.Collect$$rtentry$$00000009)
    __rt_entry_main                          0x0000030b   Thumb Code     0  rtentry2.o(.ARM.Collect$$rtentry$$0000000D)
    __rt_entry_postli_1                      0x0000030b   Thumb Code     0  rtentry2.o(.ARM.Collect$$rtentry$$0000000C)
    __rt_exit                                0x00000313   Thumb Code     0  rtexit.o(.ARM.Collect$$rtexit$$00000000)
    __rt_exit_ls                             0x00000315   Thumb Code     0  rtexit2.o(.ARM.Collect$$rtexit$$00000003)
    __rt_exit_prels_1                        0x00000315   Thumb Code     0  rtexit2.o(.ARM.Collect$$rtexit$$00000002)
    __rt_exit_exit                           0x00000319   Thumb Code     0  rtexit2.o(.ARM.Collect$$rtexit$$00000004)
    DisableInterrupts                        0x00000321   Thumb Code     0  startup.o(.text)
    EnableInterrupts                         0x00000325   Thumb Code     0  startup.o(.text)
    StartCritical                            0x00000329   Thumb Code     0  startup.o(.text)
    EndCritical                              0x00000331   Thumb Code     0  startup.o(.text)
    WaitForInterrupt                         0x00000337   Thumb Code     0  startup.o(.text)
    __user_initial_stackheap                 0x0000033b   Thumb Code     0  startup.o(.text)
    OS_DisableInterrupts                     0x00000351   Thumb Code     0  osasm.o(.text)
    OS_EnableInterrupts                      0x00000355   Thumb Code     0  osasm.o(.text)
    PendSV_Handler                           0x00000367   Thumb Code     0  osasm.o(.text)
    StartOS                                  0x0000039b   Thumb Code     0  osasm.o(.text)
    __use_two_region_memory                  0x000003c9   Thumb Code     2  heapauxi.o(.text)
    __rt_heap_escrow$2region                 0x000003cb   Thumb Code     2  heapauxi.o(.text)
    __rt_heap_expand$2region                 0x000003cd   Thumb Code     2  heapauxi.o(.text)
    __user_setup_stackheap                   0x000003cf   Thumb Code    74  sys_stackheap_outer.o(.text)
    exit                                     0x00000419   Thumb Code    12  exit.o(.text)
    __user_libspace                          0x00000425   Thumb Code     8  libspace.o(.text)
    __user_perproc_libspace                  0x00000425   Thumb Code     0  libspace.o(.text)
    __user_perthread_libspace                0x00000425   Thumb Code     0  libspace.o(.text)
    _sys_exit                                0x0000042d   Thumb Code     8  sys_exit.o(.text)
    __I$use$semihosting                      0x00000439   Thumb Code     0  use_no_semi.o(.text)
    __use_no_semihosting_swi                 0x00000439   Thumb Code     2  use_no_semi.o(.text)
    __semihosting_library_function           0x0000043b   Thumb Code     0  indicate_semi.o(.text)
    ADC0Seq3_Handler                         0x0000043d   Thumb Code    26  adc.o(i.ADC0Seq3_Handler)
    GPIOPortF_Handler                        0x000004d1   Thumb Code   122  os.o(i.GPIOPortF_Handler)
    OS_AddPeriodicThread                     0x0000056d   Thumb Code   286  os.o(i.OS_AddPeriodicThread)
    OS_AddThread                             0x000006ad   Thumb Code   346  os.o(i.OS_AddThread)
    OS_Init                                  0x00000815   Thumb Code   100  os.o(i.OS_Init)
    OS_InitSemaphore                         0x00000895   Thumb Code    10  os.o(i.OS_InitSemaphore)
    OS_Kill                                  0x000008a1   Thumb Code    76  os.o(i.OS_Kill)
    OS_Launch                                0x000008f5   Thumb Code    30  os.o(i.OS_Launch)
    OS_Sleep                                 0x0000091d   Thumb Code   244  os.o(i.OS_Sleep)
    OS_Suspend                               0x00000a29   Thumb Code    22  os.o(i.OS_Suspend)
    OS_bSignal                               0x00000a45   Thumb Code    86  os.o(i.OS_bSignal)
    OS_bWait                                 0x00000aa1   Thumb Code    60  os.o(i.OS_bWait)
    OutputThread                             0x00000ae1   Thumb Code   116  main.o(i.OutputThread)
    PLL_Init                                 0x00000bbd   Thumb Code   134  pll.o(i.PLL_Init)
    PortE_Init                               0x00000c49   Thumb Code   120  main.o(i.PortE_Init)
    PortF_Init                               0x00000ce1   Thumb Code    80  main.o(i.PortF_Init)
    RxFifo_Init                              0x00000d4d   Thumb Code    26  uart2.o(i.RxFifo_Init)
    RxFifo_Put                               0x00000d71   Thumb Code    48  uart2.o(i.RxFifo_Put)
    RxFifo_Size                              0x00000dad   Thumb Code    14  uart2.o(i.RxFifo_Size)
    SetInitialStack                          0x00000dc5   Thumb Code   226  os.o(i.SetInitialStack)
    Signal1                                  0x00000eb1   Thumb Code    40  main.o(i.Signal1)
    Signal2                                  0x00000ee1   Thumb Code    32  main.o(i.Signal2)
    Signal3                                  0x00000f09   Thumb Code    36  main.o(i.Signal3)
    SysClock_Init                            0x00000f39   Thumb Code    92  os.o(i.SysClock_Init)
    SysTick_Handler                          0x00000fa5   Thumb Code   128  systick.o(i.SysTick_Handler)
    Thread6                                  0x00001039   Thumb Code    32  main.o(i.Thread6)
    Timer1A_Handler                          0x00001061   Thumb Code    40  os.o(i.Timer1A_Handler)
    Timer2A_Handler                          0x00001095   Thumb Code    40  os.o(i.Timer2A_Handler)
    TxFifo_Get                               0x000010c9   Thumb Code    46  uart2.o(i.TxFifo_Get)
    TxFifo_Init                              0x00001105   Thumb Code    26  uart2.o(i.TxFifo_Init)
    TxFifo_Put                               0x00001129   Thumb Code    48  uart2.o(i.TxFifo_Put)
    TxFifo_Size                              0x00001165   Thumb Code    14  uart2.o(i.TxFifo_Size)
    UART0_Handler                            0x0000117d   Thumb Code    82  uart2.o(i.UART0_Handler)
    UART_Init                                0x000011d5   Thumb Code   176  uart2.o(i.UART_Init)
    UART_OutChar                             0x000012a1   Thumb Code    46  uart2.o(i.UART_OutChar)
    UART_OutString                           0x000012d5   Thumb Code    22  uart2.o(i.UART_OutString)
    UART_OutUDec                             0x000012eb   Thumb Code    42  uart2.o(i.UART_OutUDec)
    Wait1                                    0x00001315   Thumb Code    20  main.o(i.Wait1)
    Wait2                                    0x00001331   Thumb Code    20  main.o(i.Wait2)
    Wait3                                    0x0000134d   Thumb Code    20  main.o(i.Wait3)
    WakeUp                                   0x00001369   Thumb Code   314  systick.o(i.WakeUp)
    add                                      0x000014b1   Thumb Code    14  main.o(i.add)
    init_openThreads                         0x00001521   Thumb Code    28  os.o(i.init_openThreads)
    main                                     0x00001545   Thumb Code   224  main.o(i.main)
    pop_OpenThreads                          0x00001671   Thumb Code    34  os.o(i.pop_OpenThreads)
    push_OpenThreads                         0x0000169d   Thumb Code    26  os.o(i.push_OpenThreads)
    Region$$Table$$Base                      0x000016c0   Number         0  anon$$obj.o(Region$$Table)
    Region$$Table$$Limit                     0x000016e0   Number         0  anon$$obj.o(Region$$Table)
    ADCtask                                  0x20000000   Data           4  adc.o(.data)
    PutPt                                    0x2000000c   Data           4  os.o(.data)
    GetPt                                    0x20000010   Data           4  os.o(.data)
    PF4Task                                  0x20000014   Data           4  os.o(.data)
    PF0Task                                  0x20000018   Data           4  os.o(.data)
    PeriodicTask1                            0x2000001c   Data           4  os.o(.data)
    PeriodicTask2                            0x20000020   Data           4  os.o(.data)
    WakeupTask                               0x20000024   Data           4  os.o(.data)
    idxOpenThreads                           0x20000030   Data           4  os.o(.data)
    RxPutI                                   0x20000034   Data           4  uart2.o(.data)
    RxGetI                                   0x20000038   Data           4  uart2.o(.data)
    TxPutI                                   0x2000003c   Data           4  uart2.o(.data)
    TxGetI                                   0x20000040   Data           4  uart2.o(.data)
    NumCreated                               0x20000068   Data           4  main.o(.data)
    NumSleeping                              0x2000006c   Data           4  main.o(.data)
    PIDWork                                  0x20000070   Data           4  main.o(.data)
    FilterWork                               0x20000074   Data           4  main.o(.data)
    NumSamples                               0x20000078   Data           4  main.o(.data)
    RunPt                                    0x2000007c   Data           4  main.o(.data)
    SleepPt                                  0x20000080   Data           4  main.o(.data)
    tempRunPt                                0x20000084   Data           4  main.o(.data)
    StartPt                                  0x20000088   Data           4  main.o(.data)
    DataLost                                 0x2000008c   Data           4  main.o(.data)
    MaxJitter                                0x20000090   Data           4  main.o(.data)
    DASoutput                                0x20000094   Data           4  main.o(.data)
    IntTerm                                  0x20000098   Data           2  main.o(.data)
    PrevError                                0x2000009a   Data           2  main.o(.data)
    Coeff                                    0x2000009c   Data           6  main.o(.data)
    Actuator                                 0x200000a2   Data           2  main.o(.data)
    Count1                                   0x200000a4   Data           4  main.o(.data)
    Count2                                   0x200000a8   Data           4  main.o(.data)
    Count3                                   0x200000ac   Data           4  main.o(.data)
    Count4                                   0x200000b0   Data           4  main.o(.data)
    Count5                                   0x200000b4   Data           4  main.o(.data)
    Lost                                     0x200000b8   Data           4  main.o(.data)
    CountA                                   0x200000bc   Data           4  main.o(.data)
    CountB                                   0x200000c0   Data           4  main.o(.data)
    SignalCount1                             0x200000c4   Data           4  main.o(.data)
    SignalCount2                             0x200000c8   Data           4  main.o(.data)
    SignalCount3                             0x200000cc   Data           4  main.o(.data)
    WaitCount1                               0x200000d0   Data           4  main.o(.data)
    WaitCount2                               0x200000d4   Data           4  main.o(.data)
    WaitCount3                               0x200000d8   Data           4  main.o(.data)
    open_threads                             0x2000015c   Data          40  os.o(.bss)
    mail                                     0x20000184   Data          28  os.o(.bss)
    JitterHistogram                          0x20000220   Data         256  main.o(.bss)
    x                                        0x20000350   Data         256  main.o(.bss)
    y                                        0x20000450   Data         256  main.o(.bss)
    tcbs                                     0x20000550   Data         320  main.o(.bss)
    Stacks                                   0x20000690   Data        5120  main.o(.bss)
    toDisplay                                0x20001a90   Data          12  main.o(.bss)
    Readyc                                   0x20001a9c   Data          12  main.o(.bss)
    Readyd                                   0x20001aa8   Data          12  main.o(.bss)
    s                                        0x20001ab4   Data          12  main.o(.bss)
    dummy                                    0x20001ac0   Data          12  main.o(.bss)
    __libspace_start                         0x20001acc   Data          96  libspace.o(.bss)
    __temporary_stack_top$libspace           0x20001b2c   Data           0  libspace.o(.bss)



==============================================================================

Memory Map of the image

  Image Entry point : 0x0000026d

  Load Region LR_1 (Base: 0x00000000, Size: 0x000017bc, Max: 0xffffffff, ABSOLUTE)

    Execution Region ER_RO (Base: 0x00000000, Size: 0x000016e0, Max: 0xffffffff, ABSOLUTE)

    Base Addr    Size         Type   Attr      Idx    E Section Name        Object

    0x00000000   0x00000284   Code   RO            3  * RESET               startup.o
    0x00000284   0x00000008   Code   RO         1095  * !!!main             c_w.l(__main.o)
    0x0000028c   0x00000034   Code   RO         1281    !!!scatter          c_w.l(__scatter.o)
    0x000002c0   0x0000001a   Code   RO         1283    !!handler_copy      c_w.l(__scatter_copy.o)
    0x000002da   0x00000002   PAD
    0x000002dc   0x0000001c   Code   RO         1285    !!handler_zi        c_w.l(__scatter_zi.o)
    0x000002f8   0x00000002   Code   RO         1154    .ARM.Collect$$libinit$$00000000  c_w.l(libinit.o)
    0x000002fa   0x00000000   Code   RO         1161    .ARM.Collect$$libinit$$00000002  c_w.l(libinit2.o)
    0x000002fa   0x00000000   Code   RO         1164    .ARM.Collect$$libinit$$00000008  c_w.l(libinit2.o)
    0x000002fa   0x00000000   Code   RO         1166    .ARM.Collect$$libinit$$0000000A  c_w.l(libinit2.o)
    0x000002fa   0x00000000   Code   RO         1168    .ARM.Collect$$libinit$$0000000C  c_w.l(libinit2.o)
    0x000002fa   0x00000000   Code   RO         1171    .ARM.Collect$$libinit$$0000000F  c_w.l(libinit2.o)
    0x000002fa   0x00000000   Code   RO         1173    .ARM.Collect$$libinit$$00000011  c_w.l(libinit2.o)
    0x000002fa   0x00000000   Code   RO         1175    .ARM.Collect$$libinit$$00000013  c_w.l(libinit2.o)
    0x000002fa   0x00000000   Code   RO         1177    .ARM.Collect$$libinit$$00000015  c_w.l(libinit2.o)
    0x000002fa   0x00000000   Code   RO         1179    .ARM.Collect$$libinit$$00000017  c_w.l(libinit2.o)
    0x000002fa   0x00000000   Code   RO         1181    .ARM.Collect$$libinit$$00000019  c_w.l(libinit2.o)
    0x000002fa   0x00000000   Code   RO         1183    .ARM.Collect$$libinit$$0000001B  c_w.l(libinit2.o)
    0x000002fa   0x00000000   Code   RO         1185    .ARM.Collect$$libinit$$0000001D  c_w.l(libinit2.o)
    0x000002fa   0x00000000   Code   RO         1187    .ARM.Collect$$libinit$$0000001F  c_w.l(libinit2.o)
    0x000002fa   0x00000000   Code   RO         1189    .ARM.Collect$$libinit$$00000021  c_w.l(libinit2.o)
    0x000002fa   0x00000000   Code   RO         1191    .ARM.Collect$$libinit$$00000023  c_w.l(libinit2.o)
    0x000002fa   0x00000000   Code   RO         1195    .ARM.Collect$$libinit$$0000002A  c_w.l(libinit2.o)
    0x000002fa   0x00000000   Code   RO         1197    .ARM.Collect$$libinit$$0000002C  c_w.l(libinit2.o)
    0x000002fa   0x00000000   Code   RO         1199    .ARM.Collect$$libinit$$0000002E  c_w.l(libinit2.o)
    0x000002fa   0x00000000   Code   RO         1201    .ARM.Collect$$libinit$$00000030  c_w.l(libinit2.o)
    0x000002fa   0x00000002   Code   RO         1202    .ARM.Collect$$libinit$$00000031  c_w.l(libinit2.o)
    0x000002fc   0x00000002   Code   RO         1222    .ARM.Collect$$libshutdown$$00000000  c_w.l(libshutdown.o)
    0x000002fe   0x00000000   Code   RO         1236    .ARM.Collect$$libshutdown$$00000003  c_w.l(libshutdown2.o)
    0x000002fe   0x00000000   Code   RO         1239    .ARM.Collect$$libshutdown$$00000006  c_w.l(libshutdown2.o)
    0x000002fe   0x00000000   Code   RO         1242    .ARM.Collect$$libshutdown$$00000009  c_w.l(libshutdown2.o)
    0x000002fe   0x00000000   Code   RO         1244    .ARM.Collect$$libshutdown$$0000000B  c_w.l(libshutdown2.o)
    0x000002fe   0x00000000   Code   RO         1247    .ARM.Collect$$libshutdown$$0000000E  c_w.l(libshutdown2.o)
    0x000002fe   0x00000002   Code   RO         1248    .ARM.Collect$$libshutdown$$0000000F  c_w.l(libshutdown2.o)
    0x00000300   0x00000000   Code   RO         1113    .ARM.Collect$$rtentry$$00000000  c_w.l(rtentry.o)
    0x00000300   0x00000000   Code   RO         1129    .ARM.Collect$$rtentry$$00000002  c_w.l(rtentry2.o)
    0x00000300   0x00000006   Code   RO         1141    .ARM.Collect$$rtentry$$00000004  c_w.l(rtentry4.o)
    0x00000306   0x00000000   Code   RO         1131    .ARM.Collect$$rtentry$$00000009  c_w.l(rtentry2.o)
    0x00000306   0x00000004   Code   RO         1132    .ARM.Collect$$rtentry$$0000000A  c_w.l(rtentry2.o)
    0x0000030a   0x00000000   Code   RO         1134    .ARM.Collect$$rtentry$$0000000C  c_w.l(rtentry2.o)
    0x0000030a   0x00000008   Code   RO         1135    .ARM.Collect$$rtentry$$0000000D  c_w.l(rtentry2.o)
    0x00000312   0x00000002   Code   RO         1158    .ARM.Collect$$rtexit$$00000000  c_w.l(rtexit.o)
    0x00000314   0x00000000   Code   RO         1204    .ARM.Collect$$rtexit$$00000002  c_w.l(rtexit2.o)
    0x00000314   0x00000004   Code   RO         1205    .ARM.Collect$$rtexit$$00000003  c_w.l(rtexit2.o)
    0x00000318   0x00000006   Code   RO         1206    .ARM.Collect$$rtexit$$00000004  c_w.l(rtexit2.o)
    0x0000031e   0x00000002   PAD
    0x00000320   0x00000030   Code   RO            4    .text               startup.o
    0x00000350   0x00000078   Code   RO          697    .text               osasm.o
    0x000003c8   0x00000006   Code   RO         1093    .text               c_w.l(heapauxi.o)
    0x000003ce   0x0000004a   Code   RO         1145    .text               c_w.l(sys_stackheap_outer.o)
    0x00000418   0x0000000c   Code   RO         1147    .text               c_w.l(exit.o)
    0x00000424   0x00000008   Code   RO         1155    .text               c_w.l(libspace.o)
    0x0000042c   0x0000000c   Code   RO         1214    .text               c_w.l(sys_exit.o)
    0x00000438   0x00000002   Code   RO         1225    .text               c_w.l(use_no_semi.o)
    0x0000043a   0x00000000   Code   RO         1227    .text               c_w.l(indicate_semi.o)
    0x0000043a   0x00000002   PAD
    0x0000043c   0x00000024   Code   RO           12    i.ADC0Seq3_Handler  adc.o
    0x00000460   0x00000038   Code   RO          117    i.DebounceTaskPF0   os.o
    0x00000498   0x00000038   Code   RO          118    i.DebounceTaskPF4   os.o
    0x000004d0   0x0000009c   Code   RO          119    i.GPIOPortF_Handler  os.o
    0x0000056c   0x00000140   Code   RO          120    i.OS_AddPeriodicThread  os.o
    0x000006ac   0x00000168   Code   RO          123    i.OS_AddThread      os.o
    0x00000814   0x00000080   Code   RO          130    i.OS_Init           os.o
    0x00000894   0x0000000a   Code   RO          131    i.OS_InitSemaphore  os.o
    0x0000089e   0x00000002   PAD
    0x000008a0   0x00000054   Code   RO          132    i.OS_Kill           os.o
    0x000008f4   0x00000028   Code   RO          133    i.OS_Launch         os.o
    0x0000091c   0x0000010c   Code   RO          139    i.OS_Sleep          os.o
    0x00000a28   0x0000001c   Code   RO          140    i.OS_Suspend        os.o
    0x00000a44   0x0000005c   Code   RO          144    i.OS_bSignal        os.o
    0x00000aa0   0x00000040   Code   RO          145    i.OS_bWait          os.o
    0x00000ae0   0x000000dc   Code   RO          714    i.OutputThread      main.o
    0x00000bbc   0x0000008c   Code   RO          354    i.PLL_Init          pll.o
    0x00000c48   0x00000098   Code   RO          716    i.PortE_Init        main.o
    0x00000ce0   0x0000006c   Code   RO          717    i.PortF_Init        main.o
    0x00000d4c   0x00000024   Code   RO          567    i.RxFifo_Init       uart2.o
    0x00000d70   0x0000003c   Code   RO          568    i.RxFifo_Put        uart2.o
    0x00000dac   0x00000018   Code   RO          569    i.RxFifo_Size       uart2.o
    0x00000dc4   0x000000ec   Code   RO          146    i.SetInitialStack   os.o
    0x00000eb0   0x00000030   Code   RO          722    i.Signal1           main.o
    0x00000ee0   0x00000028   Code   RO          723    i.Signal2           main.o
    0x00000f08   0x00000030   Code   RO          724    i.Signal3           main.o
    0x00000f38   0x0000006c   Code   RO          147    i.SysClock_Init     os.o
    0x00000fa4   0x00000094   Code   RO          523    i.SysTick_Handler   systick.o
    0x00001038   0x00000028   Code   RO          743    i.Thread6           main.o
    0x00001060   0x00000034   Code   RO          148    i.Timer1A_Handler   os.o
    0x00001094   0x00000034   Code   RO          149    i.Timer2A_Handler   os.o
    0x000010c8   0x0000003c   Code   RO          570    i.TxFifo_Get        uart2.o
    0x00001104   0x00000024   Code   RO          571    i.TxFifo_Init       uart2.o
    0x00001128   0x0000003c   Code   RO          572    i.TxFifo_Put        uart2.o
    0x00001164   0x00000018   Code   RO          573    i.TxFifo_Size       uart2.o
    0x0000117c   0x00000058   Code   RO          574    i.UART0_Handler     uart2.o
    0x000011d4   0x000000cc   Code   RO          579    i.UART_Init         uart2.o
    0x000012a0   0x00000034   Code   RO          580    i.UART_OutChar      uart2.o
    0x000012d4   0x00000016   Code   RO          581    i.UART_OutString    uart2.o
    0x000012ea   0x0000002a   Code   RO          582    i.UART_OutUDec      uart2.o
    0x00001314   0x0000001c   Code   RO          746    i.Wait1             main.o
    0x00001330   0x0000001c   Code   RO          747    i.Wait2             main.o
    0x0000134c   0x0000001c   Code   RO          748    i.Wait3             main.o
    0x00001368   0x00000148   Code   RO          528    i.WakeUp            systick.o
    0x000014b0   0x00000014   Code   RO          749    i.add               main.o
    0x000014c4   0x00000030   Code   RO          584    i.copyHardwareToSoftware  uart2.o
    0x000014f4   0x0000002c   Code   RO          585    i.copySoftwareToHardware  uart2.o
    0x00001520   0x00000024   Code   RO          150    i.init_openThreads  os.o
    0x00001544   0x0000012c   Code   RO          753    i.main              main.o
    0x00001670   0x0000002c   Code   RO          151    i.pop_OpenThreads   os.o
    0x0000169c   0x00000024   Code   RO          152    i.push_OpenThreads  os.o
    0x000016c0   0x00000020   Data   RO         1279    Region$$Table       anon$$obj.o


    Execution Region ER_RW (Base: 0x20000000, Size: 0x000000dc, Max: 0xffffffff, ABSOLUTE)

    Base Addr    Size         Type   Attr      Idx    E Section Name        Object

    0x20000000   0x00000004   Data   RW           16    .data               adc.o
    0x20000004   0x00000030   Data   RW          154    .data               os.o
    0x20000034   0x00000010   Data   RW          587    .data               uart2.o
    0x20000044   0x00000098   Data   RW          760    .data               main.o


    Execution Region ER_ZI (Base: 0x200000dc, Size: 0x00001e54, Max: 0xffffffff, ABSOLUTE)

    Base Addr    Size         Type   Attr      Idx    E Section Name        Object

    0x200000dc   0x000000c4   Zero   RW          153    .bss                os.o
    0x200001a0   0x00000080   Zero   RW          586    .bss                uart2.o
    0x20000220   0x000018ac   Zero   RW          758    .bss                main.o
    0x20001acc   0x00000060   Zero   RW         1156    .bss                c_w.l(libspace.o)
    0x20001b2c   0x00000004   PAD
    0x20001b30   0x00000000   Zero   RW            2    HEAP                startup.o
    0x20001b30   0x00000400   Zero   RW            1    STACK               startup.o


==============================================================================

Image component sizes


      Code (inc. data)   RO Data    RW Data    ZI Data      Debug   Object Name

        36         10          0          4          0       2953   adc.o
      1060        306          0        152       6316      10267   main.o
      2226        270          0         48        196      11594   os.o
       120         14          0          0          0        224   osasm.o
       140          6          0          0          0        395   pll.o
       692        632          0          0       1024        916   startup.o
       476         34          0          0          0       1115   systick.o
       800        130          0         16        128       8192   uart2.o

    ----------------------------------------------------------------------
      5552       1402         32        220       7664      35656   Object Totals
         0          0         32          0          0          0   (incl. Generated)
         2          0          0          0          0          0   (incl. Padding)

    ----------------------------------------------------------------------

      Code (inc. data)   RO Data    RW Data    ZI Data      Debug   Library Member Name

         8          0          0          0          0         68   __main.o
        52          8          0          0          0          0   __scatter.o
        26          0          0          0          0          0   __scatter_copy.o
        28          0          0          0          0          0   __scatter_zi.o
        12          0          0          0          0         72   exit.o
         6          0          0          0          0        152   heapauxi.o
         0          0          0          0          0          0   indicate_semi.o
         2          0          0          0          0          0   libinit.o
         2          0          0          0          0          0   libinit2.o
         2          0          0          0          0          0   libshutdown.o
         2          0          0          0          0          0   libshutdown2.o
         8          4          0          0         96         68   libspace.o
         0          0          0          0          0          0   rtentry.o
        12          0          0          0          0          0   rtentry2.o
         6          0          0          0          0          0   rtentry4.o
         2          0          0          0          0          0   rtexit.o
        10          0          0          0          0          0   rtexit2.o
        12          4          0          0          0         68   sys_exit.o
        74          0          0          0          0         80   sys_stackheap_outer.o
         2          0          0          0          0         68   use_no_semi.o

    ----------------------------------------------------------------------
       272         16          0          0        100        576   Library Totals
         6          0          0          0          4          0   (incl. Padding)

    ----------------------------------------------------------------------

      Code (inc. data)   RO Data    RW Data    ZI Data      Debug   Library Name

       266         16          0          0         96        576   c_w.l

    ----------------------------------------------------------------------
       272         16          0          0        100        576   Library Totals

    ----------------------------------------------------------------------

==============================================================================


      Code (inc. data)   RO Data    RW Data    ZI Data      Debug   

      5824       1418         32        220       7764      33476   Grand Totals
      5824       1418         32        220       7764      33476   ELF Image Totals
      5824       1418         32        220          0          0   ROM Totals

==============================================================================

    Total RO  Size (Code + RO Data)                 5856 (   5.72kB)
    Total RW  Size (RW Data + ZI Data)              7984 (   7.80kB)
    Total ROM Size (Code + RO Data + RW Data)       6076 (   5.93kB)

==============================================================================

