<html>
<body>
<pre>
<h1>µVision Build Log</h1>
<h2>Project:</h2>
C:\Dropbox\ArmBook\LaunchPad\LaunchPadware\UART2_4F120asmFull\UART2.uvproj
Project File Date:  05/13/2013

<h2>Output:</h2>
Build target 'UART2'
assembling Startup.s...
assembling PLL.s...
assembling UART2.s...
assembling UART2TestMain.s...
assembling FIFO.s...
linking...
Program Size: Code=2264 RO-data=0 RW-data=72 ZI-data=1024  
"UART2.axf" - 0 Error(s), 0 Warning(s).
Load "C:\\Dropbox\\ArmBook\\LaunchPad\\LaunchPadware\\UART2_4F120asmFull\\UART2.AXF" 
Connecting: Mode=JTAG, Speed=1000000Hz
Erase Done.
Programming Done.
Verify OK.
