<html>
<body>
<pre>
<h1>µVision Build Log</h1>
<h2>Project:</h2>
C:\LaunchPadware\Exam2_Merge\Exam2_Merge.uvproj
Project File Date:  11/05/2013

<h2>Output:</h2>
Rebuild target 'Exam2'
assembling Startup.s...
compiling PLL.c...
compiling UART.c...
compiling main.c...
assembling Exam2.s...
Exam2.s(79): error: A1516E: Bad symbol 'Insert_loop', not defined or external
".\Exam2.axf" - 1 Errors, 0 Warning(s).
Target not created
Rebuild target 'Exam2'
assembling Startup.s...
compiling PLL.c...
compiling UART.c...
compiling main.c...
assembling Exam2.s...
linking...
Program Size: Code=1928 RO-data=656 RW-data=0 ZI-data=376  
".\Exam2.axf" - 0 Errors, 0 Warning(s).
Rebuild target 'Exam2'
assembling Startup.s...
compiling PLL.c...
compiling UART.c...
compiling main.c...
assembling Exam2.s...
linking...
Program Size: Code=2020 RO-data=656 RW-data=0 ZI-data=376  
".\Exam2.axf" - 0 Errors, 0 Warning(s).
Rebuild target 'Exam2'
assembling Startup.s...
compiling PLL.c...
compiling UART.c...
compiling main.c...
assembling Exam2.s...
linking...
Program Size: Code=2024 RO-data=656 RW-data=0 ZI-data=376  
".\Exam2.axf" - 0 Errors, 0 Warning(s).
