<html>
<body>
<pre>
<h1>µVision Build Log</h1>
<h2>Project:</h2>
C:\Users\Colin\Documents\GitHub\EE445M\Stupid Lab\CAN.uvproj
Project File Date:  03/26/2014

<h2>Output:</h2>
Build target 'CAN'
compiling main.c...
compiling Timer3.c...
compiling can0.c...
compiling interrupt.c...
linking...
Program Size: Code=3768 RO-data=52 RW-data=28 ZI-data=1124  
".\CAN.axf" - 0 Errors, 0 Warning(s).
Build target 'CAN'
linking...
Program Size: Code=3768 RO-data=52 RW-data=28 ZI-data=1124  
".\CAN.axf" - 0 Errors, 0 Warning(s).
Load "C:\\Users\\Colin\\Documents\\GitHub\\EE445M\\Stupid Lab\\CAN.axf" 
Connecting: Mode=JTAG, Speed=1000000Hz
Erase Done.
Programming Done.
Verify OK.
Build target 'CAN'
compiling main.c...
compiling can0.c...
linking...
Program Size: Code=3768 RO-data=52 RW-data=28 ZI-data=1124  
".\CAN.axf" - 0 Errors, 0 Warning(s).
Load "C:\\Users\\Colin\\Documents\\GitHub\\EE445M\\Stupid Lab\\CAN.axf" 
Connecting: Mode=JTAG, Speed=1000000Hz
Erase Done.
Programming Done.
Verify OK.
Build target 'CAN'
compiling main.c...
compiling can0.c...
linking...
Program Size: Code=3764 RO-data=52 RW-data=28 ZI-data=1124  
".\CAN.axf" - 0 Errors, 0 Warning(s).
Load "C:\\Users\\Colin\\Documents\\GitHub\\EE445M\\Stupid Lab\\CAN.axf" 
Connecting: Mode=JTAG, Speed=1000000Hz
Erase Done.
Programming Done.
Verify OK.
