<html>
<body>
<pre>
<h1>µVision Build Log</h1>
<h2>Project:</h2>
D:\My Dropbox\ArmBook\LaunchPad\LaunchPadware\MealyEngineControl_4F120asm\EngineControl.uvproj
Project File Date:  05/09/2013

<h2>Output:</h2>
Build target 'EngineControl'
assembling Startup.s...
assembling PLL.s...
assembling SysTick.s...
SysTick.s(68): warning: A1876W: Use of '|' as a synonym for the :OR: operator is deprecated.
assembling EngineControl.s...
linking...
Program Size: Code=1024 RO-data=0 RW-data=0 ZI-data=1024  
"EngineControl.axf" - 0 Error(s), 1 Warning(s).
Build target 'EngineControl'
assembling SysTick.s...
linking...
Program Size: Code=1024 RO-data=0 RW-data=0 ZI-data=1024  
"EngineControl.axf" - 0 Error(s), 0 Warning(s).
Build target 'EngineControl'
assembling EngineControl.s...
linking...
Program Size: Code=1028 RO-data=0 RW-data=0 ZI-data=1024  
"EngineControl.axf" - 0 Error(s), 0 Warning(s).
Rebuild target 'EngineControl'
assembling Startup.s...
assembling PLL.s...
assembling SysTick.s...
assembling EngineControl.s...
linking...
Program Size: Code=1028 RO-data=0 RW-data=0 ZI-data=1024  
"EngineControl.axf" - 0 Error(s), 0 Warning(s).
