<html>
<body>
<pre>
<h1>µVision Build Log</h1>
<h2>Project:</h2>
C:\LaunchPadware\EdgeInterrupt_4F120 - Copy\EdgeInterrupt.uvproj
Project File Date:  09/25/2013

<h2>Output:</h2>
Rebuild target 'EdgeInterrupt'
assembling startup.s...
compiling EdgeInterrupt.c...
linking...
Program Size: Code=1372 RO-data=32 RW-data=4 ZI-data=1124  
".\EdgeInterrupt.axf" - 0 Errors, 0 Warning(s).
Load "C:\\LaunchPadware\\EdgeInterrupt_4F120 - Copy\\EdgeInterrupt.axf" 
Connecting: Mode=JTAG, Speed=1000000Hz
Erase Done.
Programming Done.
Verify OK.
Rebuild target 'EdgeInterrupt'
assembling startup.s...
compiling EdgeInterrupt.c...
linking...
Program Size: Code=1372 RO-data=32 RW-data=4 ZI-data=1124  
".\EdgeInterrupt.axf" - 0 Errors, 0 Warning(s).
Load "C:\\LaunchPadware\\EdgeInterrupt_4F120 - Copy\\EdgeInterrupt.axf" 
Connecting: Mode=JTAG, Speed=1000000Hz
Erase Done.
Programming Done.
Verify OK.
Rebuild target 'EdgeInterrupt'
assembling startup.s...
compiling EdgeInterrupt.c...
linking...
Program Size: Code=1388 RO-data=32 RW-data=4 ZI-data=1124  
".\EdgeInterrupt.axf" - 0 Errors, 0 Warning(s).
Rebuild target 'EdgeInterrupt'
assembling startup.s...
compiling EdgeInterrupt.c...
linking...
Program Size: Code=1388 RO-data=32 RW-data=4 ZI-data=1124  
".\EdgeInterrupt.axf" - 0 Errors, 0 Warning(s).
Load "C:\\LaunchPadware\\EdgeInterrupt_4F120 - Copy\\EdgeInterrupt.axf" 
Connecting: Mode=JTAG, Speed=1000000Hz
Erase Done.
Programming Done.
Verify OK.
Load "C:\\LaunchPadware\\EdgeInterrupt_4F120 - Copy\\EdgeInterrupt.axf" 
Connecting: Mode=JTAG, Speed=1000000Hz
Erase Done.
Programming Done.
Verify OK.
Rebuild target 'EdgeInterrupt'
assembling startup.s...
compiling EdgeInterrupt.c...
linking...
Program Size: Code=1396 RO-data=32 RW-data=4 ZI-data=1124  
".\EdgeInterrupt.axf" - 0 Errors, 0 Warning(s).
Rebuild target 'EdgeInterrupt'
assembling startup.s...
compiling EdgeInterrupt.c...
linking...
Program Size: Code=1396 RO-data=32 RW-data=4 ZI-data=1124  
".\EdgeInterrupt.axf" - 0 Errors, 0 Warning(s).
Load "C:\\LaunchPadware\\EdgeInterrupt_4F120 - Copy\\EdgeInterrupt.axf" 
Connecting: Mode=JTAG, Speed=1000000Hz
Erase Done.
Programming Done.
Verify OK.
Rebuild target 'EdgeInterrupt'
assembling startup.s...
compiling EdgeInterrupt.c...
linking...
Program Size: Code=1408 RO-data=32 RW-data=4 ZI-data=1124  
".\EdgeInterrupt.axf" - 0 Errors, 0 Warning(s).
Load "C:\\LaunchPadware\\EdgeInterrupt_4F120 - Copy\\EdgeInterrupt.axf" 
Connecting: Mode=JTAG, Speed=1000000Hz
Erase Done.
Programming Done.
Verify OK.
Rebuild target 'EdgeInterrupt'
assembling startup.s...
compiling EdgeInterrupt.c...
linking...
Program Size: Code=1408 RO-data=32 RW-data=4 ZI-data=1124  
".\EdgeInterrupt.axf" - 0 Errors, 0 Warning(s).
Rebuild target 'EdgeInterrupt'
assembling startup.s...
compiling EdgeInterrupt.c...
linking...
Program Size: Code=1408 RO-data=32 RW-data=4 ZI-data=1124  
".\EdgeInterrupt.axf" - 0 Errors, 0 Warning(s).
Rebuild target 'EdgeInterrupt'
assembling startup.s...
compiling EdgeInterrupt.c...
linking...
Program Size: Code=1408 RO-data=32 RW-data=4 ZI-data=1124  
".\EdgeInterrupt.axf" - 0 Errors, 0 Warning(s).
Load "C:\\LaunchPadware\\EdgeInterrupt_4F120 - Copy\\EdgeInterrupt.axf" 
Connecting: Mode=JTAG, Speed=1000000Hz
Erase Done.
Programming Done.
Verify OK.
Rebuild target 'EdgeInterrupt'
assembling startup.s...
compiling EdgeInterrupt.c...
linking...
Program Size: Code=1416 RO-data=32 RW-data=4 ZI-data=1124  
".\EdgeInterrupt.axf" - 0 Errors, 0 Warning(s).
Rebuild target 'EdgeInterrupt'
assembling startup.s...
compiling EdgeInterrupt.c...
linking...
Program Size: Code=1416 RO-data=32 RW-data=4 ZI-data=1124  
".\EdgeInterrupt.axf" - 0 Errors, 0 Warning(s).
Load "C:\\LaunchPadware\\EdgeInterrupt_4F120 - Copy\\EdgeInterrupt.axf" 
Connecting: Mode=JTAG, Speed=1000000Hz
Erase Done.
Programming Done.
Verify OK.
