<html>
<body>
<pre>
<h1>µVision Build Log</h1>
<h2>Project:</h2>
C:\Users\Colin\Documents\GitHub\EE445M\Lab4\Lab3.uvproj
Project File Date:  03/06/2014

<h2>Output:</h2>
Build target 'Lab3'
compiling Interpreter.c...
Filter.h(1): error:  #37: the #endif for this directive is missing
compiling main.c...
main.c(942): warning:  #111-D: statement is unreachable
main.c(1021): warning:  #111-D: statement is unreachable
".\ST7735.axf" - 1 Errors, 2 Warning(s).
Target not created
Build target 'Lab3'
compiling Interpreter.c...
linking...
Program Size: Code=11104 RO-data=1556 RW-data=504 ZI-data=9040  
".\ST7735.axf" - 0 Errors, 0 Warning(s).
Load "C:\\Users\\Colin\\Documents\\GitHub\\EE445M\\Lab4\\ST7735.axf" 
Connecting: Mode=JTAG, Speed=1000000Hz
Erase Done.
Programming Done.
Verify OK.
Rebuild target 'Lab3'
assembling startup.s...
compiling ADC.c...
compiling Interpreter.c...
compiling OS.c...
OS.c(431): warning:  #61-D: integer operation result is out of range
OS.c(843): warning:  #61-D: integer operation result is out of range
compiling PLL.c...
compiling ST7735.c...
compiling SysTick.c...
compiling UART2.c...
assembling cr4_fft_64_stm32.s...
assembling osasm.s...
assembling PID_stm32.s...
compiling main.c...
main.c(942): warning:  #111-D: statement is unreachable
main.c(1021): warning:  #111-D: statement is unreachable
compiling Filter.c...
linking...
Program Size: Code=11104 RO-data=1556 RW-data=504 ZI-data=9040  
".\ST7735.axf" - 0 Errors, 4 Warning(s).
Build target 'Lab3'
compiling Interpreter.c...
compiling main.c...
main.c(943): warning:  #111-D: statement is unreachable
main.c(1009): warning:  #111-D: statement is unreachable
linking...
Program Size: Code=11104 RO-data=1556 RW-data=504 ZI-data=9040  
".\ST7735.axf" - 0 Errors, 2 Warning(s).
Load "C:\\Users\\Colin\\Documents\\GitHub\\EE445M\\Lab4\\ST7735.axf" 
Connecting: Mode=JTAG, Speed=1000000Hz
Erase Done.
Programming Done.
Verify OK.
Build target 'Lab3'
compiling Interpreter.c...
Interpreter.c(46): warning:  #223-D: function "ST7735_DrawStr" declared implicitly
Interpreter.c(100): warning:  #223-D: function "ST7735_DrawStr" declared implicitly
Interpreter.c(102): warning:  #223-D: function "ST7735_DrawStr" declared implicitly
Interpreter.c(118): warning:  #223-D: function "ST7735_DrawStr" declared implicitly
Interpreter.c(120): warning:  #223-D: function "ST7735_DrawStr" declared implicitly
compiling ST7735.c...
ST7735.c(1354): error:  #147-D: declaration is incompatible with "void ST7735_Message(unsigned long, unsigned long, unsigned char *, long)" (declared at line 127 of "ST7735.h")
ST7735.c(1356): warning:  #223-D: function "strlen" declared implicitly
ST7735.c(1356): warning:  #223-D: function "countDigits" declared implicitly
ST7735.c(1360): warning:  #223-D: function "ST7735_DrawStr" declared implicitly
ST7735.c(1364): warning:  #223-D: function "sprintf" declared implicitly
ST7735.c(1365): warning:  #223-D: function "ST7735_DrawStr" declared implicitly
ST7735.c(1369): warning:  #223-D: function "sprintf" declared implicitly
ST7735.c(1370): warning:  #223-D: function "ST7735_DrawStr" declared implicitly
compiling main.c...
main.c(267): warning:  #223-D: function "ST7735_DrawStr" declared implicitly
main.c(943): warning:  #111-D: statement is unreachable
main.c(956): warning:  #177-D: variable "i" was declared but never referenced
main.c(956): warning:  #177-D: variable "j" was declared but never referenced
main.c(957): warning:  #177-D: variable "pixelPos" was declared but never referenced
main.c(1013): warning:  #111-D: statement is unreachable
".\ST7735.axf" - 1 Errors, 18 Warning(s).
Target not created
Rebuild target 'Lab3'
assembling startup.s...
compiling ADC.c...
compiling Interpreter.c...
Interpreter.c(46): warning:  #223-D: function "ST7735_DrawStr" declared implicitly
Interpreter.c(100): warning:  #223-D: function "ST7735_DrawStr" declared implicitly
Interpreter.c(102): warning:  #223-D: function "ST7735_DrawStr" declared implicitly
Interpreter.c(118): warning:  #223-D: function "ST7735_DrawStr" declared implicitly
Interpreter.c(120): warning:  #223-D: function "ST7735_DrawStr" declared implicitly
compiling OS.c...
OS.c(431): warning:  #61-D: integer operation result is out of range
OS.c(843): warning:  #61-D: integer operation result is out of range
compiling PLL.c...
compiling ST7735.c...
ST7735.c(1356): warning:  #223-D: function "strlen" declared implicitly
ST7735.c(1356): warning:  #223-D: function "countDigits" declared implicitly
ST7735.c(1359): warning:  #186-D: pointless comparison of unsigned integer with zero
ST7735.c(1360): warning:  #223-D: function "ST7735_DrawStr" declared implicitly
ST7735.c(1364): warning:  #223-D: function "sprintf" declared implicitly
ST7735.c(1365): warning:  #223-D: function "ST7735_DrawStr" declared implicitly
ST7735.c(1369): warning:  #223-D: function "sprintf" declared implicitly
ST7735.c(1370): warning:  #223-D: function "ST7735_DrawStr" declared implicitly
compiling SysTick.c...
compiling UART2.c...
assembling cr4_fft_64_stm32.s...
assembling osasm.s...
assembling PID_stm32.s...
compiling main.c...
main.c(267): warning:  #223-D: function "ST7735_DrawStr" declared implicitly
main.c(943): warning:  #111-D: statement is unreachable
main.c(956): warning:  #177-D: variable "i" was declared but never referenced
main.c(956): warning:  #177-D: variable "j" was declared but never referenced
main.c(957): warning:  #177-D: variable "pixelPos" was declared but never referenced
main.c(1013): warning:  #111-D: statement is unreachable
compiling Filter.c...
linking...
.\ST7735.axf: Error: L6218E: Undefined symbol ST7735_DrawStr (referred from interpreter.o).
.\ST7735.axf: Error: L6218E: Undefined symbol countDigits (referred from st7735.o).
".\ST7735.axf" - 2 Errors, 21 Warning(s).
Target not created
Build target 'Lab3'
compiling ST7735.c...
ST7735.c(417): error:  #20: identifier "Sema4Type" is undefined
ST7735.c(687): warning:  #223-D: function "OS_InitSemaphore" declared implicitly
ST7735.c(713): warning:  #223-D: function "OS_InitSemaphore" declared implicitly
ST7735.c(1401): warning:  #167-D: argument of type "unsigned char *" is incompatible with parameter of type "const char *"
ST7735.c(1404): warning:  #186-D: pointless comparison of unsigned integer with zero
ST7735.c(1409): warning:  #167-D: argument of type "unsigned char *" is incompatible with parameter of type "char *restrict"
ST7735.c(1414): warning:  #167-D: argument of type "unsigned char *" is incompatible with parameter of type "char *restrict"
".\ST7735.axf" - 1 Errors, 6 Warning(s).
Target not created
Build target 'Lab3'
compiling ST7735.c...
ST7735.c(1402): warning:  #167-D: argument of type "unsigned char *" is incompatible with parameter of type "const char *"
ST7735.c(1405): warning:  #186-D: pointless comparison of unsigned integer with zero
ST7735.c(1410): warning:  #167-D: argument of type "unsigned char *" is incompatible with parameter of type "char *restrict"
ST7735.c(1415): warning:  #167-D: argument of type "unsigned char *" is incompatible with parameter of type "char *restrict"
linking...
Program Size: Code=7884 RO-data=2052 RW-data=536 ZI-data=9064  
".\ST7735.axf" - 0 Errors, 4 Warning(s).
Build target 'Lab3'
compiling Interpreter.c...
Interpreter.c(46): warning:  #223-D: function "ST7735_DrawStr" declared implicitly
Interpreter.c(100): warning:  #223-D: function "ST7735_DrawStr" declared implicitly
Interpreter.c(102): warning:  #223-D: function "ST7735_DrawStr" declared implicitly
Interpreter.c(118): warning:  #223-D: function "ST7735_DrawStr" declared implicitly
Interpreter.c(120): warning:  #223-D: function "ST7735_DrawStr" declared implicitly
compiling ST7735.c...
ST7735.c(1405): warning:  #186-D: pointless comparison of unsigned integer with zero
ST7735.c(1411): warning:  #167-D: argument of type "char *" is incompatible with parameter of type "unsigned char *"
ST7735.c(1412): warning:  #167-D: argument of type "char *" is incompatible with parameter of type "unsigned char *"
ST7735.c(1416): warning:  #167-D: argument of type "char *" is incompatible with parameter of type "unsigned char *"
ST7735.c(1417): warning:  #167-D: argument of type "char *" is incompatible with parameter of type "unsigned char *"
compiling main.c...
main.c(267): warning:  #223-D: function "ST7735_DrawStr" declared implicitly
main.c(943): warning:  #111-D: statement is unreachable
main.c(956): warning:  #177-D: variable "i" was declared but never referenced
main.c(956): warning:  #177-D: variable "j" was declared but never referenced
main.c(957): warning:  #177-D: variable "pixelPos" was declared but never referenced
main.c(1013): warning:  #111-D: statement is unreachable
linking...
Program Size: Code=7884 RO-data=2052 RW-data=536 ZI-data=9064  
".\ST7735.axf" - 0 Errors, 16 Warning(s).
Build target 'Lab3'
compiling main.c...
main.c(267): warning:  #223-D: function "ST7735_DrawStr" declared implicitly
main.c(943): warning:  #111-D: statement is unreachable
main.c(1012): warning:  #111-D: statement is unreachable
linking...
Program Size: Code=7884 RO-data=2052 RW-data=528 ZI-data=9064  
".\ST7735.axf" - 0 Errors, 3 Warning(s).
Build target 'Lab3'
compiling Interpreter.c...
compiling ST7735.c...
ST7735.c(1347): error:  #147-D: declaration is incompatible with "int ST7735_DrawStr(short, short, char *, short, short)" (declared at line 169 of "ST7735.h")
ST7735.c(1405): warning:  #186-D: pointless comparison of unsigned integer with zero
ST7735.c(1411): warning:  #167-D: argument of type "char *" is incompatible with parameter of type "unsigned char *"
ST7735.c(1412): warning:  #167-D: argument of type "char *" is incompatible with parameter of type "unsigned char *"
ST7735.c(1416): warning:  #167-D: argument of type "char *" is incompatible with parameter of type "unsigned char *"
ST7735.c(1417): warning:  #167-D: argument of type "char *" is incompatible with parameter of type "unsigned char *"
compiling main.c...
main.c(943): warning:  #111-D: statement is unreachable
main.c(1012): warning:  #111-D: statement is unreachable
".\ST7735.axf" - 1 Errors, 7 Warning(s).
Target not created
Rebuild target 'Lab3'
assembling startup.s...
compiling ADC.c...
compiling Interpreter.c...
compiling OS.c...
OS.c(431): warning:  #61-D: integer operation result is out of range
OS.c(843): warning:  #61-D: integer operation result is out of range
compiling PLL.c...
compiling ST7735.c...
ST7735.c(1405): warning:  #186-D: pointless comparison of unsigned integer with zero
compiling SysTick.c...
compiling UART2.c...
assembling cr4_fft_64_stm32.s...
assembling osasm.s...
assembling PID_stm32.s...
compiling main.c...
main.c(943): warning:  #111-D: statement is unreachable
main.c(1012): warning:  #111-D: statement is unreachable
compiling Filter.c...
linking...
Program Size: Code=7884 RO-data=2052 RW-data=528 ZI-data=9064  
".\ST7735.axf" - 0 Errors, 5 Warning(s).
Load "C:\\Users\\Colin\\Documents\\GitHub\\EE445M\\Lab4\\ST7735.axf" 
Connecting: Mode=JTAG, Speed=1000000Hz
Erase Done.
Programming Done.
Verify OK.
Build target 'Lab3'
compiling main.c...
main.c(943): warning:  #111-D: statement is unreachable
main.c(1013): warning:  #111-D: statement is unreachable
linking...
Program Size: Code=8012 RO-data=2052 RW-data=528 ZI-data=9064  
".\ST7735.axf" - 0 Errors, 2 Warning(s).
Load "C:\\Users\\Colin\\Documents\\GitHub\\EE445M\\Lab4\\ST7735.axf" 
Connecting: Mode=JTAG, Speed=1000000Hz
Erase Done.
Programming Done.
Verify OK.
Build target 'Lab3'
compiling main.c...
main.c(943): warning:  #111-D: statement is unreachable
main.c(1016): warning:  #111-D: statement is unreachable
linking...
Program Size: Code=8248 RO-data=2052 RW-data=528 ZI-data=9064  
".\ST7735.axf" - 0 Errors, 2 Warning(s).
Load "C:\\Users\\Colin\\Documents\\GitHub\\EE445M\\Lab4\\ST7735.axf" 
Connecting: Mode=JTAG, Speed=1000000Hz
Erase Done.
Programming Done.
Verify OK.
Build target 'Lab3'
compiling main.c...
main.c(943): warning:  #111-D: statement is unreachable
main.c(1016): warning:  #111-D: statement is unreachable
linking...
Program Size: Code=8120 RO-data=2052 RW-data=528 ZI-data=9064  
".\ST7735.axf" - 0 Errors, 2 Warning(s).
Build target 'Lab3'
compiling main.c...
main.c(943): warning:  #111-D: statement is unreachable
main.c(1016): warning:  #111-D: statement is unreachable
linking...
Program Size: Code=7904 RO-data=2052 RW-data=528 ZI-data=9064  
".\ST7735.axf" - 0 Errors, 2 Warning(s).
Load "C:\\Users\\Colin\\Documents\\GitHub\\EE445M\\Lab4\\ST7735.axf" 
Connecting: Mode=JTAG, Speed=1000000Hz
Erase Done.
Programming Done.
Verify OK.
Build target 'Lab3'
compiling main.c...
main.c(943): warning:  #111-D: statement is unreachable
main.c(1018): warning:  #111-D: statement is unreachable
linking...
Program Size: Code=8244 RO-data=2052 RW-data=528 ZI-data=9064  
".\ST7735.axf" - 0 Errors, 2 Warning(s).
Load "C:\\Users\\Colin\\Documents\\GitHub\\EE445M\\Lab4\\ST7735.axf" 
Connecting: Mode=JTAG, Speed=1000000Hz
Erase Done.
Programming Done.
Verify OK.
Build target 'Lab3'
compiling main.c...
main.c(943): warning:  #111-D: statement is unreachable
main.c(1018): warning:  #111-D: statement is unreachable
linking...
Program Size: Code=8028 RO-data=2052 RW-data=528 ZI-data=9064  
".\ST7735.axf" - 0 Errors, 2 Warning(s).
Load "C:\\Users\\Colin\\Documents\\GitHub\\EE445M\\Lab4\\ST7735.axf" 
Connecting: Mode=JTAG, Speed=1000000Hz
Erase Done.
Programming Done.
Verify OK.
Build target 'Lab3'
compiling main.c...
main.c(943): warning:  #111-D: statement is unreachable
main.c(1019): warning:  #111-D: statement is unreachable
linking...
Program Size: Code=8028 RO-data=2052 RW-data=528 ZI-data=9064  
".\ST7735.axf" - 0 Errors, 2 Warning(s).
Load "C:\\Users\\Colin\\Documents\\GitHub\\EE445M\\Lab4\\ST7735.axf" 
Connecting: Mode=JTAG, Speed=1000000Hz
Erase Done.
Programming Done.
Verify OK.
Build target 'Lab3'
compiling main.c...
main.c(943): warning:  #111-D: statement is unreachable
main.c(1019): warning:  #111-D: statement is unreachable
linking...
Program Size: Code=8244 RO-data=2052 RW-data=528 ZI-data=9064  
".\ST7735.axf" - 0 Errors, 2 Warning(s).
Load "C:\\Users\\Colin\\Documents\\GitHub\\EE445M\\Lab4\\ST7735.axf" 
Connecting: Mode=JTAG, Speed=1000000Hz
Erase Done.
Programming Done.
Verify OK.
Build target 'Lab3'
compiling ST7735.c...
ST7735.c(1405): warning:  #186-D: pointless comparison of unsigned integer with zero
linking...
Program Size: Code=8244 RO-data=2052 RW-data=528 ZI-data=9064  
".\ST7735.axf" - 0 Errors, 1 Warning(s).
Load "C:\\Users\\Colin\\Documents\\GitHub\\EE445M\\Lab4\\ST7735.axf" 
Connecting: Mode=JTAG, Speed=1000000Hz
Erase Done.
Programming Done.
Verify OK.
Build target 'Lab3'
compiling main.c...
main.c(943): warning:  #111-D: statement is unreachable
linking...
Program Size: Code=11844 RO-data=2116 RW-data=572 ZI-data=9076  
".\ST7735.axf" - 0 Errors, 1 Warning(s).
Load "C:\\Users\\Colin\\Documents\\GitHub\\EE445M\\Lab4\\ST7735.axf" 
Connecting: Mode=JTAG, Speed=1000000Hz
Erase Done.
Programming Done.
Verify OK.
Build target 'Lab3'
compiling OS.c...
OS.c(433): warning:  #61-D: integer operation result is out of range
OS.c(845): warning:  #61-D: integer operation result is out of range
compiling main.c...
main.c(943): warning:  #111-D: statement is unreachable
linking...
Program Size: Code=12124 RO-data=2116 RW-data=572 ZI-data=9076  
".\ST7735.axf" - 0 Errors, 3 Warning(s).
Load "C:\\Users\\Colin\\Documents\\GitHub\\EE445M\\Lab4\\ST7735.axf" 
Connecting: Mode=JTAG, Speed=1000000Hz
Erase Done.
Programming Done.
Verify OK.
Build target 'Lab3'
compiling Interpreter.c...
linking...
Program Size: Code=12216 RO-data=2116 RW-data=572 ZI-data=9076  
".\ST7735.axf" - 0 Errors, 0 Warning(s).
Load "C:\\Users\\Colin\\Documents\\GitHub\\EE445M\\Lab4\\ST7735.axf" 
Connecting: Mode=JTAG, Speed=1000000Hz
Erase Done.
Programming Done.
Verify OK.
Build target 'Lab3'
compiling Interpreter.c...
linking...
Program Size: Code=12240 RO-data=2116 RW-data=572 ZI-data=9076  
".\ST7735.axf" - 0 Errors, 0 Warning(s).
Build target 'Lab3'
compiling Interpreter.c...
linking...
Program Size: Code=12240 RO-data=2116 RW-data=572 ZI-data=9076  
".\ST7735.axf" - 0 Errors, 0 Warning(s).
Load "C:\\Users\\Colin\\Documents\\GitHub\\EE445M\\Lab4\\ST7735.axf" 
Connecting: Mode=JTAG, Speed=1000000Hz
Erase Done.
Programming Done.
Verify OK.
Build target 'Lab3'
compiling main.c...
main.c(943): warning:  #111-D: statement is unreachable
compiling Filter.c...
linking...
Program Size: Code=12280 RO-data=2116 RW-data=572 ZI-data=9076  
".\ST7735.axf" - 0 Errors, 1 Warning(s).
Load "C:\\Users\\Colin\\Documents\\GitHub\\EE445M\\Lab4\\ST7735.axf" 
Connecting: Mode=JTAG, Speed=1000000Hz
Erase Done.
Programming Done.
Verify OK.
Build target 'Lab3'
compiling Filter.c...
linking...
Program Size: Code=12244 RO-data=2324 RW-data=316 ZI-data=8972  
".\ST7735.axf" - 0 Errors, 0 Warning(s).
Load "C:\\Users\\Colin\\Documents\\GitHub\\EE445M\\Lab4\\ST7735.axf" 
Connecting: Mode=JTAG, Speed=1000000Hz
Erase Done.
Programming Done.
Verify OK.
Build target 'Lab3'
compiling Interpreter.c...
compiling main.c...
main.c(943): warning:  #111-D: statement is unreachable
main.c(963): warning:  #223-D: function "Filter_FIR" declared implicitly
linking...
Program Size: Code=12244 RO-data=2324 RW-data=316 ZI-data=8972  
".\ST7735.axf" - 0 Errors, 2 Warning(s).
Load "C:\\Users\\Colin\\Documents\\GitHub\\EE445M\\Lab4\\ST7735.axf" 
Connecting: Mode=JTAG, Speed=1000000Hz
Erase Done.
Programming Done.
Verify OK.
Build target 'Lab3'
compiling Filter.c...
linking...
Program Size: Code=12244 RO-data=2324 RW-data=316 ZI-data=8972  
".\ST7735.axf" - 0 Errors, 0 Warning(s).
Load "C:\\Users\\Colin\\Documents\\GitHub\\EE445M\\Lab4\\ST7735.axf" 
Connecting: Mode=JTAG, Speed=1000000Hz
Erase Done.
Programming Done.
Verify OK.
Build target 'Lab3'
compiling Filter.c...
linking...
Program Size: Code=12264 RO-data=2324 RW-data=320 ZI-data=8976  
".\ST7735.axf" - 0 Errors, 0 Warning(s).
Load "C:\\Users\\Colin\\Documents\\GitHub\\EE445M\\Lab4\\ST7735.axf" 
Connecting: Mode=JTAG, Speed=1000000Hz
Erase Done.
Programming Done.
Verify OK.
Build target 'Lab3'
compiling Filter.c...
linking...
Program Size: Code=12276 RO-data=2324 RW-data=320 ZI-data=8976  
".\ST7735.axf" - 0 Errors, 0 Warning(s).
Load "C:\\Users\\Colin\\Documents\\GitHub\\EE445M\\Lab4\\ST7735.axf" 
Connecting: Mode=JTAG, Speed=1000000Hz
Erase Done.
Programming Done.
Verify OK.
Build target 'Lab3'
compiling Filter.c...
linking...
Program Size: Code=12284 RO-data=2324 RW-data=320 ZI-data=8976  
".\ST7735.axf" - 0 Errors, 0 Warning(s).
Load "C:\\Users\\Colin\\Documents\\GitHub\\EE445M\\Lab4\\ST7735.axf" 
Connecting: Mode=JTAG, Speed=1000000Hz
Erase Done.
Programming Done.
Verify OK.
Rebuild target 'Lab3'
assembling startup.s...
compiling ADC.c...
compiling Interpreter.c...
compiling OS.c...
OS.c(433): warning:  #61-D: integer operation result is out of range
OS.c(845): warning:  #61-D: integer operation result is out of range
compiling PLL.c...
compiling ST7735.c...
ST7735.c(1405): warning:  #186-D: pointless comparison of unsigned integer with zero
compiling SysTick.c...
compiling UART2.c...
assembling cr4_fft_64_stm32.s...
assembling osasm.s...
assembling PID_stm32.s...
compiling main.c...
main.c(943): warning:  #111-D: statement is unreachable
main.c(963): warning:  #223-D: function "Filter_FIR" declared implicitly
compiling Filter.c...
Filter.c(28): warning:  #177-D: variable "count" was declared but never referenced
linking...
Program Size: Code=12124 RO-data=2324 RW-data=320 ZI-data=8976  
".\ST7735.axf" - 0 Errors, 6 Warning(s).
Load "C:\\Users\\Colin\\Documents\\GitHub\\EE445M\\Lab4\\ST7735.axf" 
Connecting: Mode=JTAG, Speed=1000000Hz
Erase Done.
Programming Done.
Verify OK.
Rebuild target 'Lab3'
assembling startup.s...
compiling ADC.c...
compiling Interpreter.c...
compiling OS.c...
OS.c(433): warning:  #61-D: integer operation result is out of range
OS.c(845): warning:  #61-D: integer operation result is out of range
compiling PLL.c...
compiling ST7735.c...
ST7735.c(1405): warning:  #186-D: pointless comparison of unsigned integer with zero
compiling SysTick.c...
compiling UART2.c...
assembling cr4_fft_64_stm32.s...
assembling osasm.s...
assembling PID_stm32.s...
compiling main.c...
main.c(943): warning:  #111-D: statement is unreachable
main.c(963): warning:  #223-D: function "Filter_FIR" declared implicitly
compiling Filter.c...
Filter.c(28): warning:  #177-D: variable "count" was declared but never referenced
linking...
Program Size: Code=12256 RO-data=2324 RW-data=320 ZI-data=8976  
".\ST7735.axf" - 0 Errors, 6 Warning(s).
Load "C:\\Users\\Colin\\Documents\\GitHub\\EE445M\\Lab4\\ST7735.axf" 
Connecting: Mode=JTAG, Speed=1000000Hz
Erase Done.
Programming Done.
Verify OK.
Rebuild target 'Lab3'
assembling startup.s...
compiling ADC.c...
compiling Interpreter.c...
compiling OS.c...
OS.c(433): warning:  #61-D: integer operation result is out of range
OS.c(845): warning:  #61-D: integer operation result is out of range
compiling PLL.c...
compiling ST7735.c...
ST7735.c(1405): warning:  #186-D: pointless comparison of unsigned integer with zero
compiling SysTick.c...
compiling UART2.c...
assembling cr4_fft_64_stm32.s...
assembling osasm.s...
assembling PID_stm32.s...
compiling main.c...
main.c(943): warning:  #111-D: statement is unreachable
main.c(963): warning:  #223-D: function "Filter_FIR" declared implicitly
compiling Filter.c...
Filter.c(28): warning:  #177-D: variable "count" was declared but never referenced
linking...
Program Size: Code=12248 RO-data=2324 RW-data=320 ZI-data=8976  
".\ST7735.axf" - 0 Errors, 6 Warning(s).
Rebuild target 'Lab3'
assembling startup.s...
compiling ADC.c...
compiling Interpreter.c...
compiling OS.c...
OS.c(433): warning:  #61-D: integer operation result is out of range
OS.c(845): warning:  #61-D: integer operation result is out of range
compiling PLL.c...
compiling ST7735.c...
ST7735.c(1405): warning:  #186-D: pointless comparison of unsigned integer with zero
compiling SysTick.c...
compiling UART2.c...
assembling cr4_fft_64_stm32.s...
assembling osasm.s...
assembling PID_stm32.s...
compiling main.c...
main.c(943): warning:  #111-D: statement is unreachable
compiling Filter.c...
Filter.c(28): warning:  #177-D: variable "count" was declared but never referenced
linking...
Program Size: Code=12248 RO-data=2324 RW-data=320 ZI-data=8976  
".\ST7735.axf" - 0 Errors, 5 Warning(s).
Load "C:\\Users\\Colin\\Documents\\GitHub\\EE445M\\Lab4\\ST7735.axf" 
Connecting: Mode=JTAG, Speed=1000000Hz
Erase Done.
Programming Done.
Verify OK.
Build target 'Lab3'
compiling Filter.c...
Filter.c(28): warning:  #177-D: variable "count" was declared but never referenced
linking...
Program Size: Code=12240 RO-data=2324 RW-data=320 ZI-data=8976  
".\ST7735.axf" - 0 Errors, 1 Warning(s).
Load "C:\\Users\\Colin\\Documents\\GitHub\\EE445M\\Lab4\\ST7735.axf" 
Connecting: Mode=JTAG, Speed=1000000Hz
Erase Done.
Programming Done.
Verify OK.
Build target 'Lab3'
compiling Filter.c...
Filter.c(28): warning:  #177-D: variable "count" was declared but never referenced
linking...
Program Size: Code=12248 RO-data=2324 RW-data=320 ZI-data=8976  
".\ST7735.axf" - 0 Errors, 1 Warning(s).
Load "C:\\Users\\Colin\\Documents\\GitHub\\EE445M\\Lab4\\ST7735.axf" 
Connecting: Mode=JTAG, Speed=1000000Hz
Erase Done.
Programming Done.
Verify OK.
Build target 'Lab3'
compiling Filter.c...
Filter.c(28): warning:  #177-D: variable "count" was declared but never referenced
linking...
Program Size: Code=12192 RO-data=2324 RW-data=320 ZI-data=8976  
".\ST7735.axf" - 0 Errors, 1 Warning(s).
Load "C:\\Users\\Colin\\Documents\\GitHub\\EE445M\\Lab4\\ST7735.axf" 
Connecting: Mode=JTAG, Speed=1000000Hz
Erase Done.
Programming Done.
Verify OK.
Build target 'Lab3'
compiling Filter.c...
Filter.c(28): warning:  #177-D: variable "count" was declared but never referenced
linking...
Program Size: Code=12204 RO-data=2324 RW-data=320 ZI-data=8976  
".\ST7735.axf" - 0 Errors, 1 Warning(s).
Load "C:\\Users\\Colin\\Documents\\GitHub\\EE445M\\Lab4\\ST7735.axf" 
Connecting: Mode=JTAG, Speed=1000000Hz
Erase Done.
Programming Done.
Verify OK.
Build target 'Lab3'
compiling Filter.c...
Filter.c(28): warning:  #177-D: variable "count" was declared but never referenced
linking...
Program Size: Code=12260 RO-data=2324 RW-data=320 ZI-data=8976  
".\ST7735.axf" - 0 Errors, 1 Warning(s).
Load "C:\\Users\\Colin\\Documents\\GitHub\\EE445M\\Lab4\\ST7735.axf" 
Connecting: Mode=JTAG, Speed=1000000Hz
Erase Done.
Programming Done.
Verify OK.
Rebuild target 'Lab3'
assembling startup.s...
compiling ADC.c...
compiling Interpreter.c...
compiling OS.c...
OS.c(433): warning:  #61-D: integer operation result is out of range
OS.c(845): warning:  #61-D: integer operation result is out of range
compiling PLL.c...
compiling ST7735.c...
ST7735.c(1405): warning:  #186-D: pointless comparison of unsigned integer with zero
compiling SysTick.c...
compiling UART2.c...
assembling cr4_fft_64_stm32.s...
assembling osasm.s...
assembling PID_stm32.s...
compiling main.c...
main.c(943): warning:  #111-D: statement is unreachable
main.c(963): warning:  #223-D: function "Filter_calc" declared implicitly
compiling Filter.c...
Filter.c(40): error:  #513: a value of type "const short *" cannot be assigned to an entity of type "short *"
Filter.c(30): warning:  #550-D: variable "tempPt" was set but never used
".\ST7735.axf" - 1 Errors, 6 Warning(s).
Target not created
Rebuild target 'Lab3'
assembling startup.s...
compiling ADC.c...
compiling Interpreter.c...
compiling OS.c...
OS.c(433): warning:  #61-D: integer operation result is out of range
OS.c(845): warning:  #61-D: integer operation result is out of range
compiling PLL.c...
compiling ST7735.c...
ST7735.c(1405): warning:  #186-D: pointless comparison of unsigned integer with zero
compiling SysTick.c...
compiling UART2.c...
assembling cr4_fft_64_stm32.s...
assembling osasm.s...
assembling PID_stm32.s...
compiling main.c...
main.c(943): warning:  #111-D: statement is unreachable
main.c(963): warning:  #223-D: function "Filter_calc" declared implicitly
compiling Filter.c...
Filter.c(30): warning:  #550-D: variable "tempPt" was set but never used
linking...
.\ST7735.axf: Error: L6218E: Undefined symbol Filter_calc (referred from main.o).
".\ST7735.axf" - 1 Errors, 6 Warning(s).
Target not created
Rebuild target 'Lab3'
assembling startup.s...
compiling ADC.c...
compiling Interpreter.c...
compiling OS.c...
OS.c(433): warning:  #61-D: integer operation result is out of range
OS.c(845): warning:  #61-D: integer operation result is out of range
compiling PLL.c...
compiling ST7735.c...
ST7735.c(1405): warning:  #186-D: pointless comparison of unsigned integer with zero
compiling SysTick.c...
compiling UART2.c...
assembling cr4_fft_64_stm32.s...
assembling osasm.s...
assembling PID_stm32.s...
compiling main.c...
main.c(943): warning:  #111-D: statement is unreachable
compiling Filter.c...
Filter.c(30): warning:  #550-D: variable "tempPt" was set but never used
linking...
Program Size: Code=12120 RO-data=2220 RW-data=320 ZI-data=9176  
".\ST7735.axf" - 0 Errors, 5 Warning(s).
Load "C:\\Users\\Colin\\Documents\\GitHub\\EE445M\\Lab4\\ST7735.axf" 
Connecting: Mode=JTAG, Speed=1000000Hz
Erase Done.
Programming Done.
Verify OK.
Build target 'Lab3'
compiling Filter.c...
Filter.c(30): warning:  #550-D: variable "tempPt" was set but never used
linking...
Program Size: Code=12120 RO-data=2220 RW-data=320 ZI-data=9176  
".\ST7735.axf" - 0 Errors, 1 Warning(s).
Load "C:\\Users\\Colin\\Documents\\GitHub\\EE445M\\Lab4\\ST7735.axf" 
Connecting: Mode=JTAG, Speed=1000000Hz
Erase Done.
Programming Done.
Verify OK.
Rebuild target 'Lab3'
assembling startup.s...
compiling ADC.c...
compiling Interpreter.c...
compiling OS.c...
OS.c(433): warning:  #61-D: integer operation result is out of range
OS.c(845): warning:  #61-D: integer operation result is out of range
compiling PLL.c...
compiling ST7735.c...
ST7735.c(1405): warning:  #186-D: pointless comparison of unsigned integer with zero
compiling SysTick.c...
compiling UART2.c...
assembling cr4_fft_64_stm32.s...
assembling osasm.s...
assembling PID_stm32.s...
compiling main.c...
main.c(943): warning:  #111-D: statement is unreachable
compiling Filter.c...
Filter.c(30): warning:  #550-D: variable "tempPt" was set but never used
Filter.c(57): warning:  #177-D: variable "count" was declared but never referenced
linking...
Program Size: Code=12280 RO-data=2220 RW-data=324 ZI-data=9180  
".\ST7735.axf" - 0 Errors, 6 Warning(s).
Load "C:\\Users\\Colin\\Documents\\GitHub\\EE445M\\Lab4\\ST7735.axf" 
Connecting: Mode=JTAG, Speed=1000000Hz
Erase Done.
Programming Done.
Verify OK.
Build target 'Lab3'
compiling Interpreter.c...
compiling main.c...
main.c(943): warning:  #111-D: statement is unreachable
compiling Filter.c...
Filter.c(30): warning:  #550-D: variable "tempPt" was set but never used
Filter.c(59): warning:  #177-D: variable "count" was declared but never referenced
linking...
Program Size: Code=12212 RO-data=2220 RW-data=324 ZI-data=9180  
".\ST7735.axf" - 0 Errors, 3 Warning(s).
Load "C:\\Users\\Colin\\Documents\\GitHub\\EE445M\\Lab4\\ST7735.axf" 
Connecting: Mode=JTAG, Speed=1000000Hz
Erase Done.
Programming Done.
Verify OK.
Build target 'Lab3'
compiling Filter.c...
Filter.c(59): warning:  #177-D: variable "count" was declared but never referenced
linking...
Program Size: Code=12204 RO-data=2220 RW-data=324 ZI-data=9180  
".\ST7735.axf" - 0 Errors, 1 Warning(s).
Load "C:\\Users\\Colin\\Documents\\GitHub\\EE445M\\Lab4\\ST7735.axf" 
Connecting: Mode=JTAG, Speed=1000000Hz
Erase Done.
Programming Done.
Verify OK.
