<html>
<body>
<pre>
<h1>µVision Build Log</h1>
<h2>Project:</h2>
\\vmware-host\Shared Folders\Desktop\git\EE445M\Lab5\Lab5.uvproj
Project File Date:  03/21/2014

<h2>Output:</h2>
Rebuild target 'Lab5'
assembling startup.s...
compiling ADC.c...
ADC.c(283): warning:  #174-D: expression has no effect
compiling Interpreter.c...
compiling OS.c...
OS.c(431): warning:  #61-D: integer operation result is out of range
OS.c(842): warning:  #61-D: integer operation result is out of range
compiling PLL.c...
compiling ST7735.c...
compiling SysTick.c...
compiling UART2.c...
assembling cr4_fft_64_stm32.s...
assembling osasm.s...
assembling PID_stm32.s...
compiling main.c...
main.c(48): warning:  #550-D: variable "voltage" was set but never used
compiling Filter.c...
compiling efile.c...
compiling edisk.c...
linking...
Program Size: Code=10496 RO-data=64 RW-data=128 ZI-data=7648  
".\ST7735.axf" - 0 Errors, 4 Warning(s).
Load "\\\\vmware-host\\Shared Folders\\Desktop\\git\\EE445M\\Lab5\\ST7735.axf" 
Connecting: Mode=JTAG, Speed=1000000Hz
Erase Done.
Programming Done.
Verify OK.
