<html>
<body>
<pre>
<h1>µVision Build Log</h1>
<h2>Project:</h2>
C:\Users\Colin\Documents\GitHub\EE445M\Sensor\Lab04.uvproj
Project File Date:  04/12/2014

<h2>Output:</h2>
Build target 'Lab04'
compiling main.c...
main.c(115): warning:  #177-D: variable "consumerData" was declared but never referenced
main.c(115): warning:  #550-D: variable "ir_sensor0" was set but never used
main.c(115): warning:  #550-D: variable "ir_sensor1" was set but never used
main.c(115): warning:  #550-D: variable "ir_sensor2" was set but never used
main.c(115): warning:  #550-D: variable "ir_sensor3" was set but never used
main.c(239): warning:  #111-D: statement is unreachable
main.c(247): warning:  #550-D: variable "delay" was set but never used
linking...
Program Size: Code=26688 RO-data=2612 RW-data=924 ZI-data=17908  
".\Lab03.axf" - 0 Errors, 7 Warning(s).
Load "C:\\Users\\Colin\\Documents\\GitHub\\EE445M\\Sensor\\Lab03.axf" 
Connecting: Mode=JTAG, Speed=1000000Hz
Erase Done.
Programming Done.
Verify OK.
