<html>
<body>
<pre>
<h1>µVision Build Log</h1>
<h2>Project:</h2>
C:\Users\Colin\Documents\GitHub\EE445M\Sensor\Lab04.uvproj
Project File Date:  04/02/2014

<h2>Output:</h2>
Build target 'Lab04'
compiling main.c...
main.c(109): warning:  #550-D: variable "consumerData" was set but never used
main.c(207): warning:  #111-D: statement is unreachable
main.c(220): warning:  #550-D: variable "delay" was set but never used
main.c(234): warning:  #177-D: variable "time3" was declared but never referenced
compiling IR.c...
linking...
Program Size: Code=25780 RO-data=2616 RW-data=896 ZI-data=16736  
".\Lab03.axf" - 0 Errors, 4 Warning(s).
