<html>
<body>
<pre>
<h1>µVision Build Log</h1>
<h2>Project:</h2>
C:\Users\Alex\Documents\Dropbox\EE 445M\Shared\Alex\LAB7\source\Lab04.uvproj
Project File Date:  04/08/2014

<h2>Output:</h2>
Rebuild target 'Lab04'
compiling main.c...
main.c(108): warning:  #550-D: variable "consumerData" was set but never used
        unsigned long consumerData, displayData;
main.c(222): warning:  #111-D: statement is unreachable
        OS_Kill();
main.c(235): warning:  #550-D: variable "delay" was set but never used
        int delay;
main.c: 3 warnings, 0 errors
compiling OS.c...
compiling TCB.c...
compiling SysTick.c...
compiling OS_Time.c...
compiling OS_Fifo.c...
compiling OS_Mailbox.c...
compiling OS_Display.c...
compiling OS_Interpreter.c...
assembling OSasm.s...
assembling startup.s...
compiling PLL.c...
compiling ST7735.c...
compiling UART.c...
compiling ADC.c...
compiling GPIO.c...
compiling can.c...
compiling can0.c...
compiling Timer3.c...
compiling interrupt.c...
compiling PING.c...
PING.c(152): warning:  #177-D: variable "startTime" was declared but never referenced
                unsigned long sr, startTime, finishTime;
PING.c(152): warning:  #177-D: variable "finishTime" was declared but never referenced
                unsigned long sr, startTime, finishTime;
PING.c(184): warning:  #550-D: variable "data" was set but never used
      static unsigned long startTime1, startTime2, startTime3, startTime4, data, time;
PING.c: 3 warnings, 0 errors
compiling PWM.c...
assembling cr4_fft_64_stm32.s...
linking...
Program Size: Code=21672 RO-data=2468 RW-data=924 ZI-data=16732  
".\Lab03.axf" - 0 Error(s), 6 Warning(s).
Load "C:\\Users\\Alex\\Documents\\Dropbox\\EE 445M\\Shared\\Alex\\LAB7\\source\\Lab03.axf" 
Connecting: Mode=JTAG, Speed=1000000Hz
Erase Done.
Programming Done.
Verify OK.
</pre>
</body>
</html>
xf" 
Connecting: Mode=JTAG, Speed=1000000Hz
Erase Done.
Programming Done.
Verify OK.
oad "C:\\Users\\Alex\\Documents\\Dropbox\\EE 445M\\Shared\\Alex\\LAB7\\source\\Lab03.axf" 
Connecting: Mode=JTAG, Speed=1000000Hz
Erase Done.
Programming Done.
Verify OK.
lex\\LAB7\\source\\Lab03.axf" 
Connecting: Mode=JTAG, Speed=1000000Hz
Erase Done.
Programming Done.
Verify OK.
             0x40001000UL
C:\Keil\ARM\Inc\TI\TM4C123\tm4c123gh6pm.h(1548): warning:  #47-D: incompatible redefinition of macro "SSI0_BASE" (declared at line 42 of "hw_memmap.h")
  #define SSI0_BASE                       0x40008000UL
C:\Keil\ARM\Inc\TI\TM4C123\tm4c123gh6pm.h(1549): warning:  #47-D: incompatible redefinition of macro "SSI1_BASE" (declared at line 43 of "hw_memmap.h")
  #define SSI1_BASE                       0x40009000UL
C:\Keil\ARM\Inc\TI\TM4C123\tm4c123gh6pm.h(1552): warning:  #47-D: incompatible redefinition of macro "UART0_BASE" (declared at line 44 of "hw_memmap.h")
  #define UART0_BASE                      0x4000C000UL
C:\Keil\ARM\Inc\TI\TM4C123\tm4c123gh6pm.h(1553): warning:  #47-D: incompatible redefinition of macro "UART1_BASE" (declared at line 45 of "hw_memmap.h")
  #define UART1_BASE                      0x4000D000UL
C:\Keil\ARM\Inc\TI\TM4C123\tm4c123gh6pm.h(1554): warning:  #47-D: incompatible redefinition of macro "UART2_BASE" (declared at line 46 of "hw_memmap.h")
  #define UART2_BASE                      0x4000E000UL
C:\Keil\ARM\Inc\TI\TM4C123\tm4c123gh6pm.h(1568): warning:  #47-D: incompatible redefinition of macro "QEI0_BASE" (declared at line 56 of "hw_memmap.h")
  #define QEI0_BASE                       0x4002C000UL
C:\Keil\ARM\Inc\TI\TM4C123\tm4c123gh6pm.h(1569): warning:  #47-D: incompatible redefinition of macro "QEI1_BASE" (declared at line 57 of "hw_memmap.h")
  #define QEI1_BASE                       0x4002D000UL
C:\Keil\ARM\Inc\TI\TM4C123\tm4c123gh6pm.h(1570): warning:  #47-D: incompatible redefinition of macro "TIMER0_BASE" (declared at line 58 of "hw_memmap.h")
  #define TIMER0_BASE                     0x40030000UL
C:\Keil\ARM\Inc\TI\TM4C123\tm4c123gh6pm.h(1571): warning:  #47-D: incompatible redefinition of macro "TIMER1_BASE" (declared at line 59 of "hw_memmap.h")
  #define TIMER1_BASE                     0x40031000UL
C:\Keil\ARM\Inc\TI\TM4C123\tm4c123gh6pm.h(1572): warning:  #47-D: incompatible redefinition of macro "TIMER2_BASE" (declared at line 60 of "hw_memmap.h")
  #define TIMER2_BASE                     0x40032000UL
C:\Keil\ARM\Inc\TI\TM4C123\tm4c123gh6pm.h(1573): warning:  #47-D: incompatible redefinition of macro "TIMER3_BASE" (declared at line 61 of "hw_memmap.h")
  #define TIMER3_BASE                     0x40033000UL
C:\Keil\ARM\Inc\TI\TM4C123\tm4c123gh6pm.h(1578): warning:  #47-D: incompatible redefinition of macro "ADC0_BASE" (declared at line 62 of "hw_memmap.h")
  #define ADC0_BASE                       0x40038000UL
C:\Keil\ARM\Inc\TI\TM4C123\tm4c123gh6pm.h(1579): warning:  #47-D: incompatible redefinition of macro "ADC1_BASE" (declared at line 63 of "hw_memmap.h")
  #define ADC1_BASE                       0x40039000UL
C:\Keil\ARM\Inc\TI\TM4C123\tm4c123gh6pm.h(1580): warning:  #47-D: incompatible redefinition of macro "COMP_BASE" (declared at line 64 of "hw_memmap.h")
  #define COMP_BASE                       0x4003C000UL
C:\Keil\ARM\Inc\TI\TM4C123\tm4c123gh6pm.h(1581): warning:  #47-D: incompatible redefinition of macro "CAN0_BASE" (declared at line 66 of "hw_memmap.h")
  #define CAN0_BASE                       0x40040000UL
C:\Keil\ARM\Inc\TI\TM4C123\tm4c123gh6pm.h(1582): warning:  #47-D: incompatible redefinition of macro "CAN1_BASE" (declared at line 67 of "hw_memmap.h")
  #define CAN1_BASE                       0x40041000UL
C:\Keil\ARM\Inc\TI\TM4C123\tm4c123gh6pm.h(1587): warning:  #47-D: incompatible redefinition of macro "USB0_BASE" (declared at line 71 of "hw_memmap.h")
  #define USB0_BASE                       0x40050000UL
C:\Keil\ARM\Inc\TI\TM4C123\tm4c123gh6pm.h(1596): warning:  #47-D: incompatible redefinition of macro "HIB_BASE" (declared at line 83 of "hw_memmap.h")
  #define HIB_BASE                        0x400FC000UL
C:\Keil\ARM\Inc\TI\TM4C123\tm4c123gh6pm.h(1597): warning:  #47-D: incompatible redefinition of macro "FLASH_CTRL_BASE" (declared at line 84 of "hw_memmap.h")
  #define FLASH_CTRL_BASE                 0x400FD000UL
C:\Keil\ARM\Inc\TI\TM4C123\tm4c123gh6pm.h(1598): warning:  #47-D: incompatible redefinition of macro "SYSCTL_BASE" (declared at line 85 of "hw_memmap.h")
  #define SYSCTL_BASE                     0x400FE000UL
C:\Keil\ARM\Inc\TI\TM4C123\tm4c123gh6pm.h(1599): warning:  #47-D: incompatible redefinition of macro "UDMA_BASE" (declared at line 86 of "hw_memmap.h")
  #define UDMA_BASE                       0x400FF000UL
can0.c: 26 warnings, 0 errors
compiling Timer3.c...
compiling interrupt.c...
compiling PING.c...
PING.c(151): warning:  #177-D: variable "startTime" was declared but never referenced
                unsigned long sr, startTime, finishTime;
PING.c(151): warning:  #177-D: variable "finishTime" was declared but never referenced
                unsigned long sr, startTime, finishTime;
PING.c(182): warning:  #550-D: variable "startTime2" was set but never used
      static unsigned long startTime, startTime2, data, time;
PING.c(182): warning:  #550-D: variable "data" was set but never used
      static unsigned long startTime, startTime2, data, time;
PING.c: 4 warnings, 0 errors
compiling PWM.c...
assembling cr4_fft_64_stm32.s...
linking...
Program Size: Code=21376 RO-data=2468 RW-data=904 ZI-data=16736  
".\Lab03.axf" - 0 Error(s), 34 Warning(s).
warnings, 7 errors
compiling Timer3.c...
compiling interrupt.c...
compiling PING.c...
PING.c(151): warning:  #177-D: variable "startTime" was declared but never referenced
                unsigned long sr, startTime, finishTime;
PING.c(151): warning:  #177-D: variable "finishTime" was declared but never referenced
                unsigned long sr, startTime, finishTime;
PING.c(182): warning:  #550-D: variable "startTime2" was set but never used
      static unsigned long startTime, startTime2, data, time;
PING.c(182): warning:  #550-D: variable "data" was set but never used
      static unsigned long startTime, startTime2, data, time;
PING.c: 4 warnings, 0 errors
compiling PWM.c...
assembling cr4_fft_64_stm32.s...
".\Lab03.axf" - 7 Error(s), 34 Warning(s).
Target not created
