<html>
<body>
<pre>
<h1>µVision Build Log</h1>
<h2>Project:</h2>
C:\Users\Colin\Documents\GitHub\EE445M\Lab3\Lab3.uvproj
Project File Date:  03/06/2014

<h2>Output:</h2>
Build target 'Lab3'
compiling OS.c...
OS.c(37): warning:  #47-D: incompatible redefinition of macro "PE1" (declared at line 36)
OS.c(125): error:  #20: identifier "PE0" is undefined
OS.c(430): warning:  #61-D: integer operation result is out of range
OS.c(837): warning:  #61-D: integer operation result is out of range
compiling main.c...
main.c(705): warning:  #177-D: variable "Filterwork" was declared but never referenced
main.c(912): warning:  #111-D: statement is unreachable
main.c(907): warning:  #177-D: variable "i" was declared but never referenced
".\ST7735.axf" - 1 Errors, 6 Warning(s).
Target not created
Rebuild target 'Lab3'
assembling startup.s...
compiling ADC.c...
compiling Interpreter.c...
compiling OS.c...
OS.c(430): warning:  #61-D: integer operation result is out of range
OS.c(837): warning:  #61-D: integer operation result is out of range
compiling PLL.c...
compiling ST7735.c...
compiling SysTick.c...
SysTick.c(182): warning:  #1-D: last line of file ends without a newline
compiling UART2.c...
assembling cr4_fft_64_stm32.s...
assembling osasm.s...
assembling PID_stm32.s...
compiling main.c...
main.c(705): warning:  #177-D: variable "Filterwork" was declared but never referenced
main.c(912): warning:  #111-D: statement is unreachable
main.c(907): warning:  #177-D: variable "i" was declared but never referenced
linking...
Program Size: Code=14092 RO-data=1592 RW-data=268 ZI-data=7772  
".\ST7735.axf" - 0 Errors, 6 Warning(s).
Load "C:\\Users\\Colin\\Documents\\GitHub\\EE445M\\Lab3\\ST7735.axf" 
Connecting: Mode=JTAG, Speed=1000000Hz
Erase Done.
Programming Done.
Verify OK.
