<html>
<body>
<pre>
<h1>µVision Build Log</h1>
<h2>Project:</h2>
C:\Users\Colin\Documents\GitHub\EE445M\Lab3\Lab3.uvproj
Project File Date:  03/03/2014

<h2>Output:</h2>
Build target 'Lab3'
compiling main.c...
linking...
Program Size: Code=4920 RO-data=32 RW-data=216 ZI-data=7680  
".\ST7735.axf" - 0 Errors, 0 Warning(s).
Rebuild target 'Lab3'
assembling startup.s...
compiling ADC.c...
compiling Interpreter.c...
compiling OS.c...
OS.c(401): warning:  #61-D: integer operation result is out of range
OS.c(858): warning:  #61-D: integer operation result is out of range
compiling PLL.c...
compiling ST7735.c...
compiling SysTick.c...
compiling UART2.c...
assembling cr4_fft_64_stm32.s...
assembling osasm.s...
assembling PID_stm32.s...
compiling main.c...
linking...
Program Size: Code=4920 RO-data=32 RW-data=216 ZI-data=7680  
".\ST7735.axf" - 0 Errors, 2 Warning(s).
Load "C:\\Users\\Colin\\Documents\\GitHub\\EE445M\\Lab3\\ST7735.axf" 
Connecting: Mode=JTAG, Speed=1000000Hz
Erase Done.
Programming Done.
Verify OK.
Build target 'Lab3'
compiling main.c...
linking...
Program Size: Code=5240 RO-data=32 RW-data=216 ZI-data=7680  
".\ST7735.axf" - 0 Errors, 0 Warning(s).
Load "C:\\Users\\Colin\\Documents\\GitHub\\EE445M\\Lab3\\ST7735.axf" 
Connecting: Mode=JTAG, Speed=1000000Hz
Erase Done.
Programming Done.
Verify OK.
Build target 'Lab3'
compiling main.c...
linking...
Program Size: Code=5296 RO-data=32 RW-data=216 ZI-data=7680  
".\ST7735.axf" - 0 Errors, 0 Warning(s).
Load "C:\\Users\\Colin\\Documents\\GitHub\\EE445M\\Lab3\\ST7735.axf" 
Connecting: Mode=JTAG, Speed=1000000Hz
Erase Done.
Programming Done.
Verify OK.
Build target 'Lab3'
compiling OS.c...
OS.c(404): warning:  #61-D: integer operation result is out of range
OS.c(861): warning:  #61-D: integer operation result is out of range
compiling main.c...
linking...
.\ST7735.axf: Error: L6218E: Undefined symbol main (referred from rtentry2.o).
".\ST7735.axf" - 1 Errors, 2 Warning(s).
Target not created
Build target 'Lab3'
compiling OS.c...
OS.c(402): warning:  #61-D: integer operation result is out of range
OS.c(859): warning:  #61-D: integer operation result is out of range
linking...
.\ST7735.axf: Error: L6218E: Undefined symbol main (referred from rtentry2.o).
".\ST7735.axf" - 1 Errors, 2 Warning(s).
Target not created
Build target 'Lab3'
compiling OS.c...
OS.c(404): warning:  #61-D: integer operation result is out of range
OS.c(861): warning:  #61-D: integer operation result is out of range
compiling main.c...
linking...
Program Size: Code=6156 RO-data=32 RW-data=216 ZI-data=7680  
".\ST7735.axf" - 0 Errors, 2 Warning(s).
Load "C:\\Users\\Colin\\Documents\\GitHub\\EE445M\\Lab3\\ST7735.axf" 
Connecting: Mode=JTAG, Speed=1000000Hz
Erase Done.
Programming Done.
Verify OK.
Rebuild target 'Lab3'
assembling startup.s...
compiling ADC.c...
compiling Interpreter.c...
compiling OS.c...
OS.c(404): warning:  #61-D: integer operation result is out of range
OS.c(861): warning:  #61-D: integer operation result is out of range
compiling PLL.c...
compiling ST7735.c...
compiling SysTick.c...
compiling UART2.c...
assembling cr4_fft_64_stm32.s...
assembling osasm.s...
assembling PID_stm32.s...
compiling main.c...
linking...
Program Size: Code=5724 RO-data=32 RW-data=216 ZI-data=7680  
".\ST7735.axf" - 0 Errors, 2 Warning(s).
Load "C:\\Users\\Colin\\Documents\\GitHub\\EE445M\\Lab3\\ST7735.axf" 
Connecting: Mode=JTAG, Speed=1000000Hz
Erase Done.
Programming Done.
Verify OK.
Rebuild target 'Lab3'
assembling startup.s...
compiling ADC.c...
compiling Interpreter.c...
compiling OS.c...
OS.c(404): warning:  #61-D: integer operation result is out of range
OS.c(861): warning:  #61-D: integer operation result is out of range
compiling PLL.c...
compiling ST7735.c...
compiling SysTick.c...
compiling UART2.c...
assembling cr4_fft_64_stm32.s...
assembling osasm.s...
assembling PID_stm32.s...
compiling main.c...
linking...
Program Size: Code=6156 RO-data=32 RW-data=216 ZI-data=7680  
".\ST7735.axf" - 0 Errors, 2 Warning(s).
Load "C:\\Users\\Colin\\Documents\\GitHub\\EE445M\\Lab3\\ST7735.axf" 
Connecting: Mode=JTAG, Speed=1000000Hz
Erase Done.
Programming Done.
Verify OK.
Rebuild target 'Lab3'
assembling startup.s...
compiling ADC.c...
compiling Interpreter.c...
compiling OS.c...
OS.c(404): warning:  #61-D: integer operation result is out of range
OS.c(861): warning:  #61-D: integer operation result is out of range
compiling PLL.c...
compiling ST7735.c...
compiling SysTick.c...
compiling UART2.c...
assembling cr4_fft_64_stm32.s...
assembling osasm.s...
assembling PID_stm32.s...
compiling main.c...
linking...
Program Size: Code=5724 RO-data=32 RW-data=216 ZI-data=7680  
".\ST7735.axf" - 0 Errors, 2 Warning(s).
Load "C:\\Users\\Colin\\Documents\\GitHub\\EE445M\\Lab3\\ST7735.axf" 
Connecting: Mode=JTAG, Speed=1000000Hz
Erase Done.
Programming Done.
Verify OK.
Build target 'Lab3'
compiling main.c...
linking...
Program Size: Code=6156 RO-data=32 RW-data=216 ZI-data=7680  
".\ST7735.axf" - 0 Errors, 0 Warning(s).
Load "C:\\Users\\Colin\\Documents\\GitHub\\EE445M\\Lab3\\ST7735.axf" 
Connecting: Mode=JTAG, Speed=1000000Hz
Erase Done.
Programming Done.
Verify OK.
Build target 'Lab3'
compiling OS.c...
OS.c(407): warning:  #61-D: integer operation result is out of range
OS.c(864): warning:  #61-D: integer operation result is out of range
linking...
Program Size: Code=6172 RO-data=32 RW-data=216 ZI-data=7680  
".\ST7735.axf" - 0 Errors, 2 Warning(s).
Load "C:\\Users\\Colin\\Documents\\GitHub\\EE445M\\Lab3\\ST7735.axf" 
Connecting: Mode=JTAG, Speed=1000000Hz
Erase Done.
Programming Done.
Verify OK.
Build target 'Lab3'
compiling OS.c...
OS.c(407): warning:  #61-D: integer operation result is out of range
OS.c(864): warning:  #61-D: integer operation result is out of range
compiling main.c...
linking...
Program Size: Code=5328 RO-data=32 RW-data=216 ZI-data=7680  
".\ST7735.axf" - 0 Errors, 2 Warning(s).
Build target 'Lab3'
compiling main.c...
linking...
Program Size: Code=5392 RO-data=32 RW-data=216 ZI-data=7680  
".\ST7735.axf" - 0 Errors, 0 Warning(s).
Load "C:\\Users\\Colin\\Documents\\GitHub\\EE445M\\Lab3\\ST7735.axf" 
Connecting: Mode=JTAG, Speed=1000000Hz
Erase Done.
Programming Done.
Verify OK.
Build target 'Lab3'
compiling main.c...
linking...
Program Size: Code=5424 RO-data=32 RW-data=216 ZI-data=7680  
".\ST7735.axf" - 0 Errors, 0 Warning(s).
Build target 'Lab3'
compiling main.c...
linking...
Program Size: Code=5424 RO-data=32 RW-data=216 ZI-data=7680  
".\ST7735.axf" - 0 Errors, 0 Warning(s).
Load "C:\\Users\\Colin\\Documents\\GitHub\\EE445M\\Lab3\\ST7735.axf" 
Connecting: Mode=JTAG, Speed=1000000Hz
Erase Done.
Programming Done.
Verify OK.
Build target 'Lab3'
compiling main.c...
linking...
Program Size: Code=5392 RO-data=32 RW-data=216 ZI-data=7680  
".\ST7735.axf" - 0 Errors, 0 Warning(s).
Load "C:\\Users\\Colin\\Documents\\GitHub\\EE445M\\Lab3\\ST7735.axf" 
Connecting: Mode=JTAG, Speed=1000000Hz
Erase Done.
Programming Done.
Verify OK.
Build target 'Lab3'
compiling main.c...
linking...
Program Size: Code=5424 RO-data=32 RW-data=216 ZI-data=7680  
".\ST7735.axf" - 0 Errors, 0 Warning(s).
Load "C:\\Users\\Colin\\Documents\\GitHub\\EE445M\\Lab3\\ST7735.axf" 
Connecting: Mode=JTAG, Speed=1000000Hz
Erase Done.
Programming Done.
Verify OK.
Build target 'Lab3'
compiling main.c...
linking...
Program Size: Code=5424 RO-data=32 RW-data=216 ZI-data=7680  
".\ST7735.axf" - 0 Errors, 0 Warning(s).
Load "C:\\Users\\Colin\\Documents\\GitHub\\EE445M\\Lab3\\ST7735.axf" 
Connecting: Mode=JTAG, Speed=1000000Hz
Erase Done.
Programming Done.
Verify OK.
Build target 'Lab3'
compiling main.c...
linking...
Program Size: Code=6132 RO-data=32 RW-data=216 ZI-data=7680  
".\ST7735.axf" - 0 Errors, 0 Warning(s).
Load "C:\\Users\\Colin\\Documents\\GitHub\\EE445M\\Lab3\\ST7735.axf" 
Connecting: Mode=JTAG, Speed=1000000Hz
Erase Done.
Programming Done.
Verify OK.
Build target 'Lab3'
compiling OS.c...
OS.c(405): warning:  #61-D: integer operation result is out of range
OS.c(862): warning:  #61-D: integer operation result is out of range
linking...
Program Size: Code=6116 RO-data=32 RW-data=216 ZI-data=7680  
".\ST7735.axf" - 0 Errors, 2 Warning(s).
Load "C:\\Users\\Colin\\Documents\\GitHub\\EE445M\\Lab3\\ST7735.axf" 
Connecting: Mode=JTAG, Speed=1000000Hz
Erase Done.
Programming Done.
Verify OK.
Rebuild target 'Lab3'
assembling startup.s...
compiling ADC.c...
compiling Interpreter.c...
compiling OS.c...
OS.c(405): warning:  #61-D: integer operation result is out of range
OS.c(862): warning:  #61-D: integer operation result is out of range
compiling PLL.c...
compiling ST7735.c...
compiling SysTick.c...
compiling UART2.c...
assembling cr4_fft_64_stm32.s...
assembling osasm.s...
assembling PID_stm32.s...
compiling main.c...
linking...
Program Size: Code=6188 RO-data=32 RW-data=216 ZI-data=7680  
".\ST7735.axf" - 0 Errors, 2 Warning(s).
Build target 'Lab3'
assembling osasm.s...
linking...
Program Size: Code=6212 RO-data=32 RW-data=216 ZI-data=7680  
".\ST7735.axf" - 0 Errors, 0 Warning(s).
Load "C:\\Users\\Colin\\Documents\\GitHub\\EE445M\\Lab3\\ST7735.axf" 
Connecting: Mode=JTAG, Speed=1000000Hz
Erase Done.
Programming Done.
Verify OK.
Build target 'Lab3'
compiling OS.c...
OS.c(406): warning:  #61-D: integer operation result is out of range
OS.c(867): warning:  #61-D: integer operation result is out of range
compiling main.c...
linking...
Program Size: Code=6236 RO-data=32 RW-data=216 ZI-data=7680  
".\ST7735.axf" - 0 Errors, 2 Warning(s).
Load "C:\\Users\\Colin\\Documents\\GitHub\\EE445M\\Lab3\\ST7735.axf" 
Connecting: Mode=JTAG, Speed=1000000Hz
Erase Done.
Programming Done.
Verify OK.
Build target 'Lab3'
compiling OS.c...
OS.c(406): warning:  #61-D: integer operation result is out of range
compiling main.c...
linking...
Program Size: Code=6232 RO-data=32 RW-data=216 ZI-data=7680  
".\ST7735.axf" - 0 Errors, 1 Warning(s).
Load "C:\\Users\\Colin\\Documents\\GitHub\\EE445M\\Lab3\\ST7735.axf" 
Connecting: Mode=JTAG, Speed=1000000Hz
Erase Done.
Programming Done.
Verify OK.
Build target 'Lab3'
compiling OS.c...
OS.c(406): warning:  #61-D: integer operation result is out of range
OS.c(867): warning:  #61-D: integer operation result is out of range
linking...
Program Size: Code=6244 RO-data=32 RW-data=216 ZI-data=7680  
".\ST7735.axf" - 0 Errors, 2 Warning(s).
Load "C:\\Users\\Colin\\Documents\\GitHub\\EE445M\\Lab3\\ST7735.axf" 
Connecting: Mode=JTAG, Speed=1000000Hz
Erase Done.
Programming Done.
Verify OK.
Build target 'Lab3'
compiling OS.c...
OS.c(406): warning:  #61-D: integer operation result is out of range
OS.c(867): warning:  #61-D: integer operation result is out of range
compiling main.c...
linking...
Program Size: Code=6232 RO-data=32 RW-data=216 ZI-data=7680  
".\ST7735.axf" - 0 Errors, 2 Warning(s).
Build target 'Lab3'
compiling main.c...
main.c(869): warning:  #111-D: statement is unreachable
main.c(864): warning:  #177-D: variable "i" was declared but never referenced
linking...
Program Size: Code=5372 RO-data=32 RW-data=216 ZI-data=7680  
".\ST7735.axf" - 0 Errors, 2 Warning(s).
Load "C:\\Users\\Colin\\Documents\\GitHub\\EE445M\\Lab3\\ST7735.axf" 
Connecting: Mode=JTAG, Speed=1000000Hz
Erase Done.
Programming Done.
Verify OK.
Build target 'Lab3'
compiling main.c...
main.c(869): warning:  #111-D: statement is unreachable
main.c(864): warning:  #177-D: variable "i" was declared but never referenced
linking...
Program Size: Code=4996 RO-data=32 RW-data=216 ZI-data=7680  
".\ST7735.axf" - 0 Errors, 2 Warning(s).
Load "C:\\Users\\Colin\\Documents\\GitHub\\EE445M\\Lab3\\ST7735.axf" 
Connecting: Mode=JTAG, Speed=1000000Hz
Erase Done.
Programming Done.
Verify OK.
Build target 'Lab3'
compiling main.c...
main.c(869): warning:  #111-D: statement is unreachable
main.c(864): warning:  #177-D: variable "i" was declared but never referenced
linking...
Program Size: Code=5372 RO-data=32 RW-data=216 ZI-data=7680  
".\ST7735.axf" - 0 Errors, 2 Warning(s).
Load "C:\\Users\\Colin\\Documents\\GitHub\\EE445M\\Lab3\\ST7735.axf" 
Connecting: Mode=JTAG, Speed=1000000Hz
Erase Done.
Programming Done.
Verify OK.
Build target 'Lab3'
compiling main.c...
main.c(869): warning:  #111-D: statement is unreachable
main.c(864): warning:  #177-D: variable "i" was declared but never referenced
linking...
Program Size: Code=5348 RO-data=32 RW-data=220 ZI-data=7684  
".\ST7735.axf" - 0 Errors, 2 Warning(s).
Load "C:\\Users\\Colin\\Documents\\GitHub\\EE445M\\Lab3\\ST7735.axf" 
Connecting: Mode=JTAG, Speed=1000000Hz
Erase Done.
Programming Done.
Verify OK.
Build target 'Lab3'
compiling main.c...
main.c(869): warning:  #111-D: statement is unreachable
main.c(864): warning:  #177-D: variable "i" was declared but never referenced
linking...
Program Size: Code=5072 RO-data=32 RW-data=220 ZI-data=7684  
".\ST7735.axf" - 0 Errors, 2 Warning(s).
Load "C:\\Users\\Colin\\Documents\\GitHub\\EE445M\\Lab3\\ST7735.axf" 
Connecting: Mode=JTAG, Speed=1000000Hz
Erase Done.
Programming Done.
Verify OK.
Build target 'Lab3'
compiling main.c...
main.c(869): warning:  #111-D: statement is unreachable
main.c(864): warning:  #177-D: variable "i" was declared but never referenced
linking...
Program Size: Code=5312 RO-data=32 RW-data=220 ZI-data=7684  
".\ST7735.axf" - 0 Errors, 2 Warning(s).
Load "C:\\Users\\Colin\\Documents\\GitHub\\EE445M\\Lab3\\ST7735.axf" 
Connecting: Mode=JTAG, Speed=1000000Hz
Erase Done.
Programming Done.
Verify OK.
Build target 'Lab3'
compiling main.c...
main.c(871): warning:  #111-D: statement is unreachable
main.c(866): warning:  #177-D: variable "i" was declared but never referenced
linking...
.\ST7735.axf: Error: L6218E: Undefined symbol main (referred from rtentry2.o).
".\ST7735.axf" - 1 Errors, 2 Warning(s).
Target not created
Build target 'Lab3'
compiling main.c...
main.c(871): warning:  #111-D: statement is unreachable
main.c(866): warning:  #177-D: variable "i" was declared but never referenced
linking...
Program Size: Code=6112 RO-data=32 RW-data=220 ZI-data=7684  
".\ST7735.axf" - 0 Errors, 2 Warning(s).
Load "C:\\Users\\Colin\\Documents\\GitHub\\EE445M\\Lab3\\ST7735.axf" 
Connecting: Mode=JTAG, Speed=1000000Hz
Erase Done.
Programming Done.
Verify OK.
Build target 'Lab3'
compiling main.c...
main.c(871): warning:  #111-D: statement is unreachable
main.c(866): warning:  #177-D: variable "i" was declared but never referenced
linking...
Program Size: Code=5800 RO-data=32 RW-data=220 ZI-data=7684  
".\ST7735.axf" - 0 Errors, 2 Warning(s).
Load "C:\\Users\\Colin\\Documents\\GitHub\\EE445M\\Lab3\\ST7735.axf" 
Connecting: Mode=JTAG, Speed=1000000Hz
Erase Done.
Programming Done.
Verify OK.
Build target 'Lab3'
compiling main.c...
main.c(871): warning:  #111-D: statement is unreachable
main.c(866): warning:  #177-D: variable "i" was declared but never referenced
linking...
Program Size: Code=6184 RO-data=32 RW-data=220 ZI-data=7684  
".\ST7735.axf" - 0 Errors, 2 Warning(s).
Load "C:\\Users\\Colin\\Documents\\GitHub\\EE445M\\Lab3\\ST7735.axf" 
Connecting: Mode=JTAG, Speed=1000000Hz
Erase Done.
Programming Done.
Verify OK.
Build target 'Lab3'
compiling main.c...
main.c(871): warning:  #111-D: statement is unreachable
main.c(866): warning:  #177-D: variable "i" was declared but never referenced
linking...
Program Size: Code=6184 RO-data=32 RW-data=220 ZI-data=7684  
".\ST7735.axf" - 0 Errors, 2 Warning(s).
Load "C:\\Users\\Colin\\Documents\\GitHub\\EE445M\\Lab3\\ST7735.axf" 
Connecting: Mode=JTAG, Speed=1000000Hz
Erase Done.
Programming Done.
Verify OK.
Build target 'Lab3'
compiling main.c...
main.c(871): warning:  #111-D: statement is unreachable
main.c(866): warning:  #177-D: variable "i" was declared but never referenced
linking...
Program Size: Code=6184 RO-data=32 RW-data=220 ZI-data=7684  
".\ST7735.axf" - 0 Errors, 2 Warning(s).
Build target 'Lab3'
compiling main.c...
main.c(871): warning:  #111-D: statement is unreachable
main.c(866): warning:  #177-D: variable "i" was declared but never referenced
linking...
Program Size: Code=6112 RO-data=32 RW-data=220 ZI-data=7684  
".\ST7735.axf" - 0 Errors, 2 Warning(s).
Load "C:\\Users\\Colin\\Documents\\GitHub\\EE445M\\Lab3\\ST7735.axf" 
Connecting: Mode=JTAG, Speed=1000000Hz
Erase Done.
Programming Done.
Verify OK.
Build target 'Lab3'
compiling main.c...
main.c(871): warning:  #111-D: statement is unreachable
main.c(866): warning:  #177-D: variable "i" was declared but never referenced
linking...
Program Size: Code=5992 RO-data=32 RW-data=220 ZI-data=7684  
".\ST7735.axf" - 0 Errors, 2 Warning(s).
Load "C:\\Users\\Colin\\Documents\\GitHub\\EE445M\\Lab3\\ST7735.axf" 
Connecting: Mode=JTAG, Speed=1000000Hz
Erase Done.
Programming Done.
Verify OK.
Build target 'Lab3'
compiling main.c...
main.c(871): warning:  #111-D: statement is unreachable
main.c(866): warning:  #177-D: variable "i" was declared but never referenced
linking...
Program Size: Code=6112 RO-data=32 RW-data=220 ZI-data=7684  
".\ST7735.axf" - 0 Errors, 2 Warning(s).
Load "C:\\Users\\Colin\\Documents\\GitHub\\EE445M\\Lab3\\ST7735.axf" 
Connecting: Mode=JTAG, Speed=1000000Hz
Erase Done.
Programming Done.
Verify OK.
Build target 'Lab3'
compiling main.c...
main.c(871): warning:  #111-D: statement is unreachable
main.c(866): warning:  #177-D: variable "i" was declared but never referenced
linking...
Program Size: Code=5800 RO-data=32 RW-data=220 ZI-data=7684  
".\ST7735.axf" - 0 Errors, 2 Warning(s).
Load "C:\\Users\\Colin\\Documents\\GitHub\\EE445M\\Lab3\\ST7735.axf" 
Connecting: Mode=JTAG, Speed=1000000Hz
Erase Done.
Programming Done.
Verify OK.
Build target 'Lab3'
compiling main.c...
main.c(871): warning:  #111-D: statement is unreachable
main.c(866): warning:  #177-D: variable "i" was declared but never referenced
linking...
Program Size: Code=5840 RO-data=32 RW-data=220 ZI-data=7684  
".\ST7735.axf" - 0 Errors, 2 Warning(s).
Load "C:\\Users\\Colin\\Documents\\GitHub\\EE445M\\Lab3\\ST7735.axf" 
Connecting: Mode=JTAG, Speed=1000000Hz
Erase Done.
Programming Done.
Verify OK.
Build target 'Lab3'
compiling main.c...
main.c(871): warning:  #111-D: statement is unreachable
main.c(866): warning:  #177-D: variable "i" was declared but never referenced
linking...
Program Size: Code=6208 RO-data=32 RW-data=220 ZI-data=7684  
".\ST7735.axf" - 0 Errors, 2 Warning(s).
Load "C:\\Users\\Colin\\Documents\\GitHub\\EE445M\\Lab3\\ST7735.axf" 
Connecting: Mode=JTAG, Speed=1000000Hz
Erase Done.
Programming Done.
Verify OK.
Rebuild target 'Lab3'
assembling startup.s...
compiling ADC.c...
compiling Interpreter.c...
compiling OS.c...
OS.c(406): warning:  #61-D: integer operation result is out of range
OS.c(867): warning:  #61-D: integer operation result is out of range
compiling PLL.c...
compiling ST7735.c...
compiling SysTick.c...
compiling UART2.c...
assembling cr4_fft_64_stm32.s...
assembling osasm.s...
assembling PID_stm32.s...
compiling main.c...
main.c(871): warning:  #111-D: statement is unreachable
main.c(866): warning:  #177-D: variable "i" was declared but never referenced
linking...
Program Size: Code=5980 RO-data=32 RW-data=220 ZI-data=7684  
".\ST7735.axf" - 0 Errors, 4 Warning(s).
Load "C:\\Users\\Colin\\Documents\\GitHub\\EE445M\\Lab3\\ST7735.axf" 
Connecting: Mode=JTAG, Speed=1000000Hz
Erase Done.
Programming Done.
Verify OK.
Build target 'Lab3'
compiling main.c...
main.c(871): warning:  #111-D: statement is unreachable
main.c(866): warning:  #177-D: variable "i" was declared but never referenced
linking...
Program Size: Code=5800 RO-data=32 RW-data=220 ZI-data=7684  
".\ST7735.axf" - 0 Errors, 2 Warning(s).
Load "C:\\Users\\Colin\\Documents\\GitHub\\EE445M\\Lab3\\ST7735.axf" 
Connecting: Mode=JTAG, Speed=1000000Hz
Erase Done.
Programming Done.
Verify OK.
Build target 'Lab3'
compiling main.c...
main.c(870): warning:  #111-D: statement is unreachable
main.c(865): warning:  #177-D: variable "i" was declared but never referenced
linking...
Program Size: Code=6224 RO-data=32 RW-data=220 ZI-data=7684  
".\ST7735.axf" - 0 Errors, 2 Warning(s).
Build target 'Lab3'
compiling OS.c...
OS.c(406): warning:  #61-D: integer operation result is out of range
OS.c(867): warning:  #61-D: integer operation result is out of range
linking...
Program Size: Code=6184 RO-data=32 RW-data=220 ZI-data=7684  
".\ST7735.axf" - 0 Errors, 2 Warning(s).
Load "C:\\Users\\Colin\\Documents\\GitHub\\EE445M\\Lab3\\ST7735.axf" 
Connecting: Mode=JTAG, Speed=1000000Hz
Erase Done.
Programming Done.
Verify OK.
Build target 'Lab3'
compiling OS.c...
OS.c(407): warning:  #61-D: integer operation result is out of range
OS.c(868): warning:  #61-D: integer operation result is out of range
linking...
Program Size: Code=6212 RO-data=32 RW-data=220 ZI-data=7684  
".\ST7735.axf" - 0 Errors, 2 Warning(s).
Load "C:\\Users\\Colin\\Documents\\GitHub\\EE445M\\Lab3\\ST7735.axf" 
Connecting: Mode=JTAG, Speed=1000000Hz
Erase Done.
Programming Done.
Verify OK.
Build target 'Lab3'
compiling OS.c...
OS.c(407): warning:  #61-D: integer operation result is out of range
OS.c(868): warning:  #61-D: integer operation result is out of range
linking...
Program Size: Code=6224 RO-data=32 RW-data=220 ZI-data=7684  
".\ST7735.axf" - 0 Errors, 2 Warning(s).
Load "C:\\Users\\Colin\\Documents\\GitHub\\EE445M\\Lab3\\ST7735.axf" 
Connecting: Mode=JTAG, Speed=1000000Hz
Erase Done.
Programming Done.
Verify OK.
Build target 'Lab3'
compiling OS.c...
OS.c(407): warning:  #61-D: integer operation result is out of range
OS.c(868): warning:  #61-D: integer operation result is out of range
linking...
Program Size: Code=6212 RO-data=32 RW-data=220 ZI-data=7684  
".\ST7735.axf" - 0 Errors, 2 Warning(s).
Load "C:\\Users\\Colin\\Documents\\GitHub\\EE445M\\Lab3\\ST7735.axf" 
Connecting: Mode=JTAG, Speed=1000000Hz
Erase Done.
Programming Done.
Verify OK.
Rebuild target 'Lab3'
assembling startup.s...
compiling ADC.c...
compiling Interpreter.c...
compiling OS.c...
OS.c(408): warning:  #61-D: integer operation result is out of range
OS.c(869): warning:  #61-D: integer operation result is out of range
compiling PLL.c...
compiling ST7735.c...
compiling SysTick.c...
compiling UART2.c...
assembling cr4_fft_64_stm32.s...
assembling osasm.s...
assembling PID_stm32.s...
compiling main.c...
main.c(870): warning:  #111-D: statement is unreachable
main.c(865): warning:  #177-D: variable "i" was declared but never referenced
linking...
Program Size: Code=6232 RO-data=32 RW-data=220 ZI-data=7684  
".\ST7735.axf" - 0 Errors, 4 Warning(s).
Load "C:\\Users\\Colin\\Documents\\GitHub\\EE445M\\Lab3\\ST7735.axf" 
Connecting: Mode=JTAG, Speed=1000000Hz
Erase Done.
Programming Done.
Verify OK.
Build target 'Lab3'
compiling OS.c...
OS.c(408): warning:  #61-D: integer operation result is out of range
OS.c(869): warning:  #61-D: integer operation result is out of range
linking...
Program Size: Code=6212 RO-data=32 RW-data=220 ZI-data=7684  
".\ST7735.axf" - 0 Errors, 2 Warning(s).
Load "C:\\Users\\Colin\\Documents\\GitHub\\EE445M\\Lab3\\ST7735.axf" 
Connecting: Mode=JTAG, Speed=1000000Hz
Erase Done.
Programming Done.
Verify OK.
