<html>
<body>
<pre>
<h1>µVision Build Log</h1>
<h2>Project:</h2>
C:\Users\Colin\Documents\GitHub\EE445M\Lab6\Lab04.uvproj
Project File Date:  03/27/2014

<h2>Output:</h2>
Build target 'Lab04'
compiling main.c...
main.c(197): error:  #20: identifier "SYSCTL_RCGCGPIO_R" is undefined
main.c(198): error:  #20: identifier "delay" is undefined
main.c(199): error:  #20: identifier "GPIO_PORTF_LOCK_R" is undefined
main.c(200): error:  #20: identifier "GPIO_PORTF_CR_R" is undefined
main.c(201): error:  #20: identifier "GPIO_PORTF_DIR_R" is undefined
main.c(202): error:  #20: identifier "GPIO_PORTF_AFSEL_R" is undefined
main.c(203): error:  #20: identifier "GPIO_PORTF_DEN_R" is undefined
main.c(204): error:  #20: identifier "GPIO_PORTF_PUR_R" is undefined
main.c(205): error:  #20: identifier "GPIO_PORTF_PCTL_R" is undefined
main.c(206): error:  #20: identifier "GPIO_PORTF_AMSEL_R" is undefined
compiling can0.c...
".\Lab03.axf" - 10 Errors, 0 Warning(s).
Target not created
Build target 'Lab04'
compiling main.c...
main.c(198): error:  #20: identifier "delay" is undefined
".\Lab03.axf" - 1 Errors, 0 Warning(s).
Target not created
Build target 'Lab04'
compiling main.c...
main.c(197): warning:  #550-D: variable "delay" was set but never used
linking...
Program Size: Code=18808 RO-data=2468 RW-data=876 ZI-data=16732  
".\Lab03.axf" - 0 Errors, 1 Warning(s).
Build target 'Lab04'
compiling main.c...
main.c(197): warning:  #550-D: variable "delay" was set but never used
compiling can0.c...
linking...
Program Size: Code=18772 RO-data=2468 RW-data=876 ZI-data=16732  
".\Lab03.axf" - 0 Errors, 1 Warning(s).
Load "C:\\Users\\Colin\\Documents\\GitHub\\EE445M\\Lab6\\Lab03.axf" 
Connecting: Mode=JTAG, Speed=1000000Hz
Erase Done.
Programming Done.
Verify OK.
Build target 'Lab04'
compiling main.c...
main.c(197): warning:  #550-D: variable "delay" was set but never used
compiling can0.c...
linking...
Program Size: Code=18776 RO-data=2468 RW-data=876 ZI-data=16732  
".\Lab03.axf" - 0 Errors, 1 Warning(s).
Load "C:\\Users\\Colin\\Documents\\GitHub\\EE445M\\Lab6\\Lab03.axf" 
Connecting: Mode=JTAG, Speed=1000000Hz
Erase Done.
Programming Done.
Verify OK.
Build target 'Lab04'
compiling main.c...
main.c(197): warning:  #550-D: variable "delay" was set but never used
compiling can0.c...
linking...
Program Size: Code=18772 RO-data=2468 RW-data=876 ZI-data=16732  
".\Lab03.axf" - 0 Errors, 1 Warning(s).
Load "C:\\Users\\Colin\\Documents\\GitHub\\EE445M\\Lab6\\Lab03.axf" 
Connecting: Mode=JTAG, Speed=1000000Hz
Erase Done.
Programming Done.
Verify OK.
Build target 'Lab04'
linking...
Program Size: Code=18772 RO-data=2468 RW-data=876 ZI-data=16732  
".\Lab03.axf" - 0 Errors, 0 Warning(s).
Load "C:\\Users\\Colin\\Documents\\GitHub\\EE445M\\Lab6\\Lab03.axf" 
Connecting: Mode=JTAG, Speed=1000000Hz
Erase Done.
Programming Done.
Verify OK.
Build target 'Lab04'
compiling main.c...
main.c(197): warning:  #550-D: variable "delay" was set but never used
compiling can0.c...
linking...
Program Size: Code=18776 RO-data=2468 RW-data=876 ZI-data=16732  
".\Lab03.axf" - 0 Errors, 1 Warning(s).
Load "C:\\Users\\Colin\\Documents\\GitHub\\EE445M\\Lab6\\Lab03.axf" 
Connecting: Mode=JTAG, Speed=1000000Hz
Erase Done.
Programming Done.
Verify OK.
Build target 'Lab04'
compiling main.c...
main.c(197): warning:  #550-D: variable "delay" was set but never used
compiling can0.c...
linking...
Program Size: Code=18772 RO-data=2468 RW-data=876 ZI-data=16732  
".\Lab03.axf" - 0 Errors, 1 Warning(s).
Load "C:\\Users\\Colin\\Documents\\GitHub\\EE445M\\Lab6\\Lab03.axf" 
Connecting: Mode=JTAG, Speed=1000000Hz
Erase Done.
Programming Done.
Verify OK.
Build target 'Lab04'
compiling main.c...
main.c(197): warning:  #550-D: variable "delay" was set but never used
compiling can0.c...
linking...
Program Size: Code=18776 RO-data=2468 RW-data=876 ZI-data=16732  
".\Lab03.axf" - 0 Errors, 1 Warning(s).
Load "C:\\Users\\Colin\\Documents\\GitHub\\EE445M\\Lab6\\Lab03.axf" 
Connecting: Mode=JTAG, Speed=1000000Hz
Erase Done.
Programming Done.
Verify OK.
Build target 'Lab04'
compiling main.c...
main.c(197): warning:  #550-D: variable "delay" was set but never used
compiling can0.c...
linking...
Program Size: Code=18768 RO-data=2468 RW-data=876 ZI-data=16732  
".\Lab03.axf" - 0 Errors, 1 Warning(s).
Load "C:\\Users\\Colin\\Documents\\GitHub\\EE445M\\Lab6\\Lab03.axf" 
Connecting: Mode=JTAG, Speed=1000000Hz
Erase Done.
Programming Done.
Verify OK.
Build target 'Lab04'
compiling main.c...
main.c(197): warning:  #550-D: variable "delay" was set but never used
compiling can0.c...
linking...
Program Size: Code=18772 RO-data=2468 RW-data=876 ZI-data=16732  
".\Lab03.axf" - 0 Errors, 1 Warning(s).
Load "C:\\Users\\Colin\\Documents\\GitHub\\EE445M\\Lab6\\Lab03.axf" 
Connecting: Mode=JTAG, Speed=1000000Hz
Erase Done.
Programming Done.
Verify OK.
Build target 'Lab04'
compiling main.c...
main.c(197): warning:  #550-D: variable "delay" was set but never used
linking...
Program Size: Code=18772 RO-data=2468 RW-data=876 ZI-data=16732  
".\Lab03.axf" - 0 Errors, 1 Warning(s).
Build target 'Lab04'
compiling main.c...
main.c(197): warning:  #550-D: variable "delay" was set but never used
compiling can0.c...
linking...
Program Size: Code=18768 RO-data=2468 RW-data=876 ZI-data=16732  
".\Lab03.axf" - 0 Errors, 1 Warning(s).
Build target 'Lab04'
linking...
Program Size: Code=18768 RO-data=2468 RW-data=876 ZI-data=16732  
".\Lab03.axf" - 0 Errors, 0 Warning(s).
Load "C:\\Users\\Colin\\Documents\\GitHub\\EE445M\\Lab6\\Lab03.axf" 
Connecting: Mode=JTAG, Speed=1000000Hz
Erase Done.
Programming Done.
Verify OK.
Build target 'Lab04'
compiling main.c...
main.c(197): warning:  #550-D: variable "delay" was set but never used
compiling can0.c...
linking...
Program Size: Code=18772 RO-data=2468 RW-data=876 ZI-data=16732  
".\Lab03.axf" - 0 Errors, 1 Warning(s).
Load "C:\\Users\\Colin\\Documents\\GitHub\\EE445M\\Lab6\\Lab03.axf" 
Connecting: Mode=JTAG, Speed=1000000Hz
Erase Done.
Programming Done.
Verify OK.
Build target 'Lab04'
compiling main.c...
main.c(204): warning:  #550-D: variable "delay" was set but never used
main.c(218): warning:  #177-D: variable "time3" was declared but never referenced
compiling PING.c...
PING.c(190): warning:  #177-D: variable "startTime" was declared but never referenced
PING.c(190): warning:  #177-D: variable "finishTime" was declared but never referenced
PING.c(240): warning:  #550-D: variable "data" was set but never used
linking...
Program Size: Code=20836 RO-data=2468 RW-data=896 ZI-data=16736  
".\Lab03.axf" - 0 Errors, 5 Warning(s).
Load "C:\\Users\\Colin\\Documents\\GitHub\\EE445M\\Lab6\\Lab03.axf" 
Connecting: Mode=JTAG, Speed=1000000Hz
Connection failed!, error code=&d
Load "C:\\Users\\Colin\\Documents\\GitHub\\EE445M\\Lab6\\Lab03.axf" 
Connecting: Mode=JTAG, Speed=1000000Hz
Erase Done.
Programming Done.
Verify OK.
Build target 'Lab04'
compiling main.c...
main.c(204): warning:  #550-D: variable "delay" was set but never used
main.c(218): warning:  #177-D: variable "time3" was declared but never referenced
compiling can0.c...
compiling PING.c...
PING.c(190): warning:  #177-D: variable "startTime" was declared but never referenced
PING.c(190): warning:  #177-D: variable "finishTime" was declared but never referenced
PING.c(240): warning:  #550-D: variable "data" was set but never used
linking...
Program Size: Code=20832 RO-data=2468 RW-data=896 ZI-data=16736  
".\Lab03.axf" - 0 Errors, 5 Warning(s).
Load "C:\\Users\\Colin\\Documents\\GitHub\\EE445M\\Lab6\\Lab03.axf" 
Connecting: Mode=JTAG, Speed=1000000Hz
Erase Done.
Programming Done.
Verify OK.
Build target 'Lab04'
compiling OS.c...
compiling can0.c...
linking...
Program Size: Code=20828 RO-data=2468 RW-data=896 ZI-data=16736  
".\Lab03.axf" - 0 Errors, 0 Warning(s).
Load "C:\\Users\\Colin\\Documents\\GitHub\\EE445M\\Lab6\\Lab03.axf" 
Connecting: Mode=JTAG, Speed=1000000Hz
Erase Done.
Programming Done.
Verify OK.
Build target 'Lab04'
compiling main.c...
main.c(204): warning:  #550-D: variable "delay" was set but never used
main.c(218): warning:  #177-D: variable "time3" was declared but never referenced
compiling can0.c...
linking...
Program Size: Code=20832 RO-data=2468 RW-data=896 ZI-data=16736  
".\Lab03.axf" - 0 Errors, 2 Warning(s).
Load "C:\\Users\\Colin\\Documents\\GitHub\\EE445M\\Lab6\\Lab03.axf" 
Connecting: Mode=JTAG, Speed=1000000Hz
Erase Done.
Programming Done.
Verify OK.
Build target 'Lab04'
compiling main.c...
main.c(204): warning:  #550-D: variable "delay" was set but never used
main.c(218): warning:  #177-D: variable "time3" was declared but never referenced
linking...
Program Size: Code=20800 RO-data=2468 RW-data=896 ZI-data=16736  
".\Lab03.axf" - 0 Errors, 2 Warning(s).
Load "C:\\Users\\Colin\\Documents\\GitHub\\EE445M\\Lab6\\Lab03.axf" 
Connecting: Mode=JTAG, Speed=1000000Hz
Erase Done.
Programming Done.
Verify OK.
Build target 'Lab04'
compiling main.c...
main.c(204): warning:  #550-D: variable "delay" was set but never used
main.c(218): warning:  #177-D: variable "time3" was declared but never referenced
linking...
Program Size: Code=20804 RO-data=2468 RW-data=896 ZI-data=16736  
".\Lab03.axf" - 0 Errors, 2 Warning(s).
Load "C:\\Users\\Colin\\Documents\\GitHub\\EE445M\\Lab6\\Lab03.axf" 
Connecting: Mode=JTAG, Speed=1000000Hz
Erase Done.
Programming Done.
Verify OK.
Build target 'Lab04'
compiling main.c...
main.c(204): warning:  #550-D: variable "delay" was set but never used
main.c(218): warning:  #177-D: variable "time3" was declared but never referenced
linking...
Program Size: Code=20808 RO-data=2468 RW-data=896 ZI-data=16736  
".\Lab03.axf" - 0 Errors, 2 Warning(s).
Load "C:\\Users\\Colin\\Documents\\GitHub\\EE445M\\Lab6\\Lab03.axf" 
Connecting: Mode=JTAG, Speed=1000000Hz
Erase Done.
Programming Done.
Verify OK.
Build target 'Lab04'
compiling main.c...
main.c(204): warning:  #550-D: variable "delay" was set but never used
main.c(218): warning:  #177-D: variable "time3" was declared but never referenced
linking...
Program Size: Code=20820 RO-data=2468 RW-data=896 ZI-data=16736  
".\Lab03.axf" - 0 Errors, 2 Warning(s).
Load "C:\\Users\\Colin\\Documents\\GitHub\\EE445M\\Lab6\\Lab03.axf" 
Connecting: Mode=JTAG, Speed=1000000Hz
Erase Done.
Programming Done.
Verify OK.
Build target 'Lab04'
compiling main.c...
main.c(204): warning:  #550-D: variable "delay" was set but never used
main.c(218): warning:  #177-D: variable "time3" was declared but never referenced
linking...
Program Size: Code=20820 RO-data=2468 RW-data=896 ZI-data=16736  
".\Lab03.axf" - 0 Errors, 2 Warning(s).
Load "C:\\Users\\Colin\\Documents\\GitHub\\EE445M\\Lab6\\Lab03.axf" 
Connecting: Mode=JTAG, Speed=1000000Hz
Erase Done.
Programming Done.
Verify OK.
Build target 'Lab04'
compiling main.c...
main.c(204): warning:  #550-D: variable "delay" was set but never used
main.c(218): warning:  #177-D: variable "time3" was declared but never referenced
linking...
Program Size: Code=20824 RO-data=2468 RW-data=896 ZI-data=16736  
".\Lab03.axf" - 0 Errors, 2 Warning(s).
Load "C:\\Users\\Colin\\Documents\\GitHub\\EE445M\\Lab6\\Lab03.axf" 
Connecting: Mode=JTAG, Speed=1000000Hz
Erase Done.
Programming Done.
Verify OK.
Build target 'Lab04'
compiling main.c...
main.c(192): warning:  #111-D: statement is unreachable
main.c(205): warning:  #550-D: variable "delay" was set but never used
main.c(219): warning:  #177-D: variable "time3" was declared but never referenced
linking...
Program Size: Code=20832 RO-data=2468 RW-data=896 ZI-data=16736  
".\Lab03.axf" - 0 Errors, 3 Warning(s).
Load "C:\\Users\\Colin\\Documents\\GitHub\\EE445M\\Lab6\\Lab03.axf" 
Connecting: Mode=JTAG, Speed=1000000Hz
Erase Done.
Programming Done.
Verify OK.
Build target 'Lab04'
compiling main.c...
main.c(192): warning:  #111-D: statement is unreachable
main.c(205): warning:  #550-D: variable "delay" was set but never used
main.c(219): warning:  #177-D: variable "time3" was declared but never referenced
linking...
Program Size: Code=20832 RO-data=2468 RW-data=896 ZI-data=16736  
".\Lab03.axf" - 0 Errors, 3 Warning(s).
Load "C:\\Users\\Colin\\Documents\\GitHub\\EE445M\\Lab6\\Lab03.axf" 
Connecting: Mode=JTAG, Speed=1000000Hz
Erase Done.
Programming Done.
Verify OK.
Build target 'Lab04'
compiling main.c...
main.c(192): warning:  #111-D: statement is unreachable
main.c(205): warning:  #550-D: variable "delay" was set but never used
main.c(219): warning:  #177-D: variable "time3" was declared but never referenced
linking...
Program Size: Code=20820 RO-data=2468 RW-data=896 ZI-data=16736  
".\Lab03.axf" - 0 Errors, 3 Warning(s).
Load "C:\\Users\\Colin\\Documents\\GitHub\\EE445M\\Lab6\\Lab03.axf" 
Connecting: Mode=JTAG, Speed=1000000Hz
Erase Done.
Programming Done.
Verify OK.
Build target 'Lab04'
compiling main.c...
main.c(192): warning:  #111-D: statement is unreachable
main.c(205): warning:  #550-D: variable "delay" was set but never used
main.c(219): warning:  #177-D: variable "time3" was declared but never referenced
linking...
Program Size: Code=20812 RO-data=2468 RW-data=896 ZI-data=16736  
".\Lab03.axf" - 0 Errors, 3 Warning(s).
Load "C:\\Users\\Colin\\Documents\\GitHub\\EE445M\\Lab6\\Lab03.axf" 
Connecting: Mode=JTAG, Speed=1000000Hz
Erase Done.
Programming Done.
Verify OK.
Build target 'Lab04'
compiling main.c...
main.c(192): warning:  #111-D: statement is unreachable
main.c(205): warning:  #550-D: variable "delay" was set but never used
main.c(219): warning:  #177-D: variable "time3" was declared but never referenced
linking...
Program Size: Code=20832 RO-data=2468 RW-data=896 ZI-data=16736  
".\Lab03.axf" - 0 Errors, 3 Warning(s).
Load "C:\\Users\\Colin\\Documents\\GitHub\\EE445M\\Lab6\\Lab03.axf" 
Connecting: Mode=JTAG, Speed=1000000Hz
Connection failed!, error code=&d
Build target 'Lab04'
linking...
Program Size: Code=20832 RO-data=2468 RW-data=896 ZI-data=16736  
".\Lab03.axf" - 0 Errors, 0 Warning(s).
Load "C:\\Users\\Colin\\Documents\\GitHub\\EE445M\\Lab6\\Lab03.axf" 
Connecting: Mode=JTAG, Speed=1000000Hz
Erase Done.
Programming Done.
Verify OK.
Build target 'Lab04'
compiling OS.c...
linking...
Program Size: Code=20816 RO-data=2468 RW-data=896 ZI-data=16736  
".\Lab03.axf" - 0 Errors, 0 Warning(s).
Load "C:\\Users\\Colin\\Documents\\GitHub\\EE445M\\Lab6\\Lab03.axf" 
Connecting: Mode=JTAG, Speed=1000000Hz
Erase Done.
Programming Done.
Verify OK.
Build target 'Lab04'
compiling main.c...
main.c(192): warning:  #111-D: statement is unreachable
main.c(205): warning:  #550-D: variable "delay" was set but never used
main.c(219): warning:  #177-D: variable "time3" was declared but never referenced
linking...
Program Size: Code=20804 RO-data=2468 RW-data=896 ZI-data=16736  
".\Lab03.axf" - 0 Errors, 3 Warning(s).
Load "C:\\Users\\Colin\\Documents\\GitHub\\EE445M\\Lab6\\Lab03.axf" 
Connecting: Mode=JTAG, Speed=1000000Hz
Erase Done.
Programming Done.
Verify OK.
Build target 'Lab04'
compiling OS.c...
linking...
Program Size: Code=20820 RO-data=2468 RW-data=896 ZI-data=16736  
".\Lab03.axf" - 0 Errors, 0 Warning(s).
Load "C:\\Users\\Colin\\Documents\\GitHub\\EE445M\\Lab6\\Lab03.axf" 
Connecting: Mode=JTAG, Speed=1000000Hz
Erase Done.
Programming Done.
Verify OK.
Build target 'Lab04'
compiling PING.c...
PING.c(191): warning:  #177-D: variable "startTime" was declared but never referenced
PING.c(191): warning:  #177-D: variable "finishTime" was declared but never referenced
PING.c(241): warning:  #550-D: variable "data" was set but never used
linking...
Program Size: Code=20820 RO-data=2468 RW-data=896 ZI-data=16736  
".\Lab03.axf" - 0 Errors, 3 Warning(s).
Build target 'Lab04'
compiling main.c...
main.c(192): warning:  #111-D: statement is unreachable
main.c(205): warning:  #550-D: variable "delay" was set but never used
main.c(219): warning:  #177-D: variable "time3" was declared but never referenced
linking...
Program Size: Code=20808 RO-data=2468 RW-data=896 ZI-data=16736  
".\Lab03.axf" - 0 Errors, 3 Warning(s).
Load "C:\\Users\\Colin\\Documents\\GitHub\\EE445M\\Lab6\\Lab03.axf" 
Connecting: Mode=JTAG, Speed=1000000Hz
Erase Done.
Programming Done.
Verify OK.
Build target 'Lab04'
compiling main.c...
main.c(192): warning:  #111-D: statement is unreachable
main.c(205): warning:  #550-D: variable "delay" was set but never used
main.c(219): warning:  #177-D: variable "time3" was declared but never referenced
compiling PING.c...
PING.c(190): warning:  #177-D: variable "startTime" was declared but never referenced
PING.c(190): warning:  #177-D: variable "finishTime" was declared but never referenced
PING.c(240): warning:  #550-D: variable "data" was set but never used
linking...
Program Size: Code=20820 RO-data=2468 RW-data=896 ZI-data=16736  
".\Lab03.axf" - 0 Errors, 6 Warning(s).
Load "C:\\Users\\Colin\\Documents\\GitHub\\EE445M\\Lab6\\Lab03.axf" 
Connecting: Mode=JTAG, Speed=1000000Hz
Erase Done.
Programming Done.
Verify OK.
Build target 'Lab04'
compiling OS.c...
linking...
Program Size: Code=20820 RO-data=2468 RW-data=896 ZI-data=16736  
".\Lab03.axf" - 0 Errors, 0 Warning(s).
Build target 'Lab04'
compiling main.c...
main.c(192): warning:  #111-D: statement is unreachable
main.c(205): warning:  #550-D: variable "delay" was set but never used
main.c(219): warning:  #177-D: variable "time3" was declared but never referenced
compiling can0.c...
linking...
Program Size: Code=20816 RO-data=2468 RW-data=896 ZI-data=16736  
".\Lab03.axf" - 0 Errors, 3 Warning(s).
Load "C:\\Users\\Colin\\Documents\\GitHub\\EE445M\\Lab6\\Lab03.axf" 
Connecting: Mode=JTAG, Speed=1000000Hz
Erase Done.
Programming Done.
Verify OK.
Build target 'Lab04'
compiling main.c...
main.c(192): warning:  #111-D: statement is unreachable
main.c(205): warning:  #550-D: variable "delay" was set but never used
main.c(219): warning:  #177-D: variable "time3" was declared but never referenced
linking...
Program Size: Code=20792 RO-data=2468 RW-data=896 ZI-data=16736  
".\Lab03.axf" - 0 Errors, 3 Warning(s).
Load "C:\\Users\\Colin\\Documents\\GitHub\\EE445M\\Lab6\\Lab03.axf" 
Connecting: Mode=JTAG, Speed=1000000Hz
Erase Done.
Programming Done.
Verify OK.
Build target 'Lab04'
compiling main.c...
main.c(192): warning:  #111-D: statement is unreachable
main.c(205): warning:  #550-D: variable "delay" was set but never used
main.c(219): warning:  #177-D: variable "time3" was declared but never referenced
compiling OS.c...
compiling SysTick.c...
compiling OS_Time.c...
compiling OS_Fifo.c...
compiling OS_Mailbox.c...
compiling OS_Display.c...
compiling OS_Interpreter.c...
compiling GPIO.c...
compiling PING.c...
PING.c(190): warning:  #177-D: variable "startTime" was declared but never referenced
PING.c(190): warning:  #177-D: variable "finishTime" was declared but never referenced
PING.c(240): warning:  #550-D: variable "data" was set but never used
linking...
Program Size: Code=20792 RO-data=2468 RW-data=896 ZI-data=29376  
".\Lab03.axf" - 0 Errors, 6 Warning(s).
Load "C:\\Users\\Colin\\Documents\\GitHub\\EE445M\\Lab6\\Lab03.axf" 
Connecting: Mode=JTAG, Speed=1000000Hz
Erase Done.
Programming Done.
Verify OK.
Build target 'Lab04'
compiling main.c...
main.c(192): warning:  #111-D: statement is unreachable
main.c(205): warning:  #550-D: variable "delay" was set but never used
main.c(219): warning:  #177-D: variable "time3" was declared but never referenced
compiling OS.c...
compiling SysTick.c...
compiling OS_Time.c...
compiling OS_Fifo.c...
compiling OS_Mailbox.c...
compiling OS_Display.c...
compiling OS_Interpreter.c...
compiling GPIO.c...
compiling PING.c...
PING.c(190): warning:  #177-D: variable "startTime" was declared but never referenced
PING.c(190): warning:  #177-D: variable "finishTime" was declared but never referenced
PING.c(240): warning:  #550-D: variable "data" was set but never used
linking...
.\Lab03.axf: Error: L6406E: No space in execution regions with .ANY selector matching os.o(.bss).
.\Lab03.axf: Error: L6407E: Sections of aggregate size 0xf758 bytes could not fit into .ANY selector(s).
".\Lab03.axf" - 2 Errors, 6 Warning(s).
Target not created
Load "C:\\Users\\Colin\\Documents\\GitHub\\EE445M\\Lab6\\Lab03.axf" 
_____^
*** error 56: cannot open file
Load "C:\\Users\\Colin\\Documents\\GitHub\\EE445M\\Lab6\\Lab03.axf" 
_____^
*** error 56: cannot open file
Build target 'Lab04'
linking...
.\Lab03.axf: Error: L6406E: No space in execution regions with .ANY selector matching os.o(.bss).
.\Lab03.axf: Error: L6407E: Sections of aggregate size 0xf758 bytes could not fit into .ANY selector(s).
".\Lab03.axf" - 2 Errors, 0 Warning(s).
Target not created
Build target 'Lab04'
compiling main.c...
main.c(192): warning:  #111-D: statement is unreachable
main.c(205): warning:  #550-D: variable "delay" was set but never used
main.c(219): warning:  #177-D: variable "time3" was declared but never referenced
compiling OS.c...
compiling SysTick.c...
compiling OS_Time.c...
compiling OS_Fifo.c...
compiling OS_Mailbox.c...
compiling OS_Display.c...
compiling OS_Interpreter.c...
compiling GPIO.c...
compiling PING.c...
PING.c(190): warning:  #177-D: variable "startTime" was declared but never referenced
PING.c(190): warning:  #177-D: variable "finishTime" was declared but never referenced
PING.c(240): warning:  #550-D: variable "data" was set but never used
linking...
Program Size: Code=20792 RO-data=2468 RW-data=896 ZI-data=16736  
".\Lab03.axf" - 0 Errors, 6 Warning(s).
Load "C:\\Users\\Colin\\Documents\\GitHub\\EE445M\\Lab6\\Lab03.axf" 
Connecting: Mode=JTAG, Speed=1000000Hz
Erase Done.
Programming Done.
Verify OK.
Build target 'Lab04'
compiling main.c...
main.c(192): warning:  #111-D: statement is unreachable
main.c(205): warning:  #550-D: variable "delay" was set but never used
main.c(219): warning:  #177-D: variable "time3" was declared but never referenced
linking...
Program Size: Code=20788 RO-data=2468 RW-data=896 ZI-data=16736  
".\Lab03.axf" - 0 Errors, 3 Warning(s).
Load "C:\\Users\\Colin\\Documents\\GitHub\\EE445M\\Lab6\\Lab03.axf" 
Connecting: Mode=JTAG, Speed=1000000Hz
Erase Done.
Programming Done.
Verify OK.
Build target 'Lab04'
compiling main.c...
main.c(192): warning:  #111-D: statement is unreachable
main.c(205): warning:  #550-D: variable "delay" was set but never used
main.c(219): warning:  #177-D: variable "time3" was declared but never referenced
linking...
Program Size: Code=20784 RO-data=2468 RW-data=896 ZI-data=16736  
".\Lab03.axf" - 0 Errors, 3 Warning(s).
Load "C:\\Users\\Colin\\Documents\\GitHub\\EE445M\\Lab6\\Lab03.axf" 
Connecting: Mode=JTAG, Speed=1000000Hz
Erase Done.
Programming Done.
Verify OK.
Build target 'Lab04'
compiling main.c...
main.c(192): warning:  #111-D: statement is unreachable
main.c(205): warning:  #550-D: variable "delay" was set but never used
main.c(219): warning:  #177-D: variable "time3" was declared but never referenced
linking...
Program Size: Code=20760 RO-data=2468 RW-data=896 ZI-data=16736  
".\Lab03.axf" - 0 Errors, 3 Warning(s).
Load "C:\\Users\\Colin\\Documents\\GitHub\\EE445M\\Lab6\\Lab03.axf" 
Connecting: Mode=JTAG, Speed=1000000Hz
Erase Done.
Programming Done.
Verify OK.
Build target 'Lab04'
compiling main.c...
main.c(192): warning:  #111-D: statement is unreachable
main.c(205): warning:  #550-D: variable "delay" was set but never used
main.c(219): warning:  #177-D: variable "time3" was declared but never referenced
linking...
Program Size: Code=20764 RO-data=2468 RW-data=896 ZI-data=16736  
".\Lab03.axf" - 0 Errors, 3 Warning(s).
Load "C:\\Users\\Colin\\Documents\\GitHub\\EE445M\\Lab6\\Lab03.axf" 
Connecting: Mode=JTAG, Speed=1000000Hz
Erase Done.
Programming Done.
Verify OK.
Build target 'Lab04'
compiling main.c...
main.c(192): warning:  #111-D: statement is unreachable
main.c(205): warning:  #550-D: variable "delay" was set but never used
main.c(219): warning:  #177-D: variable "time3" was declared but never referenced
linking...
Program Size: Code=20780 RO-data=2468 RW-data=896 ZI-data=16736  
".\Lab03.axf" - 0 Errors, 3 Warning(s).
Load "C:\\Users\\Colin\\Documents\\GitHub\\EE445M\\Lab6\\Lab03.axf" 
Connecting: Mode=JTAG, Speed=1000000Hz
Erase Done.
Programming Done.
Verify OK.
Build target 'Lab04'
compiling main.c...
main.c(192): warning:  #111-D: statement is unreachable
main.c(205): warning:  #550-D: variable "delay" was set but never used
main.c(219): warning:  #177-D: variable "time3" was declared but never referenced
linking...
Program Size: Code=20768 RO-data=2468 RW-data=896 ZI-data=16736  
".\Lab03.axf" - 0 Errors, 3 Warning(s).
Load "C:\\Users\\Colin\\Documents\\GitHub\\EE445M\\Lab6\\Lab03.axf" 
Connecting: Mode=JTAG, Speed=1000000Hz
Erase Done.
Programming Done.
Verify OK.
Build target 'Lab04'
compiling main.c...
main.c(192): warning:  #111-D: statement is unreachable
main.c(205): warning:  #550-D: variable "delay" was set but never used
main.c(219): warning:  #177-D: variable "time3" was declared but never referenced
linking...
Program Size: Code=20780 RO-data=2468 RW-data=896 ZI-data=16736  
".\Lab03.axf" - 0 Errors, 3 Warning(s).
Load "C:\\Users\\Colin\\Documents\\GitHub\\EE445M\\Lab6\\Lab03.axf" 
Connecting: Mode=JTAG, Speed=1000000Hz
Erase Done.
Programming Done.
Verify OK.
Build target 'Lab04'
compiling main.c...
main.c(192): warning:  #111-D: statement is unreachable
main.c(205): warning:  #550-D: variable "delay" was set but never used
main.c(219): warning:  #177-D: variable "time3" was declared but never referenced
linking...
Program Size: Code=20792 RO-data=2468 RW-data=896 ZI-data=16736  
".\Lab03.axf" - 0 Errors, 3 Warning(s).
Load "C:\\Users\\Colin\\Documents\\GitHub\\EE445M\\Lab6\\Lab03.axf" 
Connecting: Mode=JTAG, Speed=1000000Hz
Erase Done.
Programming Done.
Verify OK.
Build target 'Lab04'
compiling main.c...
main.c(192): warning:  #111-D: statement is unreachable
main.c(205): warning:  #550-D: variable "delay" was set but never used
main.c(219): warning:  #177-D: variable "time3" was declared but never referenced
linking...
Program Size: Code=20792 RO-data=2468 RW-data=896 ZI-data=16736  
".\Lab03.axf" - 0 Errors, 3 Warning(s).
Load "C:\\Users\\Colin\\Documents\\GitHub\\EE445M\\Lab6\\Lab03.axf" 
Connecting: Mode=JTAG, Speed=1000000Hz
Erase Done.
Programming Done.
Verify OK.
Build target 'Lab04'
compiling main.c...
main.c(192): warning:  #111-D: statement is unreachable
main.c(205): warning:  #550-D: variable "delay" was set but never used
main.c(219): warning:  #177-D: variable "time3" was declared but never referenced
linking...
Program Size: Code=20792 RO-data=2468 RW-data=896 ZI-data=16736  
".\Lab03.axf" - 0 Errors, 3 Warning(s).
Load "C:\\Users\\Colin\\Documents\\GitHub\\EE445M\\Lab6\\Lab03.axf" 
Connecting: Mode=JTAG, Speed=1000000Hz
Erase Done.
Programming Done.
Verify OK.
Build target 'Lab04'
compiling main.c...
main.c(192): warning:  #111-D: statement is unreachable
main.c(205): warning:  #550-D: variable "delay" was set but never used
main.c(219): warning:  #177-D: variable "time3" was declared but never referenced
linking...
Program Size: Code=20792 RO-data=2468 RW-data=896 ZI-data=16736  
".\Lab03.axf" - 0 Errors, 3 Warning(s).
Build target 'Lab04'
compiling main.c...
main.c(192): warning:  #111-D: statement is unreachable
main.c(205): warning:  #550-D: variable "delay" was set but never used
main.c(219): warning:  #177-D: variable "time3" was declared but never referenced
linking...
Program Size: Code=20792 RO-data=2468 RW-data=896 ZI-data=16736  
".\Lab03.axf" - 0 Errors, 3 Warning(s).
Load "C:\\Users\\Colin\\Documents\\GitHub\\EE445M\\Lab6\\Lab03.axf" 
Connecting: Mode=JTAG, Speed=1000000Hz
Erase Done.
Programming Done.
Verify OK.
Build target 'Lab04'
compiling main.c...
main.c(192): warning:  #111-D: statement is unreachable
main.c(205): warning:  #550-D: variable "delay" was set but never used
main.c(219): warning:  #177-D: variable "time3" was declared but never referenced
linking...
Program Size: Code=20792 RO-data=2468 RW-data=896 ZI-data=16736  
".\Lab03.axf" - 0 Errors, 3 Warning(s).
Load "C:\\Users\\Colin\\Documents\\GitHub\\EE445M\\Lab6\\Lab03.axf" 
Connecting: Mode=JTAG, Speed=1000000Hz
Erase Done.
Programming Done.
Verify OK.
Build target 'Lab04'
compiling main.c...
main.c(192): warning:  #111-D: statement is unreachable
main.c(205): warning:  #550-D: variable "delay" was set but never used
main.c(219): warning:  #177-D: variable "time3" was declared but never referenced
linking...
Program Size: Code=20796 RO-data=2468 RW-data=896 ZI-data=16736  
".\Lab03.axf" - 0 Errors, 3 Warning(s).
Load "C:\\Users\\Colin\\Documents\\GitHub\\EE445M\\Lab6\\Lab03.axf" 
Connecting: Mode=JTAG, Speed=1000000Hz
Erase Done.
Programming Done.
Verify OK.
Build target 'Lab04'
compiling main.c...
main.c(192): warning:  #111-D: statement is unreachable
main.c(205): warning:  #550-D: variable "delay" was set but never used
main.c(219): warning:  #177-D: variable "time3" was declared but never referenced
linking...
Program Size: Code=20780 RO-data=2468 RW-data=896 ZI-data=16736  
".\Lab03.axf" - 0 Errors, 3 Warning(s).
Load "C:\\Users\\Colin\\Documents\\GitHub\\EE445M\\Lab6\\Lab03.axf" 
Connecting: Mode=JTAG, Speed=1000000Hz
Erase Done.
Programming Done.
Verify OK.
Build target 'Lab04'
compiling main.c...
main.c(192): warning:  #111-D: statement is unreachable
main.c(205): warning:  #550-D: variable "delay" was set but never used
main.c(219): warning:  #177-D: variable "time3" was declared but never referenced
linking...
Program Size: Code=20780 RO-data=2468 RW-data=896 ZI-data=16736  
".\Lab03.axf" - 0 Errors, 3 Warning(s).
Load "C:\\Users\\Colin\\Documents\\GitHub\\EE445M\\Lab6\\Lab03.axf" 
Connecting: Mode=JTAG, Speed=1000000Hz
Erase Done.
Programming Done.
Verify OK.
Build target 'Lab04'
compiling main.c...
main.c(192): warning:  #111-D: statement is unreachable
main.c(205): warning:  #550-D: variable "delay" was set but never used
main.c(219): warning:  #177-D: variable "time3" was declared but never referenced
linking...
Program Size: Code=20776 RO-data=2468 RW-data=896 ZI-data=16736  
".\Lab03.axf" - 0 Errors, 3 Warning(s).
Build target 'Lab04'
compiling main.c...
main.c(193): warning:  #111-D: statement is unreachable
main.c(206): warning:  #550-D: variable "delay" was set but never used
main.c(220): warning:  #177-D: variable "time3" was declared but never referenced
linking...
Program Size: Code=20784 RO-data=2468 RW-data=896 ZI-data=16736  
".\Lab03.axf" - 0 Errors, 3 Warning(s).
Load "C:\\Users\\Colin\\Documents\\GitHub\\EE445M\\Lab6\\Lab03.axf" 
Connecting: Mode=JTAG, Speed=1000000Hz
Erase Done.
Programming Done.
Verify OK.
Build target 'Lab04'
compiling main.c...
main.c(193): warning:  #111-D: statement is unreachable
main.c(206): warning:  #550-D: variable "delay" was set but never used
main.c(220): warning:  #177-D: variable "time3" was declared but never referenced
linking...
Program Size: Code=20800 RO-data=2468 RW-data=896 ZI-data=16736  
".\Lab03.axf" - 0 Errors, 3 Warning(s).
Load "C:\\Users\\Colin\\Documents\\GitHub\\EE445M\\Lab6\\Lab03.axf" 
Connecting: Mode=JTAG, Speed=1000000Hz
Erase Done.
Programming Done.
Verify OK.
Build target 'Lab04'
compiling main.c...
main.c(193): warning:  #111-D: statement is unreachable
main.c(206): warning:  #550-D: variable "delay" was set but never used
main.c(220): warning:  #177-D: variable "time3" was declared but never referenced
linking...
Program Size: Code=20780 RO-data=2468 RW-data=896 ZI-data=16736  
".\Lab03.axf" - 0 Errors, 3 Warning(s).
Load "C:\\Users\\Colin\\Documents\\GitHub\\EE445M\\Lab6\\Lab03.axf" 
Connecting: Mode=JTAG, Speed=1000000Hz
Erase Done.
Programming Done.
Verify OK.
Rebuild target 'Lab04'
compiling main.c...
main.c(193): warning:  #111-D: statement is unreachable
main.c(206): warning:  #550-D: variable "delay" was set but never used
main.c(220): warning:  #177-D: variable "time3" was declared but never referenced
compiling OS.c...
compiling TCB.c...
compiling SysTick.c...
compiling OS_Time.c...
compiling OS_Fifo.c...
compiling OS_Mailbox.c...
compiling OS_Display.c...
compiling OS_Interpreter.c...
assembling OSasm.s...
assembling startup.s...
compiling PLL.c...
compiling ST7735.c...
compiling UART.c...
compiling ADC.c...
compiling GPIO.c...
compiling can.c...
compiling can0.c...
compiling Timer3.c...
compiling interrupt.c...
compiling PING.c...
PING.c(190): warning:  #177-D: variable "startTime" was declared but never referenced
PING.c(190): warning:  #177-D: variable "finishTime" was declared but never referenced
PING.c(240): warning:  #550-D: variable "data" was set but never used
assembling cr4_fft_64_stm32.s...
linking...
Program Size: Code=20780 RO-data=2468 RW-data=896 ZI-data=16736  
".\Lab03.axf" - 0 Errors, 6 Warning(s).
Load "C:\\Users\\Colin\\Documents\\GitHub\\EE445M\\Lab6\\Lab03.axf" 
Connecting: Mode=JTAG, Speed=1000000Hz
Erase Done.
Programming Done.
Verify OK.
Rebuild target 'Lab04'
compiling main.c...
main.c(193): warning:  #111-D: statement is unreachable
main.c(206): warning:  #550-D: variable "delay" was set but never used
main.c(220): warning:  #177-D: variable "time3" was declared but never referenced
compiling OS.c...
compiling TCB.c...
compiling SysTick.c...
compiling OS_Time.c...
compiling OS_Fifo.c...
compiling OS_Mailbox.c...
compiling OS_Display.c...
compiling OS_Interpreter.c...
assembling OSasm.s...
assembling startup.s...
compiling PLL.c...
compiling ST7735.c...
compiling UART.c...
compiling ADC.c...
compiling GPIO.c...
compiling can.c...
compiling can0.c...
compiling Timer3.c...
compiling interrupt.c...
compiling PING.c...
PING.c(190): warning:  #177-D: variable "startTime" was declared but never referenced
PING.c(190): warning:  #177-D: variable "finishTime" was declared but never referenced
PING.c(240): warning:  #550-D: variable "data" was set but never used
assembling cr4_fft_64_stm32.s...
linking...
Program Size: Code=20796 RO-data=2468 RW-data=896 ZI-data=16736  
".\Lab03.axf" - 0 Errors, 6 Warning(s).
Load "C:\\Users\\Colin\\Documents\\GitHub\\EE445M\\Lab6\\Lab03.axf" 
Connecting: Mode=JTAG, Speed=1000000Hz
Erase Done.
Programming Done.
Verify OK.
Rebuild target 'Lab04'
compiling main.c...
main.c(193): warning:  #111-D: statement is unreachable
main.c(206): warning:  #550-D: variable "delay" was set but never used
main.c(220): warning:  #177-D: variable "time3" was declared but never referenced
compiling OS.c...
compiling TCB.c...
compiling SysTick.c...
compiling OS_Time.c...
compiling OS_Fifo.c...
compiling OS_Mailbox.c...
compiling OS_Display.c...
compiling OS_Interpreter.c...
assembling OSasm.s...
assembling startup.s...
compiling PLL.c...
compiling ST7735.c...
compiling UART.c...
compiling ADC.c...
compiling GPIO.c...
compiling can.c...
compiling can0.c...
compiling Timer3.c...
compiling interrupt.c...
compiling PING.c...
PING.c(190): warning:  #177-D: variable "startTime" was declared but never referenced
PING.c(190): warning:  #177-D: variable "finishTime" was declared but never referenced
PING.c(240): warning:  #550-D: variable "data" was set but never used
assembling cr4_fft_64_stm32.s...
linking...
Program Size: Code=20776 RO-data=2468 RW-data=896 ZI-data=16736  
".\Lab03.axf" - 0 Errors, 6 Warning(s).
Load "C:\\Users\\Colin\\Documents\\GitHub\\EE445M\\Lab6\\Lab03.axf" 
Connecting: Mode=JTAG, Speed=1000000Hz
Erase Done.
Programming Done.
Verify OK.
Rebuild target 'Lab04'
compiling main.c...
main.c(193): warning:  #111-D: statement is unreachable
main.c(206): warning:  #550-D: variable "delay" was set but never used
main.c(220): warning:  #177-D: variable "time3" was declared but never referenced
compiling OS.c...
compiling TCB.c...
compiling SysTick.c...
compiling OS_Time.c...
compiling OS_Fifo.c...
compiling OS_Mailbox.c...
compiling OS_Display.c...
compiling OS_Interpreter.c...
assembling OSasm.s...
assembling startup.s...
compiling PLL.c...
compiling ST7735.c...
compiling UART.c...
compiling ADC.c...
compiling GPIO.c...
compiling can.c...
compiling can0.c...
compiling Timer3.c...
compiling interrupt.c...
compiling PING.c...
PING.c(190): warning:  #177-D: variable "startTime" was declared but never referenced
PING.c(190): warning:  #177-D: variable "finishTime" was declared but never referenced
PING.c(240): warning:  #550-D: variable "data" was set but never used
assembling cr4_fft_64_stm32.s...
linking...
Program Size: Code=20784 RO-data=2468 RW-data=896 ZI-data=16736  
".\Lab03.axf" - 0 Errors, 6 Warning(s).
Load "C:\\Users\\Colin\\Documents\\GitHub\\EE445M\\Lab6\\Lab03.axf" 
Connecting: Mode=JTAG, Speed=1000000Hz
Erase Done.
Programming Done.
Verify OK.
Rebuild target 'Lab04'
compiling main.c...
main.c(193): warning:  #111-D: statement is unreachable
main.c(206): warning:  #550-D: variable "delay" was set but never used
main.c(220): warning:  #177-D: variable "time3" was declared but never referenced
compiling OS.c...
compiling TCB.c...
compiling SysTick.c...
compiling OS_Time.c...
compiling OS_Fifo.c...
compiling OS_Mailbox.c...
compiling OS_Display.c...
compiling OS_Interpreter.c...
assembling OSasm.s...
assembling startup.s...
compiling PLL.c...
compiling ST7735.c...
compiling UART.c...
compiling ADC.c...
compiling GPIO.c...
compiling can.c...
compiling can0.c...
compiling Timer3.c...
compiling interrupt.c...
compiling PING.c...
PING.c(190): warning:  #177-D: variable "startTime" was declared but never referenced
PING.c(190): warning:  #177-D: variable "finishTime" was declared but never referenced
PING.c(240): warning:  #550-D: variable "data" was set but never used
assembling cr4_fft_64_stm32.s...
linking...
Program Size: Code=20772 RO-data=2468 RW-data=896 ZI-data=16736  
".\Lab03.axf" - 0 Errors, 6 Warning(s).
Load "C:\\Users\\Colin\\Documents\\GitHub\\EE445M\\Lab6\\Lab03.axf" 
Connecting: Mode=JTAG, Speed=1000000Hz
Erase Done.
Programming Done.
Verify OK.
Rebuild target 'Lab04'
compiling main.c...
main.c(193): warning:  #111-D: statement is unreachable
main.c(206): warning:  #550-D: variable "delay" was set but never used
main.c(220): warning:  #177-D: variable "time3" was declared but never referenced
compiling OS.c...
compiling TCB.c...
compiling SysTick.c...
compiling OS_Time.c...
compiling OS_Fifo.c...
compiling OS_Mailbox.c...
compiling OS_Display.c...
compiling OS_Interpreter.c...
assembling OSasm.s...
assembling startup.s...
compiling PLL.c...
compiling ST7735.c...
compiling UART.c...
compiling ADC.c...
compiling GPIO.c...
compiling can.c...
compiling can0.c...
compiling Timer3.c...
compiling interrupt.c...
compiling PING.c...
PING.c(190): warning:  #177-D: variable "startTime" was declared but never referenced
PING.c(190): warning:  #177-D: variable "finishTime" was declared but never referenced
PING.c(240): warning:  #550-D: variable "data" was set but never used
assembling cr4_fft_64_stm32.s...
linking...
Program Size: Code=20784 RO-data=2468 RW-data=896 ZI-data=16736  
".\Lab03.axf" - 0 Errors, 6 Warning(s).
Load "C:\\Users\\Colin\\Documents\\GitHub\\EE445M\\Lab6\\Lab03.axf" 
Connecting: Mode=JTAG, Speed=1000000Hz
Erase Done.
Programming Done.
Verify OK.
Build target 'Lab04'
compiling PING.c...
PING.c(191): warning:  #177-D: variable "startTime" was declared but never referenced
PING.c(191): warning:  #177-D: variable "finishTime" was declared but never referenced
PING.c(241): warning:  #550-D: variable "data" was set but never used
linking...
Program Size: Code=20784 RO-data=2468 RW-data=896 ZI-data=16736  
".\Lab03.axf" - 0 Errors, 3 Warning(s).
Load "C:\\Users\\Colin\\Documents\\GitHub\\EE445M\\Lab6\\Lab03.axf" 
Connecting: Mode=JTAG, Speed=1000000Hz
Erase Done.
Programming Done.
Verify OK.
Build target 'Lab04'
compiling PING.c...
PING.c(191): warning:  #177-D: variable "startTime" was declared but never referenced
PING.c(191): warning:  #177-D: variable "finishTime" was declared but never referenced
PING.c(241): warning:  #550-D: variable "data" was set but never used
linking...
Program Size: Code=20784 RO-data=2468 RW-data=896 ZI-data=16736  
".\Lab03.axf" - 0 Errors, 3 Warning(s).
Load "C:\\Users\\Colin\\Documents\\GitHub\\EE445M\\Lab6\\Lab03.axf" 
Connecting: Mode=JTAG, Speed=1000000Hz
Erase Done.
Programming Done.
Verify OK.
Build target 'Lab04'
compiling PING.c...
PING.c(191): warning:  #177-D: variable "startTime" was declared but never referenced
PING.c(191): warning:  #177-D: variable "finishTime" was declared but never referenced
PING.c(241): warning:  #550-D: variable "data" was set but never used
linking...
Program Size: Code=20784 RO-data=2468 RW-data=896 ZI-data=16736  
".\Lab03.axf" - 0 Errors, 3 Warning(s).
Build target 'Lab04'
compiling PING.c...
PING.c(191): warning:  #177-D: variable "startTime" was declared but never referenced
PING.c(191): warning:  #177-D: variable "finishTime" was declared but never referenced
PING.c(241): warning:  #550-D: variable "data" was set but never used
linking...
Program Size: Code=20784 RO-data=2468 RW-data=896 ZI-data=16736  
".\Lab03.axf" - 0 Errors, 3 Warning(s).
Load "C:\\Users\\Colin\\Documents\\GitHub\\EE445M\\Lab6\\Lab03.axf" 
Connecting: Mode=JTAG, Speed=1000000Hz
Erase Done.
Programming Done.
Verify OK.
Build target 'Lab04'
compiling PING.c...
PING.c(140): error:  #20: identifier "NVIC_EN0_INT1" is undefined
PING.c(191): warning:  #177-D: variable "startTime" was declared but never referenced
PING.c(191): warning:  #177-D: variable "finishTime" was declared but never referenced
PING.c(241): warning:  #550-D: variable "data" was set but never used
".\Lab03.axf" - 1 Errors, 3 Warning(s).
Target not created
Build target 'Lab04'
compiling PING.c...
PING.c(191): warning:  #177-D: variable "startTime" was declared but never referenced
PING.c(191): warning:  #177-D: variable "finishTime" was declared but never referenced
PING.c(241): warning:  #550-D: variable "data" was set but never used
linking...
Program Size: Code=20784 RO-data=2468 RW-data=896 ZI-data=16736  
".\Lab03.axf" - 0 Errors, 3 Warning(s).
Load "C:\\Users\\Colin\\Documents\\GitHub\\EE445M\\Lab6\\Lab03.axf" 
Connecting: Mode=JTAG, Speed=1000000Hz
Erase Done.
Programming Done.
Verify OK.
Rebuild target 'Lab04'
compiling main.c...
main.c(193): warning:  #111-D: statement is unreachable
main.c(206): warning:  #550-D: variable "delay" was set but never used
main.c(220): warning:  #177-D: variable "time3" was declared but never referenced
compiling OS.c...
compiling TCB.c...
compiling SysTick.c...
compiling OS_Time.c...
compiling OS_Fifo.c...
compiling OS_Mailbox.c...
compiling OS_Display.c...
compiling OS_Interpreter.c...
assembling OSasm.s...
assembling startup.s...
compiling PLL.c...
compiling ST7735.c...
compiling UART.c...
compiling ADC.c...
compiling GPIO.c...
compiling can.c...
compiling can0.c...
compiling Timer3.c...
compiling interrupt.c...
compiling PING.c...
PING.c(191): warning:  #177-D: variable "startTime" was declared but never referenced
PING.c(191): warning:  #177-D: variable "finishTime" was declared but never referenced
PING.c(241): warning:  #550-D: variable "data" was set but never used
assembling cr4_fft_64_stm32.s...
linking...
Program Size: Code=20784 RO-data=2468 RW-data=896 ZI-data=16736  
".\Lab03.axf" - 0 Errors, 6 Warning(s).
Load "C:\\Users\\Colin\\Documents\\GitHub\\EE445M\\Lab6\\Lab03.axf" 
Connecting: Mode=JTAG, Speed=1000000Hz
Erase Done.
Programming Done.
Verify OK.
Rebuild target 'Lab04'
compiling main.c...
main.c(193): warning:  #111-D: statement is unreachable
main.c(206): warning:  #550-D: variable "delay" was set but never used
main.c(220): warning:  #177-D: variable "time3" was declared but never referenced
compiling OS.c...
compiling TCB.c...
compiling SysTick.c...
compiling OS_Time.c...
compiling OS_Fifo.c...
compiling OS_Mailbox.c...
compiling OS_Display.c...
compiling OS_Interpreter.c...
assembling OSasm.s...
assembling startup.s...
compiling PLL.c...
compiling ST7735.c...
compiling UART.c...
compiling ADC.c...
compiling GPIO.c...
compiling can.c...
compiling can0.c...
compiling Timer3.c...
compiling interrupt.c...
compiling PING.c...
PING.c(191): warning:  #177-D: variable "startTime" was declared but never referenced
PING.c(191): warning:  #177-D: variable "finishTime" was declared but never referenced
PING.c(241): warning:  #550-D: variable "data" was set but never used
assembling cr4_fft_64_stm32.s...
linking...
Program Size: Code=20816 RO-data=2468 RW-data=896 ZI-data=16736  
".\Lab03.axf" - 0 Errors, 6 Warning(s).
Load "C:\\Users\\Colin\\Documents\\GitHub\\EE445M\\Lab6\\Lab03.axf" 
Connecting: Mode=JTAG, Speed=1000000Hz
Erase Done.
Programming Done.
Verify OK.
Rebuild target 'Lab04'
compiling main.c...
main.c(193): warning:  #111-D: statement is unreachable
main.c(206): warning:  #550-D: variable "delay" was set but never used
main.c(220): warning:  #177-D: variable "time3" was declared but never referenced
compiling OS.c...
compiling TCB.c...
compiling SysTick.c...
compiling OS_Time.c...
compiling OS_Fifo.c...
compiling OS_Mailbox.c...
compiling OS_Display.c...
compiling OS_Interpreter.c...
assembling OSasm.s...
assembling startup.s...
compiling PLL.c...
compiling ST7735.c...
compiling UART.c...
compiling ADC.c...
compiling GPIO.c...
compiling can.c...
compiling can0.c...
compiling Timer3.c...
compiling interrupt.c...
compiling PING.c...
PING.c(191): warning:  #177-D: variable "startTime" was declared but never referenced
PING.c(191): warning:  #177-D: variable "finishTime" was declared but never referenced
PING.c(241): warning:  #550-D: variable "data" was set but never used
assembling cr4_fft_64_stm32.s...
linking...
Program Size: Code=20832 RO-data=2468 RW-data=896 ZI-data=16736  
".\Lab03.axf" - 0 Errors, 6 Warning(s).
Load "C:\\Users\\Colin\\Documents\\GitHub\\EE445M\\Lab6\\Lab03.axf" 
Connecting: Mode=JTAG, Speed=1000000Hz
Erase Done.
Programming Done.
Verify OK.
Load "C:\\Users\\Colin\\Documents\\GitHub\\EE445M\\Lab6\\Lab03.axf" 
Connecting: Mode=JTAG, Speed=1000000Hz
Erase Done.
Programming Done.
Verify OK.
Rebuild target 'Lab04'
compiling main.c...
main.c(193): warning:  #111-D: statement is unreachable
main.c(206): warning:  #550-D: variable "delay" was set but never used
main.c(220): warning:  #177-D: variable "time3" was declared but never referenced
compiling OS.c...
compiling TCB.c...
compiling SysTick.c...
compiling OS_Time.c...
compiling OS_Fifo.c...
compiling OS_Mailbox.c...
compiling OS_Display.c...
compiling OS_Interpreter.c...
assembling OSasm.s...
assembling startup.s...
compiling PLL.c...
compiling ST7735.c...
compiling UART.c...
compiling ADC.c...
compiling GPIO.c...
compiling can.c...
compiling can0.c...
compiling Timer3.c...
compiling interrupt.c...
compiling PING.c...
PING.c(191): warning:  #177-D: variable "startTime" was declared but never referenced
PING.c(191): warning:  #177-D: variable "finishTime" was declared but never referenced
PING.c(241): warning:  #550-D: variable "data" was set but never used
assembling cr4_fft_64_stm32.s...
linking...
Program Size: Code=20836 RO-data=2468 RW-data=896 ZI-data=16736  
".\Lab03.axf" - 0 Errors, 6 Warning(s).
Load "C:\\Users\\Colin\\Documents\\GitHub\\EE445M\\Lab6\\Lab03.axf" 
Connecting: Mode=JTAG, Speed=1000000Hz
Erase Done.
Programming Done.
Verify OK.
Build target 'Lab04'
compiling main.c...
main.c(193): warning:  #111-D: statement is unreachable
main.c(206): warning:  #550-D: variable "delay" was set but never used
main.c(220): warning:  #177-D: variable "time3" was declared but never referenced
compiling can0.c...
linking...
Program Size: Code=20832 RO-data=2468 RW-data=896 ZI-data=16736  
".\Lab03.axf" - 0 Errors, 3 Warning(s).
Load "C:\\Users\\Colin\\Documents\\GitHub\\EE445M\\Lab6\\Lab03.axf" 
Connecting: Mode=JTAG, Speed=1000000Hz
Erase Done.
Programming Done.
Verify OK.
Build target 'Lab04'
compiling main.c...
main.c(193): warning:  #111-D: statement is unreachable
main.c(206): warning:  #550-D: variable "delay" was set but never used
main.c(220): warning:  #177-D: variable "time3" was declared but never referenced
compiling can0.c...
linking...
Program Size: Code=20868 RO-data=2468 RW-data=896 ZI-data=16736  
".\Lab03.axf" - 0 Errors, 3 Warning(s).
Load "C:\\Users\\Colin\\Documents\\GitHub\\EE445M\\Lab6\\Lab03.axf" 
Connecting: Mode=JTAG, Speed=1000000Hz
Erase Done.
Programming Done.
Verify OK.
Build target 'Lab04'
compiling main.c...
main.c(193): warning:  #111-D: statement is unreachable
main.c(206): warning:  #550-D: variable "delay" was set but never used
main.c(220): warning:  #177-D: variable "time3" was declared but never referenced
compiling can0.c...
linking...
Program Size: Code=20864 RO-data=2468 RW-data=896 ZI-data=16736  
".\Lab03.axf" - 0 Errors, 3 Warning(s).
Load "C:\\Users\\Colin\\Documents\\GitHub\\EE445M\\Lab6\\Lab03.axf" 
Connecting: Mode=JTAG, Speed=1000000Hz
Erase Done.
Programming Done.
Verify OK.
Build target 'Lab04'
compiling main.c...
main.c(193): warning:  #111-D: statement is unreachable
main.c(206): warning:  #550-D: variable "delay" was set but never used
main.c(220): warning:  #177-D: variable "time3" was declared but never referenced
compiling can0.c...
linking...
Program Size: Code=20868 RO-data=2468 RW-data=896 ZI-data=16736  
".\Lab03.axf" - 0 Errors, 3 Warning(s).
Load "C:\\Users\\Colin\\Documents\\GitHub\\EE445M\\Lab6\\Lab03.axf" 
Connecting: Mode=JTAG, Speed=1000000Hz
Erase Done.
Programming Done.
Verify OK.
Build target 'Lab04'
compiling main.c...
main.c(193): warning:  #111-D: statement is unreachable
main.c(206): warning:  #550-D: variable "delay" was set but never used
main.c(220): warning:  #177-D: variable "time3" was declared but never referenced
compiling can0.c...
linking...
Program Size: Code=20864 RO-data=2468 RW-data=896 ZI-data=16736  
".\Lab03.axf" - 0 Errors, 3 Warning(s).
Load "C:\\Users\\Colin\\Documents\\GitHub\\EE445M\\Lab6\\Lab03.axf" 
Connecting: Mode=JTAG, Speed=1000000Hz
Erase Done.
Programming Done.
Verify OK.
