<html>
<body>
<pre>
<h1>µVision Build Log</h1>
<h2>Project:</h2>
C:\Users\Colin\Documents\GitHub\EE445M\Lab6\Lab04.uvproj
Project File Date:  04/01/2014

<h2>Output:</h2>
Build target 'Lab04'
compiling main.c...
main.c(193): warning:  #111-D: statement is unreachable
main.c(206): warning:  #550-D: variable "delay" was set but never used
main.c(220): warning:  #177-D: variable "time3" was declared but never referenced
compiling can0.c...
linking...
Program Size: Code=20868 RO-data=2468 RW-data=896 ZI-data=16736  
".\Lab03.axf" - 0 Errors, 3 Warning(s).
Load "C:\\Users\\Colin\\Documents\\GitHub\\EE445M\\Lab6\\Lab03.axf" 
Connecting: Mode=JTAG, Speed=1000000Hz
Erase Done.
Programming Done.
Verify OK.
Build target 'Lab04'
compiling main.c...
main.c(221): warning:  #111-D: statement is unreachable
main.c(234): warning:  #550-D: variable "delay" was set but never used
main.c(248): warning:  #177-D: variable "time3" was declared but never referenced
compiling OS.c...
linking...
Program Size: Code=20996 RO-data=2468 RW-data=896 ZI-data=16736  
".\Lab03.axf" - 0 Errors, 3 Warning(s).
Load "C:\\Users\\Colin\\Documents\\GitHub\\EE445M\\Lab6\\Lab03.axf" 
Connecting: Mode=JTAG, Speed=1000000Hz
Erase Done.
Programming Done.
Verify OK.
Build target 'Lab04'
compiling main.c...
main.c(221): warning:  #111-D: statement is unreachable
main.c(234): warning:  #550-D: variable "delay" was set but never used
main.c(248): warning:  #177-D: variable "time3" was declared but never referenced
linking...
Program Size: Code=20996 RO-data=2468 RW-data=896 ZI-data=16736  
".\Lab03.axf" - 0 Errors, 3 Warning(s).
Build target 'Lab04'
compiling main.c...
main.c(107): warning:  #550-D: variable "consumerData" was set but never used
main.c(221): warning:  #111-D: statement is unreachable
main.c(234): warning:  #550-D: variable "delay" was set but never used
main.c(248): warning:  #177-D: variable "time3" was declared but never referenced
linking...
Program Size: Code=20972 RO-data=2468 RW-data=896 ZI-data=16736  
".\Lab03.axf" - 0 Errors, 4 Warning(s).
Load "C:\\Users\\Colin\\Documents\\GitHub\\EE445M\\Lab6\\Lab03.axf" 
Connecting: Mode=JTAG, Speed=1000000Hz
Erase Done.
Programming Done.
Verify OK.
Build target 'Lab04'
compiling main.c...
main.c(108): warning:  #550-D: variable "consumerData" was set but never used
main.c(222): warning:  #111-D: statement is unreachable
main.c(235): warning:  #550-D: variable "delay" was set but never used
main.c(249): warning:  #177-D: variable "time3" was declared but never referenced
compiling PWM.c...
PWM.c(55): error:  #40: expected an identifier
".\Lab03.axf" - 1 Errors, 4 Warning(s).
Target not created
Build target 'Lab04'
compiling PWM.c...
linking...
Program Size: Code=21304 RO-data=2468 RW-data=896 ZI-data=16736  
".\Lab03.axf" - 0 Errors, 0 Warning(s).
Load "C:\\Users\\Colin\\Documents\\GitHub\\EE445M\\Lab6\\Lab03.axf" 
Connecting: Mode=JTAG, Speed=1000000Hz
Erase Done.
Programming Done.
Verify OK.
Build target 'Lab04'
compiling main.c...
main.c(108): warning:  #550-D: variable "consumerData" was set but never used
main.c(222): warning:  #111-D: statement is unreachable
main.c(235): warning:  #550-D: variable "delay" was set but never used
main.c(249): warning:  #177-D: variable "time3" was declared but never referenced
compiling PWM.c...
linking...
Program Size: Code=20972 RO-data=2468 RW-data=896 ZI-data=16736  
".\Lab03.axf" - 0 Errors, 4 Warning(s).
Load "C:\\Users\\Colin\\Documents\\GitHub\\EE445M\\Lab6\\Lab03.axf" 
Connecting: Mode=JTAG, Speed=1000000Hz
Erase Done.
Programming Done.
Verify OK.
Build target 'Lab04'
compiling main.c...
main.c(108): warning:  #550-D: variable "consumerData" was set but never used
main.c(222): warning:  #111-D: statement is unreachable
main.c(235): warning:  #550-D: variable "delay" was set but never used
main.c(249): warning:  #177-D: variable "time3" was declared but never referenced
linking...
Program Size: Code=21304 RO-data=2468 RW-data=896 ZI-data=16736  
".\Lab03.axf" - 0 Errors, 4 Warning(s).
Load "C:\\Users\\Colin\\Documents\\GitHub\\EE445M\\Lab6\\Lab03.axf" 
Connecting: Mode=JTAG, Speed=1000000Hz
Erase Done.
Programming Done.
Verify OK.
Build target 'Lab04'
compiling main.c...
main.c(108): warning:  #550-D: variable "consumerData" was set but never used
main.c(222): warning:  #111-D: statement is unreachable
main.c(235): warning:  #550-D: variable "delay" was set but never used
main.c(249): warning:  #177-D: variable "time3" was declared but never referenced
linking...
Program Size: Code=21272 RO-data=2468 RW-data=896 ZI-data=16736  
".\Lab03.axf" - 0 Errors, 4 Warning(s).
Load "C:\\Users\\Colin\\Documents\\GitHub\\EE445M\\Lab6\\Lab03.axf" 
Connecting: Mode=JTAG, Speed=1000000Hz
Erase Done.
Programming Done.
Verify OK.
Build target 'Lab04'
compiling main.c...
main.c(108): warning:  #550-D: variable "consumerData" was set but never used
main.c(222): warning:  #111-D: statement is unreachable
main.c(235): warning:  #550-D: variable "delay" was set but never used
main.c(249): warning:  #177-D: variable "time3" was declared but never referenced
linking...
Program Size: Code=21276 RO-data=2468 RW-data=896 ZI-data=16736  
".\Lab03.axf" - 0 Errors, 4 Warning(s).
Load "C:\\Users\\Colin\\Documents\\GitHub\\EE445M\\Lab6\\Lab03.axf" 
Connecting: Mode=JTAG, Speed=1000000Hz
Erase Done.
Programming Done.
Verify OK.
Build target 'Lab04'
compiling main.c...
main.c(108): warning:  #550-D: variable "consumerData" was set but never used
main.c(222): warning:  #111-D: statement is unreachable
main.c(235): warning:  #550-D: variable "delay" was set but never used
main.c(249): warning:  #177-D: variable "time3" was declared but never referenced
linking...
Program Size: Code=21288 RO-data=2468 RW-data=896 ZI-data=16736  
".\Lab03.axf" - 0 Errors, 4 Warning(s).
Load "C:\\Users\\Colin\\Documents\\GitHub\\EE445M\\Lab6\\Lab03.axf" 
Connecting: Mode=JTAG, Speed=1000000Hz
Erase Done.
Programming Done.
Verify OK.
Build target 'Lab04'
compiling main.c...
main.c(108): warning:  #550-D: variable "consumerData" was set but never used
main.c(222): warning:  #111-D: statement is unreachable
main.c(235): warning:  #550-D: variable "delay" was set but never used
main.c(249): warning:  #177-D: variable "time3" was declared but never referenced
linking...
Program Size: Code=21280 RO-data=2468 RW-data=896 ZI-data=16736  
".\Lab03.axf" - 0 Errors, 4 Warning(s).
Load "C:\\Users\\Colin\\Documents\\GitHub\\EE445M\\Lab6\\Lab03.axf" 
Connecting: Mode=JTAG, Speed=1000000Hz
Erase Done.
Programming Done.
Verify OK.
Build target 'Lab04'
compiling main.c...
main.c(108): warning:  #550-D: variable "consumerData" was set but never used
main.c(222): warning:  #111-D: statement is unreachable
main.c(235): warning:  #550-D: variable "delay" was set but never used
main.c(249): warning:  #177-D: variable "time3" was declared but never referenced
compiling can0.c...
linking...
Program Size: Code=21308 RO-data=2468 RW-data=896 ZI-data=16736  
".\Lab03.axf" - 0 Errors, 4 Warning(s).
Build target 'Lab04'
compiling main.c...
main.c(108): warning:  #550-D: variable "consumerData" was set but never used
main.c(222): warning:  #111-D: statement is unreachable
main.c(235): warning:  #550-D: variable "delay" was set but never used
main.c(249): warning:  #177-D: variable "time3" was declared but never referenced
linking...
Program Size: Code=21296 RO-data=2468 RW-data=896 ZI-data=16736  
".\Lab03.axf" - 0 Errors, 4 Warning(s).
Load "C:\\Users\\Colin\\Documents\\GitHub\\EE445M\\Lab6\\Lab03.axf" 
Connecting: Mode=JTAG, Speed=1000000Hz
Erase Done.
Programming Done.
Verify OK.
Rebuild target 'Lab04'
compiling main.c...
main.c(108): warning:  #550-D: variable "consumerData" was set but never used
main.c(222): warning:  #111-D: statement is unreachable
main.c(235): warning:  #550-D: variable "delay" was set but never used
main.c(249): warning:  #177-D: variable "time3" was declared but never referenced
compiling OS.c...
compiling TCB.c...
compiling SysTick.c...
compiling OS_Time.c...
compiling OS_Fifo.c...
compiling OS_Mailbox.c...
compiling OS_Display.c...
compiling OS_Interpreter.c...
assembling OSasm.s...
assembling startup.s...
compiling PLL.c...
compiling ST7735.c...
compiling UART.c...
compiling ADC.c...
compiling GPIO.c...
compiling can.c...
compiling can0.c...
compiling Timer3.c...
compiling interrupt.c...
compiling PING.c...
PING.c(191): warning:  #177-D: variable "startTime" was declared but never referenced
PING.c(191): warning:  #177-D: variable "finishTime" was declared but never referenced
PING.c(241): warning:  #550-D: variable "data" was set but never used
compiling PWM.c...
assembling cr4_fft_64_stm32.s...
linking...
Program Size: Code=21300 RO-data=2468 RW-data=896 ZI-data=16736  
".\Lab03.axf" - 0 Errors, 7 Warning(s).
Load "C:\\Users\\Colin\\Documents\\GitHub\\EE445M\\Lab6\\Lab03.axf" 
Connecting: Mode=JTAG, Speed=1000000Hz
Erase Done.
Programming Done.
Verify OK.
Rebuild target 'Lab04'
compiling main.c...
main.c(108): warning:  #550-D: variable "consumerData" was set but never used
main.c(222): warning:  #111-D: statement is unreachable
main.c(235): warning:  #550-D: variable "delay" was set but never used
main.c(249): warning:  #177-D: variable "time3" was declared but never referenced
compiling OS.c...
compiling TCB.c...
compiling SysTick.c...
compiling OS_Time.c...
compiling OS_Fifo.c...
compiling OS_Mailbox.c...
compiling OS_Display.c...
compiling OS_Interpreter.c...
assembling OSasm.s...
assembling startup.s...
compiling PLL.c...
compiling ST7735.c...
compiling UART.c...
compiling ADC.c...
compiling GPIO.c...
compiling can.c...
compiling can0.c...
compiling Timer3.c...
compiling interrupt.c...
compiling PING.c...
PING.c(191): warning:  #177-D: variable "startTime" was declared but never referenced
PING.c(191): warning:  #177-D: variable "finishTime" was declared but never referenced
PING.c(241): warning:  #550-D: variable "data" was set but never used
compiling PWM.c...
assembling cr4_fft_64_stm32.s...
linking...
Program Size: Code=21308 RO-data=2468 RW-data=896 ZI-data=16736  
".\Lab03.axf" - 0 Errors, 7 Warning(s).
Load "C:\\Users\\Colin\\Documents\\GitHub\\EE445M\\Lab6\\Lab03.axf" 
Connecting: Mode=JTAG, Speed=1000000Hz
Erase Done.
Programming Done.
Verify OK.
Build target 'Lab04'
compiling PWM.c...
linking...
Program Size: Code=21084 RO-data=2468 RW-data=896 ZI-data=16736  
".\Lab03.axf" - 0 Errors, 0 Warning(s).
Load "C:\\Users\\Colin\\Documents\\GitHub\\EE445M\\Lab6\\Lab03.axf" 
Connecting: Mode=JTAG, Speed=1000000Hz
Erase Done.
Programming Done.
Verify OK.
Rebuild target 'Lab04'
compiling main.c...
main.c(108): warning:  #550-D: variable "consumerData" was set but never used
main.c(222): warning:  #111-D: statement is unreachable
main.c(235): warning:  #550-D: variable "delay" was set but never used
main.c(249): warning:  #177-D: variable "time3" was declared but never referenced
compiling OS.c...
compiling TCB.c...
compiling SysTick.c...
compiling OS_Time.c...
compiling OS_Fifo.c...
compiling OS_Mailbox.c...
compiling OS_Display.c...
compiling OS_Interpreter.c...
assembling OSasm.s...
assembling startup.s...
compiling PLL.c...
compiling ST7735.c...
compiling UART.c...
compiling ADC.c...
compiling GPIO.c...
compiling can.c...
compiling can0.c...
compiling Timer3.c...
compiling interrupt.c...
compiling PING.c...
PING.c(191): warning:  #177-D: variable "startTime" was declared but never referenced
PING.c(191): warning:  #177-D: variable "finishTime" was declared but never referenced
PING.c(241): warning:  #550-D: variable "data" was set but never used
compiling PWM.c...
assembling cr4_fft_64_stm32.s...
linking...
Program Size: Code=21068 RO-data=2468 RW-data=896 ZI-data=16736  
".\Lab03.axf" - 0 Errors, 7 Warning(s).
Load "C:\\Users\\Colin\\Documents\\GitHub\\EE445M\\Lab6\\Lab03.axf" 
Connecting: Mode=JTAG, Speed=1000000Hz
Erase Done.
Programming Done.
Verify OK.
Build target 'Lab04'
compiling PWM.c...
linking...
Program Size: Code=21048 RO-data=2468 RW-data=896 ZI-data=16736  
".\Lab03.axf" - 0 Errors, 0 Warning(s).
Build target 'Lab04'
compiling PWM.c...
linking...
Program Size: Code=21036 RO-data=2468 RW-data=896 ZI-data=16736  
".\Lab03.axf" - 0 Errors, 0 Warning(s).
Load "C:\\Users\\Colin\\Documents\\GitHub\\EE445M\\Lab6\\Lab03.axf" 
Connecting: Mode=JTAG, Speed=1000000Hz
Erase Done.
Programming Done.
Verify OK.
Build target 'Lab04'
compiling PWM.c...
linking...
Program Size: Code=21056 RO-data=2468 RW-data=896 ZI-data=16736  
".\Lab03.axf" - 0 Errors, 0 Warning(s).
Load "C:\\Users\\Colin\\Documents\\GitHub\\EE445M\\Lab6\\Lab03.axf" 
Connecting: Mode=JTAG, Speed=1000000Hz
Erase Done.
Programming Done.
Verify OK.
Build target 'Lab04'
compiling PWM.c...
linking...
Program Size: Code=21184 RO-data=2468 RW-data=896 ZI-data=16736  
".\Lab03.axf" - 0 Errors, 0 Warning(s).
Load "C:\\Users\\Colin\\Documents\\GitHub\\EE445M\\Lab6\\Lab03.axf" 
Connecting: Mode=JTAG, Speed=1000000Hz
Erase Done.
Programming Done.
Verify OK.
Rebuild target 'Lab04'
compiling main.c...
main.c(108): warning:  #550-D: variable "consumerData" was set but never used
main.c(222): warning:  #111-D: statement is unreachable
main.c(235): warning:  #550-D: variable "delay" was set but never used
main.c(249): warning:  #177-D: variable "time3" was declared but never referenced
compiling OS.c...
compiling TCB.c...
compiling SysTick.c...
compiling OS_Time.c...
compiling OS_Fifo.c...
compiling OS_Mailbox.c...
compiling OS_Display.c...
compiling OS_Interpreter.c...
assembling OSasm.s...
assembling startup.s...
compiling PLL.c...
compiling ST7735.c...
compiling UART.c...
compiling ADC.c...
compiling GPIO.c...
compiling can.c...
compiling can0.c...
compiling Timer3.c...
compiling interrupt.c...
compiling PING.c...
PING.c(191): warning:  #177-D: variable "startTime" was declared but never referenced
PING.c(191): warning:  #177-D: variable "finishTime" was declared but never referenced
PING.c(241): warning:  #550-D: variable "data" was set but never used
compiling PWM.c...
assembling cr4_fft_64_stm32.s...
linking...
Program Size: Code=21200 RO-data=2468 RW-data=896 ZI-data=16736  
".\Lab03.axf" - 0 Errors, 7 Warning(s).
Build target 'Lab04'
compiling PWM.c...
linking...
Program Size: Code=21304 RO-data=2468 RW-data=896 ZI-data=16736  
".\Lab03.axf" - 0 Errors, 0 Warning(s).
Load "C:\\Users\\Colin\\Documents\\GitHub\\EE445M\\Lab6\\Lab03.axf" 
Connecting: Mode=JTAG, Speed=1000000Hz
Erase Done.
Programming Done.
Verify OK.
Build target 'Lab04'
compiling can0.c...
linking...
Program Size: Code=21296 RO-data=2468 RW-data=896 ZI-data=16736  
".\Lab03.axf" - 0 Errors, 0 Warning(s).
Load "C:\\Users\\Colin\\Documents\\GitHub\\EE445M\\Lab6\\Lab03.axf" 
Connecting: Mode=JTAG, Speed=1000000Hz
Erase Done.
Programming Done.
Verify OK.
Build target 'Lab04'
compiling main.c...
main.c(108): warning:  #550-D: variable "consumerData" was set but never used
main.c(222): warning:  #111-D: statement is unreachable
main.c(235): warning:  #550-D: variable "delay" was set but never used
main.c(249): warning:  #177-D: variable "time3" was declared but never referenced
linking...
Program Size: Code=20968 RO-data=2468 RW-data=896 ZI-data=16736  
".\Lab03.axf" - 0 Errors, 4 Warning(s).
Load "C:\\Users\\Colin\\Documents\\GitHub\\EE445M\\Lab6\\Lab03.axf" 
Connecting: Mode=JTAG, Speed=1000000Hz
Erase Done.
Programming Done.
Verify OK.
Build target 'Lab04'
compiling main.c...
main.c(108): warning:  #550-D: variable "consumerData" was set but never used
main.c(222): warning:  #111-D: statement is unreachable
main.c(235): warning:  #550-D: variable "delay" was set but never used
main.c(249): warning:  #177-D: variable "time3" was declared but never referenced
linking...
Program Size: Code=21296 RO-data=2468 RW-data=896 ZI-data=16736  
".\Lab03.axf" - 0 Errors, 4 Warning(s).
Load "C:\\Users\\Colin\\Documents\\GitHub\\EE445M\\Lab6\\Lab03.axf" 
Connecting: Mode=JTAG, Speed=1000000Hz
Erase Done.
Programming Done.
Verify OK.
Build target 'Lab04'
compiling main.c...
main.c(108): warning:  #550-D: variable "consumerData" was set but never used
main.c(222): warning:  #111-D: statement is unreachable
main.c(235): warning:  #550-D: variable "delay" was set but never used
main.c(249): warning:  #177-D: variable "time3" was declared but never referenced
linking...
Program Size: Code=21296 RO-data=2468 RW-data=896 ZI-data=16736  
".\Lab03.axf" - 0 Errors, 4 Warning(s).
Load "C:\\Users\\Colin\\Documents\\GitHub\\EE445M\\Lab6\\Lab03.axf" 
Connecting: Mode=JTAG, Speed=1000000Hz
Erase Done.
Programming Done.
Verify OK.
Build target 'Lab04'
compiling main.c...
main.c(108): warning:  #550-D: variable "consumerData" was set but never used
main.c(222): warning:  #111-D: statement is unreachable
main.c(235): warning:  #550-D: variable "delay" was set but never used
main.c(249): warning:  #177-D: variable "time3" was declared but never referenced
linking...
Program Size: Code=21356 RO-data=2468 RW-data=900 ZI-data=16732  
".\Lab03.axf" - 0 Errors, 4 Warning(s).
Load "C:\\Users\\Colin\\Documents\\GitHub\\EE445M\\Lab6\\Lab03.axf" 
Connecting: Mode=JTAG, Speed=1000000Hz
Erase Done.
Programming Done.
Verify OK.
Rebuild target 'Lab04'
compiling main.c...
main.c(108): warning:  #550-D: variable "consumerData" was set but never used
main.c(222): warning:  #111-D: statement is unreachable
main.c(235): warning:  #550-D: variable "delay" was set but never used
main.c(249): warning:  #177-D: variable "time3" was declared but never referenced
compiling OS.c...
compiling TCB.c...
compiling SysTick.c...
compiling OS_Time.c...
compiling OS_Fifo.c...
compiling OS_Mailbox.c...
compiling OS_Display.c...
compiling OS_Interpreter.c...
assembling OSasm.s...
assembling startup.s...
compiling PLL.c...
compiling ST7735.c...
compiling UART.c...
compiling ADC.c...
compiling GPIO.c...
compiling can.c...
compiling can0.c...
compiling Timer3.c...
compiling interrupt.c...
compiling PING.c...
PING.c(191): warning:  #177-D: variable "startTime" was declared but never referenced
PING.c(191): warning:  #177-D: variable "finishTime" was declared but never referenced
PING.c(241): warning:  #550-D: variable "data" was set but never used
compiling PWM.c...
assembling cr4_fft_64_stm32.s...
linking...
Program Size: Code=21356 RO-data=2468 RW-data=900 ZI-data=16732  
".\Lab03.axf" - 0 Errors, 7 Warning(s).
Rebuild target 'Lab04'
compiling main.c...
main.c(108): warning:  #550-D: variable "consumerData" was set but never used
main.c(222): warning:  #111-D: statement is unreachable
main.c(235): warning:  #550-D: variable "delay" was set but never used
main.c(249): warning:  #177-D: variable "time3" was declared but never referenced
compiling OS.c...
compiling TCB.c...
compiling SysTick.c...
compiling OS_Time.c...
compiling OS_Fifo.c...
compiling OS_Mailbox.c...
compiling OS_Display.c...
compiling OS_Interpreter.c...
assembling OSasm.s...
assembling startup.s...
compiling PLL.c...
compiling ST7735.c...
compiling UART.c...
compiling ADC.c...
compiling GPIO.c...
compiling can.c...
compiling can0.c...
compiling Timer3.c...
compiling interrupt.c...
compiling PING.c...
PING.c(191): warning:  #177-D: variable "startTime" was declared but never referenced
PING.c(191): warning:  #177-D: variable "finishTime" was declared but never referenced
PING.c(241): warning:  #550-D: variable "data" was set but never used
compiling PWM.c...
assembling cr4_fft_64_stm32.s...
linking...
Program Size: Code=21360 RO-data=2468 RW-data=900 ZI-data=16732  
".\Lab03.axf" - 0 Errors, 7 Warning(s).
Load "C:\\Users\\Colin\\Documents\\GitHub\\EE445M\\Lab6\\Lab03.axf" 
Connecting: Mode=JTAG, Speed=1000000Hz
Erase Done.
Programming Done.
Verify OK.
Build target 'Lab04'
linking...
Program Size: Code=21360 RO-data=2468 RW-data=900 ZI-data=16732  
".\Lab03.axf" - 0 Errors, 0 Warning(s).
Load "C:\\Users\\Colin\\Documents\\GitHub\\EE445M\\Lab6\\Lab03.axf" 
Connecting: Mode=JTAG, Speed=1000000Hz
Erase Done.
Programming Done.
Verify OK.
Build target 'Lab04'
compiling main.c...
main.c(108): warning:  #550-D: variable "consumerData" was set but never used
main.c(222): warning:  #111-D: statement is unreachable
main.c(235): warning:  #550-D: variable "delay" was set but never used
main.c(249): warning:  #177-D: variable "time3" was declared but never referenced
linking...
Program Size: Code=21360 RO-data=2468 RW-data=900 ZI-data=16732  
".\Lab03.axf" - 0 Errors, 4 Warning(s).
Load "C:\\Users\\Colin\\Documents\\GitHub\\EE445M\\Lab6\\Lab03.axf" 
Connecting: Mode=JTAG, Speed=1000000Hz
Erase Done.
Programming Done.
Verify OK.
Build target 'Lab04'
compiling main.c...
main.c(108): warning:  #550-D: variable "consumerData" was set but never used
main.c(222): warning:  #111-D: statement is unreachable
main.c(235): warning:  #550-D: variable "delay" was set but never used
main.c(249): warning:  #177-D: variable "time3" was declared but never referenced
linking...
Program Size: Code=21372 RO-data=2468 RW-data=900 ZI-data=16732  
".\Lab03.axf" - 0 Errors, 4 Warning(s).
Load "C:\\Users\\Colin\\Documents\\GitHub\\EE445M\\Lab6\\Lab03.axf" 
Connecting: Mode=JTAG, Speed=1000000Hz
Erase Done.
Programming Done.
Verify OK.
Build target 'Lab04'
compiling main.c...
main.c(108): warning:  #550-D: variable "consumerData" was set but never used
main.c(222): warning:  #111-D: statement is unreachable
main.c(235): warning:  #550-D: variable "delay" was set but never used
main.c(249): warning:  #177-D: variable "time3" was declared but never referenced
linking...
Program Size: Code=21352 RO-data=2468 RW-data=900 ZI-data=16732  
".\Lab03.axf" - 0 Errors, 4 Warning(s).
Load "C:\\Users\\Colin\\Documents\\GitHub\\EE445M\\Lab6\\Lab03.axf" 
Connecting: Mode=JTAG, Speed=1000000Hz
Erase Done.
Programming Done.
Verify OK.
