ARM Linker, 5.03 [Build 76] [MDK-ARM Lite]

==============================================================================

Section Cross References

    main.o(.text) refers to cr4_fft_64_stm32.o(.text) for cr4_fft_64_stm32
    main.o(.text) refers to os_fifo.o(.text) for OS_Fifo_Put
    main.o(.text) refers to adc.o(.text) for ADC_Collect
    main.o(.text) refers to os_mailbox.o(.text) for OS_MailBox_Send
    main.o(.text) refers to os_display.o(.text) for OS_DisplayMessage
    main.o(.text) refers to os.o(.text) for OS_Kill
    main.o(.text) refers to can0.o(.text) for CAN0_GetMailNonBlock
    main.o(.text) refers to dflt_clz.o(x$fpl$dfltu) for __aeabi_ui2d
    main.o(.text) refers to dmul.o(x$fpl$dmul) for __aeabi_dmul
    main.o(.text) refers to ddiv.o(x$fpl$ddiv) for __aeabi_ddiv
    main.o(.text) refers to dfix.o(x$fpl$dfix) for __aeabi_d2iz
    main.o(.text) refers to pwm.o(.text) for Motor_Left_Duty
    main.o(.text) refers to ping.o(.text) for PING_Init
    main.o(.text) refers to main.o(.bss) for buffer
    main.o(.text) refers to main.o(.constdata) for h
    main.o(.text) refers to main.o(.data) for dataLost
    main.o(.text) refers to ping.o(.data) for PING_Time
    os.o(.text) refers to startup.o(.text) for StartCritical
    os.o(.text) refers to gpio.o(.text) for SW1_Init
    os.o(.text) refers to os.o(.data) for RunPt
    os.o(.text) refers to os.o(.bss) for thread
    os.o(.text) refers to pll.o(.text) for PLL_Init
    os.o(.text) refers to os_time.o(.text) for OS_InitSystemTime
    os.o(.text) refers to os_display.o(.text) for OS_Display_Init
    os.o(.text) refers to os_interpreter.o(.text) for OS_Interpreter_Init
    os.o(.text) refers to adc.o(.text) for ADC_EnableTimer
    os.o(.text) refers to systick.o(.text) for SysTick_InitInt
    os.o(.text) refers to osasm.o(.text) for StartOS
    systick.o(.text) refers to startup.o(.text) for StartCritical
    os_time.o(.text) refers to startup.o(.text) for StartCritical
    os_time.o(.text) refers to os_time.o(.data) for OS_Milliseconds
    os_fifo.o(.text) refers to startup.o(.text) for StartCritical
    os_fifo.o(.text) refers to os.o(.text) for OS_InitSemaphore
    os_fifo.o(.text) refers to os_fifo.o(.bss) for OSFifo
    os_fifo.o(.text) refers to os_fifo.o(.data) for OSGetPt
    os_mailbox.o(.text) refers to os.o(.text) for OS_InitSemaphore
    os_mailbox.o(.text) refers to os_mailbox.o(.data) for OSMailbox
    os_mailbox.o(.text) refers to os_mailbox.o(.bss) for OSMailbox_DataValid
    os_display.o(.text) refers to st7735.o(.text) for ST7735_InitR
    os_display.o(.text) refers to os.o(.text) for OS_InitSemaphore
    os_display.o(.text) refers to os_interpreter.o(.text) for OS_UART_SendHelp
    os_display.o(.text) refers to os_display.o(.bss) for Sema4_LCD
    os_display.o(.text) refers to os_interpreter.o(.bss) for DisplayState
    os_display.o(.text) refers to os_time.o(.data) for OS_RunTime
    os_interpreter.o(.text) refers to uart.o(.text) for UART_Init
    os_interpreter.o(.text) refers to os.o(.text) for OS_InitSemaphore
    os_interpreter.o(.text) refers to strcmpv7m.o(.text) for strcmp
    os_interpreter.o(.text) refers to os_display.o(.text) for OS_DisplayUnknownCMD_Flash
    os_interpreter.o(.text) refers to os_interpreter.o(.bss) for Sema4_UART
    os_interpreter.o(.text) refers to os_interpreter.o(.data) for commands
    os_interpreter.o(.data) refers to os_interpreter.o(.conststring) for .conststring
    osasm.o(.text) refers to os.o(.data) for RunPt
    startup.o(STACK) refers (Special) to heapauxi.o(.text) for __use_two_region_memory
    startup.o(HEAP) refers (Special) to heapauxi.o(.text) for __use_two_region_memory
    startup.o(RESET) refers (Special) to heapauxi.o(.text) for __use_two_region_memory
    startup.o(RESET) refers to startup.o(STACK) for StackMem
    startup.o(RESET) refers to osasm.o(.text) for PendSV_Handler
    startup.o(RESET) refers to os.o(.text) for SysTick_Handler
    startup.o(RESET) refers to ping.o(.text) for GPIOPortB_Handler
    startup.o(RESET) refers to uart.o(.text) for UART0_Handler
    startup.o(RESET) refers to adc.o(.text) for ADC0Seq0_Handler
    startup.o(RESET) refers to gpio.o(.text) for GPIOPortF_Handler
    startup.o(RESET) refers to timer3.o(.text) for Timer3A_Handler
    startup.o(RESET) refers to can0.o(.text) for CAN0_Handler
    startup.o(RESET) refers to __main.o(!!!main) for __main
    startup.o(.text) refers (Special) to heapauxi.o(.text) for __use_two_region_memory
    startup.o(.text) refers to startup.o(HEAP) for HeapMem
    startup.o(.text) refers to startup.o(STACK) for StackMem
    st7735.o(.text) refers to _printf_percent.o(.ARM.Collect$$_printf_percent$$00000000) for _printf_percent
    st7735.o(.text) refers to _printf_d.o(.ARM.Collect$$_printf_percent$$00000009) for _printf_d
    st7735.o(.text) refers to _printf_dec.o(.text) for _printf_int_dec
    st7735.o(.text) refers to systick.o(.text) for SysTick_Wait1ms
[...]
    ../clib/angel/kernel.s                   0x00000000   Number         0  rtexit2.o ABSOLUTE
    ../clib/angel/rt.s                       0x00000000   Number         0  rt_raise.o ABSOLUTE
    ../clib/angel/scatter.s                  0x00000000   Number         0  __scatter.o ABSOLUTE
    ../clib/angel/startup.s                  0x00000000   Number         0  __main.o ABSOLUTE
    ../clib/angel/sys.s                      0x00000000   Number         0  indicate_semi.o ABSOLUTE
    ../clib/angel/sys.s                      0x00000000   Number         0  use_no_semi.o ABSOLUTE
    ../clib/angel/sys.s                      0x00000000   Number         0  libspace.o ABSOLUTE
    ../clib/angel/sys.s                      0x00000000   Number         0  sys_stackheap_outer.o ABSOLUTE
    ../clib/angel/sysapp.c                   0x00000000   Number         0  sys_exit.o ABSOLUTE
    ../clib/angel/sysapp.c                   0x00000000   Number         0  sys_command.o ABSOLUTE
    ../clib/angel/sysapp.c                   0x00000000   Number         0  sys_wrch.o ABSOLUTE
    ../clib/armsys.c                         0x00000000   Number         0  argv_veneer.o ABSOLUTE
    ../clib/armsys.c                         0x00000000   Number         0  argv_veneer.o ABSOLUTE
    ../clib/armsys.c                         0x00000000   Number         0  _get_argv_nomalloc.o ABSOLUTE
    ../clib/armsys.c                         0x00000000   Number         0  no_argv.o ABSOLUTE
    ../clib/heapalloc.c                      0x00000000   Number         0  hrguard.o ABSOLUTE
    ../clib/heapaux.c                        0x00000000   Number         0  heapauxi.o ABSOLUTE
    ../clib/libinit.s                        0x00000000   Number         0  libshutdown2.o ABSOLUTE
    ../clib/libinit.s                        0x00000000   Number         0  libshutdown.o ABSOLUTE
    ../clib/libinit.s                        0x00000000   Number         0  libinit2.o ABSOLUTE
    ../clib/libinit.s                        0x00000000   Number         0  libinit.o ABSOLUTE
    ../clib/memcpset.s                       0x00000000   Number         0  strcmpv7m.o ABSOLUTE
    ../clib/misc.s                           0x00000000   Number         0  printf_stubs.o ABSOLUTE
    ../clib/printf.c                         0x00000000   Number         0  _sputc.o ABSOLUTE
    ../clib/printf.c                         0x00000000   Number         0  _printf_char_common.o ABSOLUTE
    ../clib/printf.c                         0x00000000   Number         0  __printf_nopercent.o ABSOLUTE
    ../clib/printf.c                         0x00000000   Number         0  __printf_ss.o ABSOLUTE
    ../clib/printf.c                         0x00000000   Number         0  _printf_intcommon.o ABSOLUTE
    ../clib/printf.c                         0x00000000   Number         0  __printf_flags.o ABSOLUTE
    ../clib/printf.c                         0x00000000   Number         0  __printf_flags_ss.o ABSOLUTE
    ../clib/printf.c                         0x00000000   Number         0  _printf_dec.o ABSOLUTE
    ../clib/printf.c                         0x00000000   Number         0  __printf_wp.o ABSOLUTE
    ../clib/printf.c                         0x00000000   Number         0  noretval__2sprintf.o ABSOLUTE
    ../clib/printf.c                         0x00000000   Number         0  __printf_flags_wp.o ABSOLUTE
    ../clib/printf.c                         0x00000000   Number         0  __2sprintf.o ABSOLUTE
    ../clib/printf.c                         0x00000000   Number         0  __printf.o ABSOLUTE
    ../clib/printf.c                         0x00000000   Number         0  __printf_flags_ss_wp.o ABSOLUTE
    ../clib/printf.c                         0x00000000   Number         0  __printf_ss_wp.o ABSOLUTE
    ../clib/printf_percent.s                 0x00000000   Number         0  _printf_percent.o ABSOLUTE
    ../clib/printf_percent.s                 0x00000000   Number         0  _printf_percent_end.o ABSOLUTE
    ../clib/printf_percent.s                 0x00000000   Number         0  _printf_d.o ABSOLUTE
    ../clib/signal.c                         0x00000000   Number         0  defsig_other.o ABSOLUTE
    ../clib/signal.c                         0x00000000   Number         0  defsig_cppl_inner.o ABSOLUTE
    ../clib/signal.c                         0x00000000   Number         0  defsig_segv_inner.o ABSOLUTE
    ../clib/signal.c                         0x00000000   Number         0  defsig_pvfn_inner.o ABSOLUTE
    ../clib/signal.c                         0x00000000   Number         0  defsig_stak_inner.o ABSOLUTE
    ../clib/signal.c                         0x00000000   Number         0  defsig_rtred_inner.o ABSOLUTE
    ../clib/signal.c                         0x00000000   Number         0  defsig_fpe_inner.o ABSOLUTE
    ../clib/signal.c                         0x00000000   Number         0  defsig_abrt_inner.o ABSOLUTE
    ../clib/signal.c                         0x00000000   Number         0  defsig_exit.o ABSOLUTE
    ../clib/signal.c                         0x00000000   Number         0  defsig_rtmem_outer.o ABSOLUTE
    ../clib/signal.c                         0x00000000   Number         0  defsig_rtmem_formal.o ABSOLUTE
    ../clib/signal.c                         0x00000000   Number         0  defsig_rtmem_inner.o ABSOLUTE
    ../clib/signal.c                         0x00000000   Number         0  defsig_general.o ABSOLUTE
    ../clib/signal.c                         0x00000000   Number         0  __raise.o ABSOLUTE
    ../clib/signal.s                         0x00000000   Number         0  defsig.o ABSOLUTE
    ../clib/stdlib.c                         0x00000000   Number         0  exit.o ABSOLUTE
    ../clib/string.c                         0x00000000   Number         0  strcat.o ABSOLUTE
    ../fplib/ddiv.s                          0x00000000   Number         0  ddiv.o ABSOLUTE
    ../fplib/dfix.s                          0x00000000   Number         0  dfix.o ABSOLUTE
    ../fplib/dflt.s                          0x00000000   Number         0  dflt_clz.o ABSOLUTE
    ../fplib/dmul.s                          0x00000000   Number         0  dmul.o ABSOLUTE
    ../fplib/dnaninf.s                       0x00000000   Number         0  dnaninf.o ABSOLUTE
    ../fplib/dretinf.s                       0x00000000   Number         0  dretinf.o ABSOLUTE
    ../fplib/fpinit.s                        0x00000000   Number         0  fpinit.o ABSOLUTE
    ../fplib/usenofp.s                       0x00000000   Number         0  usenofp.o ABSOLUTE
    ADC.c                                    0x00000000   Number         0  adc.o ABSOLUTE
    GPIO.c                                   0x00000000   Number         0  gpio.o ABSOLUTE
    OS.c                                     0x00000000   Number         0  os.o ABSOLUTE
    OS_Display.c                             0x00000000   Number         0  os_display.o ABSOLUTE
    OS_Fifo.c                                0x00000000   Number         0  os_fifo.o ABSOLUTE
    OS_Interpreter.c                         0x00000000   Number         0  os_interpreter.o ABSOLUTE
    OS_Mailbox.c                             0x00000000   Number         0  os_mailbox.o ABSOLUTE
    OS_Time.c                                0x00000000   Number         0  os_time.o ABSOLUTE
    OSasm.s                                  0x00000000   Number         0  osasm.o ABSOLUTE
    PING.c                                   0x00000000   Number         0  ping.o ABSOLUTE
    PLL.c                                    0x00000000   Number         0  pll.o ABSOLUTE
    PWM.c                                    0x00000000   Number         0  pwm.o ABSOLUTE
    ST7735.c                                 0x00000000   Number         0  st7735.o ABSOLUTE
    SysTick.c                                0x00000000   Number         0  systick.o ABSOLUTE
    TCB.c                                    0x00000000   Number         0  tcb.o ABSOLUTE
    Timer3.c                                 0x00000000   Number         0  timer3.o ABSOLUTE
    UART.c                                   0x00000000   Number         0  uart.o ABSOLUTE
    can.c                                    0x00000000   Number         0  can.o ABSOLUTE
    can0.c                                   0x00000000   Number         0  can0.o ABSOLUTE
    cr4_fft_64_stm32.s                       0x00000000   Number         0  cr4_fft_64_stm32.o ABSOLUTE
    dc.s                                     0x00000000   Number         0  dc.o ABSOLUTE
    interrupt.c                              0x00000000   Number         0  interrupt.o ABSOLUTE
    main.c                                   0x00000000   Number         0  main.o ABSOLUTE
    startup.s                                0x00000000   Number         0  startup.o ABSOLUTE
    !!!main                                  0x00000294   Section        8  __main.o(!!!main)
    !!!scatter                               0x0000029c   Section       52  __scatter.o(!!!scatter)
    !!dczerorl                               0x000002d0   Section       58  __dczerorl.o(!!dczerorl)
    !!handler_zi                             0x0000030c   Section       28  __scatter_zi.o(!!handler_zi)
    .ARM.Collect$$_printf_percent$$00000000  0x00000328   Section        0  _printf_percent.o(.ARM.Collect$$_printf_percent$$00000000)
    .ARM.Collect$$_printf_percent$$00000009  0x00000328   Section        6  _printf_d.o(.ARM.Collect$$_printf_percent$$00000009)
    .ARM.Collect$$_printf_percent$$00000017  0x0000032e   Section        4  _printf_percent_end.o(.ARM.Collect$$_printf_percent$$00000017)
    .ARM.Collect$$libinit$$00000000          0x00000332   Section        2  libinit.o(.ARM.Collect$$libinit$$00000000)
    .ARM.Collect$$libinit$$00000002          0x00000334   Section        0  libinit2.o(.ARM.Collect$$libinit$$00000002)
    .ARM.Collect$$libinit$$00000008          0x00000334   Section        0  libinit2.o(.ARM.Collect$$libinit$$00000008)
    .ARM.Collect$$libinit$$0000000A          0x00000334   Section        0  libinit2.o(.ARM.Collect$$libinit$$0000000A)
    .ARM.Collect$$libinit$$0000000C          0x00000334   Section        0  libinit2.o(.ARM.Collect$$libinit$$0000000C)
    .ARM.Collect$$libinit$$0000000F          0x00000334   Section        0  libinit2.o(.ARM.Collect$$libinit$$0000000F)
    .ARM.Collect$$libinit$$00000011          0x00000334   Section        0  libinit2.o(.ARM.Collect$$libinit$$00000011)
    .ARM.Collect$$libinit$$00000013          0x00000334   Section        0  libinit2.o(.ARM.Collect$$libinit$$00000013)
    .ARM.Collect$$libinit$$00000015          0x00000334   Section        0  libinit2.o(.ARM.Collect$$libinit$$00000015)
    .ARM.Collect$$libinit$$00000017          0x00000334   Section        0  libinit2.o(.ARM.Collect$$libinit$$00000017)
    .ARM.Collect$$libinit$$00000019          0x00000334   Section        0  libinit2.o(.ARM.Collect$$libinit$$00000019)
    .ARM.Collect$$libinit$$0000001B          0x00000334   Section        0  libinit2.o(.ARM.Collect$$libinit$$0000001B)
    .ARM.Collect$$libinit$$0000001D          0x00000334   Section        0  libinit2.o(.ARM.Collect$$libinit$$0000001D)
    .ARM.Collect$$libinit$$0000001F          0x00000334   Section        0  libinit2.o(.ARM.Collect$$libinit$$0000001F)
    .ARM.Collect$$libinit$$00000021          0x00000334   Section        0  libinit2.o(.ARM.Collect$$libinit$$00000021)
    .ARM.Collect$$libinit$$00000023          0x00000334   Section        0  libinit2.o(.ARM.Collect$$libinit$$00000023)
    .ARM.Collect$$libinit$$0000002A          0x00000334   Section        0  libinit2.o(.ARM.Collect$$libinit$$0000002A)
    .ARM.Collect$$libinit$$0000002C          0x00000334   Section        0  libinit2.o(.ARM.Collect$$libinit$$0000002C)
    .ARM.Collect$$libinit$$0000002E          0x00000334   Section        0  libinit2.o(.ARM.Collect$$libinit$$0000002E)
    .ARM.Collect$$libinit$$00000030          0x00000334   Section        0  libinit2.o(.ARM.Collect$$libinit$$00000030)
    .ARM.Collect$$libinit$$00000031          0x00000334   Section        2  libinit2.o(.ARM.Collect$$libinit$$00000031)
    .ARM.Collect$$libshutdown$$00000000      0x00000336   Section        2  libshutdown.o(.ARM.Collect$$libshutdown$$00000000)
    .ARM.Collect$$libshutdown$$00000003      0x00000338   Section        0  libshutdown2.o(.ARM.Collect$$libshutdown$$00000003)
    .ARM.Collect$$libshutdown$$00000006      0x00000338   Section        0  libshutdown2.o(.ARM.Collect$$libshutdown$$00000006)
    .ARM.Collect$$libshutdown$$00000009      0x00000338   Section        0  libshutdown2.o(.ARM.Collect$$libshutdown$$00000009)
    .ARM.Collect$$libshutdown$$0000000B      0x00000338   Section        0  libshutdown2.o(.ARM.Collect$$libshutdown$$0000000B)
    .ARM.Collect$$libshutdown$$0000000E      0x00000338   Section        0  libshutdown2.o(.ARM.Collect$$libshutdown$$0000000E)
    .ARM.Collect$$libshutdown$$0000000F      0x00000338   Section        2  libshutdown2.o(.ARM.Collect$$libshutdown$$0000000F)
    .ARM.Collect$$rtentry$$00000000          0x0000033a   Section        0  rtentry.o(.ARM.Collect$$rtentry$$00000000)
    .ARM.Collect$$rtentry$$00000002          0x0000033a   Section        0  rtentry2.o(.ARM.Collect$$rtentry$$00000002)
    .ARM.Collect$$rtentry$$00000004          0x0000033a   Section        6  rtentry4.o(.ARM.Collect$$rtentry$$00000004)
    .ARM.Collect$$rtentry$$00000009          0x00000340   Section        0  rtentry2.o(.ARM.Collect$$rtentry$$00000009)
    .ARM.Collect$$rtentry$$0000000A          0x00000340   Section        4  rtentry2.o(.ARM.Collect$$rtentry$$0000000A)
    .ARM.Collect$$rtentry$$0000000C          0x00000344   Section        0  rtentry2.o(.ARM.Collect$$rtentry$$0000000C)
    .ARM.Collect$$rtentry$$0000000D          0x00000344   Section        8  rtentry2.o(.ARM.Collect$$rtentry$$0000000D)
    .ARM.Collect$$rtexit$$00000000           0x0000034c   Section        2  rtexit.o(.ARM.Collect$$rtexit$$00000000)
    .ARM.Collect$$rtexit$$00000002           0x0000034e   Section        0  rtexit2.o(.ARM.Collect$$rtexit$$00000002)
    .ARM.Collect$$rtexit$$00000003           0x0000034e   Section        4  rtexit2.o(.ARM.Collect$$rtexit$$00000003)
    .ARM.Collect$$rtexit$$00000004           0x00000352   Section        6  rtexit2.o(.ARM.Collect$$rtexit$$00000004)
    .text                                    0x00000358   Section        0  main.o(.text)
    .text                                    0x000008a8   Section        0  os.o(.text)
    .text                                    0x00000ea4   Section        0  systick.o(.text)
    .text                                    0x00000f4c   Section        0  os_time.o(.text)
    .text                                    0x000010bc   Section        0  os_fifo.o(.text)
    .text                                    0x000011ec   Section        0  os_mailbox.o(.text)
    .text                                    0x00001240   Section        0  os_display.o(.text)
    .text                                    0x000013b0   Section        0  os_interpreter.o(.text)
    .text                                    0x00001668   Section       72  osasm.o(.text)
    .text                                    0x000016b0   Section       48  startup.o(.text)
    .text                                    0x000016e0   Section        0  pll.o(.text)
    .text                                    0x0000176c   Section        0  st7735.o(.text)
    writecommand                             0x0000176d   Thumb Code    40  st7735.o(.text)
    writedata                                0x00001795   Thumb Code    24  st7735.o(.text)
    commandList                              0x000017ad   Thumb Code    86  st7735.o(.text)
    commonInit                               0x00001803   Thumb Code   332  st7735.o(.text)
    setAddrWindow                            0x0000199d   Thumb Code   106  st7735.o(.text)
    pushColor                                0x00001a07   Thumb Code    18  st7735.o(.text)
    .text                                    0x000024c8   Section        0  uart.o(.text)
    copyHardwareToSoftware                   0x00002683   Thumb Code    36  uart.o(.text)
    copySoftwareToHardware                   0x000026a7   Thumb Code    38  uart.o(.text)
    .text                                    0x00002910   Section        0  adc.o(.text)
    .text                                    0x0000346c   Section        0  gpio.o(.text)
    .text                                    0x000037f4   Section        0  can.o(.text)
    CANIntNumberGet                          0x000037f5   Thumb Code    44  can.o(.text)
    CANRegRead                               0x00003821   Thumb Code    76  can.o(.text)
    CANRegWrite                              0x0000386d   Thumb Code    24  can.o(.text)
    CANDataRegWrite                          0x00003885   Thumb Code    54  can.o(.text)
    CANDataRegRead                           0x000038bb   Thumb Code    54  can.o(.text)
    .text                                    0x00003fd0   Section        0  can0.o(.text)
    CAN0_Setup_Message_Object                0x0000405b   Thumb Code    44  can0.o(.text)
    .text                                    0x00004200   Section        0  timer3.o(.text)
    .text                                    0x00004270   Section        0  interrupt.o(.text)
    IntDefaultHandler                        0x00004271   Thumb Code     4  interrupt.o(.text)
    .text                                    0x00004524   Section        0  ping.o(.text)
    .text                                    0x0000471c   Section        0  pwm.o(.text)
    .text                                    0x0000485c   Section      718  cr4_fft_64_stm32.o(.text)
    .text                                    0x00004b2c   Section        0  __2sprintf.o(.text)
    .text                                    0x00004b58   Section        0  __printf.o(.text)
    .text                                    0x00004bc0   Section        0  _printf_dec.o(.text)
    .text                                    0x00004c38   Section        0  strcat.o(.text)
    .text                                    0x00004c50   Section      128  strcmpv7m.o(.text)
    .text                                    0x00004cd0   Section        0  heapauxi.o(.text)
    .text                                    0x00004cd6   Section        0  _printf_intcommon.o(.text)
    .text                                    0x00004d90   Section        0  _printf_char_common.o(.text)
    _printf_input_char                       0x00004d91   Thumb Code    10  _printf_char_common.o(.text)
    .text                                    0x00004dc0   Section        0  _sputc.o(.text)
    .text                                    0x00004dca   Section       74  sys_stackheap_outer.o(.text)
    .text                                    0x00004e14   Section        0  exit.o(.text)
    .text                                    0x00004e20   Section        8  libspace.o(.text)
    .text                                    0x00004e28   Section        0  sys_exit.o(.text)
    .text                                    0x00004e34   Section        2  use_no_semi.o(.text)
    .text                                    0x00004e36   Section        0  indicate_semi.o(.text)
    x$fpl$ddiv                               0x00004e38   Section      688  ddiv.o(x$fpl$ddiv)
    ddiv_entry                               0x00004e3f   Thumb Code     0  ddiv.o(x$fpl$ddiv)
    x$fpl$dfix                               0x000050e8   Section       94  dfix.o(x$fpl$dfix)
    x$fpl$dfltu                              0x00005146   Section       38  dflt_clz.o(x$fpl$dfltu)
    x$fpl$dmul                               0x0000516c   Section      340  dmul.o(x$fpl$dmul)
    x$fpl$dnaninf                            0x000052c0   Section      156  dnaninf.o(x$fpl$dnaninf)
    x$fpl$dretinf                            0x0000535c   Section       12  dretinf.o(x$fpl$dretinf)
    .constdata                               0x00005368   Section      204  main.o(.constdata)
    x$fpl$usenofp                            0x00005368   Section        0  usenofp.o(x$fpl$usenofp)
    .constdata                               0x00005434   Section     2018  st7735.o(.constdata)
    Font                                     0x00005434   Data        1275  st7735.o(.constdata)
    Bcmd                                     0x0000592f   Data         103  st7735.o(.constdata)
    Rcmd1                                    0x00005996   Data          59  st7735.o(.constdata)
    Rcmd2green                               0x000059d1   Data          13  st7735.o(.constdata)
    Rcmd2red                                 0x000059de   Data          13  st7735.o(.constdata)
    Rcmd3                                    0x000059eb   Data          43  st7735.o(.constdata)
    .constdata                               0x00005c16   Section       18  can.o(.constdata)
    g_usCANBitValues                         0x00005c16   Data          18  can.o(.constdata)
    .constdata                               0x00005c28   Section      104  interrupt.o(.constdata)
    g_pulPriority                            0x00005c28   Data          32  interrupt.o(.constdata)
    g_pulRegs                                0x00005c48   Data          72  interrupt.o(.constdata)
    .conststring                             0x00005c90   Section       89  os_interpreter.o(.conststring)
    .data                                    0x20000000   Section       60  main.o(.data)
    count                                    0x20000016   Data           2  main.o(.data)
    xCount                                   0x20000018   Data           4  main.o(.data)
    xCount2                                  0x2000001c   Data           4  main.o(.data)
    duty                                     0x20000020   Data           4  main.o(.data)
    .data                                    0x2000003c   Section       28  os.o(.data)
    .data                                    0x20000058   Section       16  os_time.o(.data)
    .data                                    0x20000068   Section        8  os_fifo.o(.data)
    .data                                    0x20000070   Section        4  os_mailbox.o(.data)
    .data                                    0x20000074   Section       60  os_interpreter.o(.data)
    CMD_CharCount                            0x200000a8   Data           4  os_interpreter.o(.data)
    .data                                    0x200000b0   Section       24  st7735.o(.data)
    _width                                   0x200000b0   Data           2  st7735.o(.data)
    _height                                  0x200000b2   Data           2  st7735.o(.data)
    ColStart                                 0x200000b4   Data           1  st7735.o(.data)
    RowStart                                 0x200000b5   Data           1  st7735.o(.data)
    Rotation                                 0x200000b6   Data           1  st7735.o(.data)
    TabColor                                 0x200000b7   Data           1  st7735.o(.data)
    .data                                    0x200000c8   Section       16  uart.o(.data)
    .data                                    0x200000d8   Section        8  adc.o(.data)
    delay                                    0x200000d8   Data           4  adc.o(.data)
    ADC_TimerFrequency                       0x200000dc   Data           4  adc.o(.data)
    .data                                    0x200000e0   Section       20  gpio.o(.data)
    lastPF0                                  0x200000e8   Data           1  gpio.o(.data)
    lastPF4                                  0x200000e9   Data           1  gpio.o(.data)
    currentPF0                               0x200000ea   Data           1  gpio.o(.data)
    currentPF4                               0x200000eb   Data           1  gpio.o(.data)
    .data                                    0x200000f4   Section       12  can0.o(.data)
    RCVData                                  0x200000f4   Data           8  can0.o(.data)
    MailFlag                                 0x200000fc   Data           4  can0.o(.data)
    .data                                    0x20000100   Section        4  timer3.o(.data)
    .data                                    0x20000104   Section       20  ping.o(.data)
    startTime                                0x20000104   Data           4  ping.o(.data)
    data                                     0x20000108   Data           4  ping.o(.data)
    time                                     0x2000010c   Data           4  ping.o(.data)
    vtable                                   0x20000118   Section      620  interrupt.o(vtable)
    g_pfnRAMVectors                          0x20000118   Data         620  interrupt.o(vtable)
    .bss                                     0x20000384   Section     1740  main.o(.bss)
    .bss                                     0x20000a50   Section    12760  os.o(.bss)
    .bss                                     0x20003c28   Section      536  os_fifo.o(.bss)
    OSFifo                                   0x20003c28   Data         512  os_fifo.o(.bss)
    .bss                                     0x20003e40   Section       24  os_mailbox.o(.bss)
    .bss                                     0x20003e58   Section       12  os_display.o(.bss)
    .bss                                     0x20003e64   Section      210  os_interpreter.o(.bss)
    .bss                                     0x20003f36   Section       32  uart.o(.bss)
    RxFifo                                   0x20003f36   Data          16  uart.o(.bss)
    TxFifo                                   0x20003f46   Data          16  uart.o(.bss)
    .bss                                     0x20003f58   Section      296  adc.o(.bss)
    callbacks                                0x20004020   Data          32  adc.o(.bss)
    spinTarget                               0x20004040   Data          32  adc.o(.bss)
    spinCurrent                              0x20004060   Data          32  adc.o(.bss)
    .bss                                     0x20004080   Section       96  libspace.o(.bss)
    HEAP                                     0x200040e0   Section        0  startup.o(HEAP)
    STACK                                    0x200040e0   Section     1024  startup.o(STACK)
    HeapMem                                  0x200040e0   Data           0  startup.o(HEAP)
    StackMem                                 0x200040e0   Data           0  startup.o(STACK)

    Global Symbols

    Symbol Name                              Value     Ov Type        Size  Object(Section)

    BuildAttributes$$THM_ISAv4$E$P$D$K$B$S$7EM$PE$A:L22UL41UL21$X:L11$S22US41US21$IEEE1$IW$USESV6$~STKCKD$USESV7$~SHL$OSPACE$ROPI$EBA8$UX$STANDARDLIB$REQ8$EABIv2 0x00000000   Number         0  anon$$obj.o ABSOLUTE
    __ARM_use_no_argv                        0x00000000   Number         0  main.o ABSOLUTE
    __Vectors                                0x00000000   Data           0  startup.o(RESET)
    _printf_flags                            0x00000000   Number         0  printf_stubs.o ABSOLUTE
    _printf_return_value                     0x00000000   Number         0  printf_stubs.o ABSOLUTE
    _printf_sizespec                         0x00000000   Number         0  printf_stubs.o ABSOLUTE
    _printf_widthprec                        0x00000000   Number         0  printf_stubs.o ABSOLUTE
    __ARM_exceptions_init                     - Undefined Weak Reference
    __alloca_initialize                       - Undefined Weak Reference
    __cpp_initialize__aeabi_                  - Undefined Weak Reference
    __cxa_finalize                            - Undefined Weak Reference
    __rt_locale                               - Undefined Weak Reference
    __sigvec_lookup                           - Undefined Weak Reference
    _atexit_init                              - Undefined Weak Reference
    _call_atexit_fns                          - Undefined Weak Reference
    _clock_init                               - Undefined Weak Reference
    _fp_trap_init                             - Undefined Weak Reference
    _fp_trap_shutdown                         - Undefined Weak Reference
    _get_lc_collate                           - Undefined Weak Reference
    _get_lc_ctype                             - Undefined Weak Reference
    _get_lc_monetary                          - Undefined Weak Reference
    _get_lc_numeric                           - Undefined Weak Reference
    _get_lc_time                              - Undefined Weak Reference
    _getenv_init                              - Undefined Weak Reference
    _handle_redirection                       - Undefined Weak Reference
    _init_alloc                               - Undefined Weak Reference
    _init_user_alloc                          - Undefined Weak Reference
    _initio                                   - Undefined Weak Reference
    _printf_post_padding                      - Undefined Weak Reference
    _printf_pre_padding                       - Undefined Weak Reference
    _printf_truncate_signed                   - Undefined Weak Reference
    _printf_truncate_unsigned                 - Undefined Weak Reference
    _rand_init                                - Undefined Weak Reference
    _signal_finish                            - Undefined Weak Reference
    _signal_init                              - Undefined Weak Reference
    _terminate_alloc                          - Undefined Weak Reference
    _terminate_user_alloc                     - Undefined Weak Reference
    _terminateio                              - Undefined Weak Reference
    Reset_Handler                            0x0000026d   Thumb Code     0  startup.o(RESET)
    NMI_Handler                              0x00000281   Thumb Code     2  startup.o(RESET)
    HardFault_Handler                        0x00000283   Thumb Code     2  startup.o(RESET)
    MemManage_Handler                        0x00000285   Thumb Code     2  startup.o(RESET)
    BusFault_Handler                         0x00000287   Thumb Code     2  startup.o(RESET)
    UsageFault_Handler                       0x00000289   Thumb Code     2  startup.o(RESET)
    SVC_Handler                              0x0000028b   Thumb Code     2  startup.o(RESET)
    DebugMon_Handler                         0x0000028d   Thumb Code     2  startup.o(RESET)
    CAN1_Handler                             0x00000293   Thumb Code     0  startup.o(RESET)
    CAN2_Handler                             0x00000293   Thumb Code     0  startup.o(RESET)
    Comp0_Handler                            0x00000293   Thumb Code     0  startup.o(RESET)
    Comp1_Handler                            0x00000293   Thumb Code     0  startup.o(RESET)
    Comp2_Handler                            0x00000293   Thumb Code     0  startup.o(RESET)
    Ethernet_Handler                         0x00000293   Thumb Code     0  startup.o(RESET)
    ExtBus_Handler                           0x00000293   Thumb Code     0  startup.o(RESET)
    FPU_Handler                              0x00000293   Thumb Code     0  startup.o(RESET)
    Fan0_Handler                             0x00000293   Thumb Code     0  startup.o(RESET)
    FlashCtl_Handler                         0x00000293   Thumb Code     0  startup.o(RESET)
    GPIOPortA_Handler                        0x00000293   Thumb Code     0  startup.o(RESET)
    GPIOPortC_Handler                        0x00000293   Thumb Code     0  startup.o(RESET)
    GPIOPortD_Handler                        0x00000293   Thumb Code     0  startup.o(RESET)
    GPIOPortE_Handler                        0x00000293   Thumb Code     0  startup.o(RESET)
    GPIOPortG_Handler                        0x00000293   Thumb Code     0  startup.o(RESET)
    GPIOPortH_Handler                        0x00000293   Thumb Code     0  startup.o(RESET)
    GPIOPortJ_Handler                        0x00000293   Thumb Code     0  startup.o(RESET)
    GPIOPortK_Handler                        0x00000293   Thumb Code     0  startup.o(RESET)
    GPIOPortL_Handler                        0x00000293   Thumb Code     0  startup.o(RESET)
    GPIOPortM_Handler                        0x00000293   Thumb Code     0  startup.o(RESET)
    GPIOPortN_Handler                        0x00000293   Thumb Code     0  startup.o(RESET)
    GPIOPortP1_Handler                       0x00000293   Thumb Code     0  startup.o(RESET)
    GPIOPortP2_Handler                       0x00000293   Thumb Code     0  startup.o(RESET)
    GPIOPortP3_Handler                       0x00000293   Thumb Code     0  startup.o(RESET)
    GPIOPortP4_Handler                       0x00000293   Thumb Code     0  startup.o(RESET)
    GPIOPortP5_Handler                       0x00000293   Thumb Code     0  startup.o(RESET)
    GPIOPortP6_Handler                       0x00000293   Thumb Code     0  startup.o(RESET)
    GPIOPortP7_Handler                       0x00000293   Thumb Code     0  startup.o(RESET)
    GPIOPortP_Handler                        0x00000293   Thumb Code     0  startup.o(RESET)
    GPIOPortQ1_Handler                       0x00000293   Thumb Code     0  startup.o(RESET)
    GPIOPortQ2_Handler                       0x00000293   Thumb Code     0  startup.o(RESET)
    GPIOPortQ3_Handler                       0x00000293   Thumb Code     0  startup.o(RESET)
    GPIOPortQ4_Handler                       0x00000293   Thumb Code     0  startup.o(RESET)
    GPIOPortQ5_Handler                       0x00000293   Thumb Code     0  startup.o(RESET)
    GPIOPortQ6_Handler                       0x00000293   Thumb Code     0  startup.o(RESET)
    GPIOPortQ7_Handler                       0x00000293   Thumb Code     0  startup.o(RESET)
    GPIOPortQ_Handler                        0x00000293   Thumb Code     0  startup.o(RESET)
    GPIOPortR_Handler                        0x00000293   Thumb Code     0  startup.o(RESET)
    GPIOPortS_Handler                        0x00000293   Thumb Code     0  startup.o(RESET)
    Hibernate_Handler                        0x00000293   Thumb Code     0  startup.o(RESET)
    I2C0_Handler                             0x00000293   Thumb Code     0  startup.o(RESET)
    I2C1_Handler                             0x00000293   Thumb Code     0  startup.o(RESET)
    I2C2_Handler                             0x00000293   Thumb Code     0  startup.o(RESET)
    I2C3_Handler                             0x00000293   Thumb Code     0  startup.o(RESET)
    I2C4_Handler                             0x00000293   Thumb Code     0  startup.o(RESET)
    I2C5_Handler                             0x00000293   Thumb Code     0  startup.o(RESET)
    I2S0_Handler                             0x00000293   Thumb Code     0  startup.o(RESET)
    LPC0_Handler                             0x00000293   Thumb Code     0  startup.o(RESET)
    PECI0_Handler                            0x00000293   Thumb Code     0  startup.o(RESET)
    PWM0Fault_Handler                        0x00000293   Thumb Code     0  startup.o(RESET)
    PWM0Generator0_Handler                   0x00000293   Thumb Code     0  startup.o(RESET)
    PWM0Generator1_Handler                   0x00000293   Thumb Code     0  startup.o(RESET)
    PWM0Generator2_Handler                   0x00000293   Thumb Code     0  startup.o(RESET)
    PWM0Generator3_Handler                   0x00000293   Thumb Code     0  startup.o(RESET)
    PWM1Fault_Handler                        0x00000293   Thumb Code     0  startup.o(RESET)
    PWM1Generator0_Handler                   0x00000293   Thumb Code     0  startup.o(RESET)
    PWM1Generator1_Handler                   0x00000293   Thumb Code     0  startup.o(RESET)
    PWM1Generator2_Handler                   0x00000293   Thumb Code     0  startup.o(RESET)
    PWM1Generator3_Handler                   0x00000293   Thumb Code     0  startup.o(RESET)
    Quadrature0_Handler                      0x00000293   Thumb Code     0  startup.o(RESET)
    Quadrature1_Handler                      0x00000293   Thumb Code     0  startup.o(RESET)
    Quadrature2_Handler                      0x00000293   Thumb Code     0  startup.o(RESET)
    SSI0_Handler                             0x00000293   Thumb Code     0  startup.o(RESET)
    SSI1_Handler                             0x00000293   Thumb Code     0  startup.o(RESET)
    SSI2_Handler                             0x00000293   Thumb Code     0  startup.o(RESET)
    SSI3_Handler                             0x00000293   Thumb Code     0  startup.o(RESET)
    SysCtl_Handler                           0x00000293   Thumb Code     0  startup.o(RESET)
    Timer0A_Handler                          0x00000293   Thumb Code     0  startup.o(RESET)
    Timer0B_Handler                          0x00000293   Thumb Code     0  startup.o(RESET)
    Timer1B_Handler                          0x00000293   Thumb Code     0  startup.o(RESET)
    Timer2A_Handler                          0x00000293   Thumb Code     0  startup.o(RESET)
    Timer2B_Handler                          0x00000293   Thumb Code     0  startup.o(RESET)
    Timer3B_Handler                          0x00000293   Thumb Code     0  startup.o(RESET)
    Timer4A_Handler                          0x00000293   Thumb Code     0  startup.o(RESET)
    Timer4B_Handler                          0x00000293   Thumb Code     0  startup.o(RESET)
    Timer5A_Handler                          0x00000293   Thumb Code     0  startup.o(RESET)
    Timer5B_Handler                          0x00000293   Thumb Code     0  startup.o(RESET)
    UART1_Handler                            0x00000293   Thumb Code     0  startup.o(RESET)
    UART2_Handler                            0x00000293   Thumb Code     0  startup.o(RESET)
    UART3_Handler                            0x00000293   Thumb Code     0  startup.o(RESET)
    UART4_Handler                            0x00000293   Thumb Code     0  startup.o(RESET)
    UART5_Handler                            0x00000293   Thumb Code     0  startup.o(RESET)
    UART6_Handler                            0x00000293   Thumb Code     0  startup.o(RESET)
    UART7_Handler                            0x00000293   Thumb Code     0  startup.o(RESET)
    USB0_Handler                             0x00000293   Thumb Code     0  startup.o(RESET)
    WDT_Handler                              0x00000293   Thumb Code     0  startup.o(RESET)
    WideTimer0A_Handler                      0x00000293   Thumb Code     0  startup.o(RESET)
    WideTimer0B_Handler                      0x00000293   Thumb Code     0  startup.o(RESET)
    WideTimer1A_Handler                      0x00000293   Thumb Code     0  startup.o(RESET)
    WideTimer1B_Handler                      0x00000293   Thumb Code     0  startup.o(RESET)
    WideTimer2A_Handler                      0x00000293   Thumb Code     0  startup.o(RESET)
    WideTimer2B_Handler                      0x00000293   Thumb Code     0  startup.o(RESET)
    WideTimer3A_Handler                      0x00000293   Thumb Code     0  startup.o(RESET)
    WideTimer3B_Handler                      0x00000293   Thumb Code     0  startup.o(RESET)
    WideTimer4A_Handler                      0x00000293   Thumb Code     0  startup.o(RESET)
    WideTimer4B_Handler                      0x00000293   Thumb Code     0  startup.o(RESET)
    WideTimer5A_Handler                      0x00000293   Thumb Code     0  startup.o(RESET)
    WideTimer5B_Handler                      0x00000293   Thumb Code     0  startup.o(RESET)
    uDMA_Error                               0x00000293   Thumb Code     0  startup.o(RESET)
    uDMA_Handler                             0x00000293   Thumb Code     0  startup.o(RESET)
    __main                                   0x00000295   Thumb Code     8  __main.o(!!!main)
    __scatterload                            0x0000029d   Thumb Code     0  __scatter.o(!!!scatter)
    __scatterload_rt2                        0x0000029d   Thumb Code    44  __scatter.o(!!!scatter)
    __scatterload_rt2_thumb_only             0x0000029d   Thumb Code     0  __scatter.o(!!!scatter)
    __scatterload_null                       0x000002ab   Thumb Code     0  __scatter.o(!!!scatter)
    __decompress                             0x000002d1   Thumb Code    58  __dczerorl.o(!!dczerorl)
    __decompress0                            0x000002d1   Thumb Code     0  __dczerorl.o(!!dczerorl)
    __scatterload_zeroinit                   0x0000030d   Thumb Code    28  __scatter_zi.o(!!handler_zi)
    _printf_d                                0x00000329   Thumb Code     0  _printf_d.o(.ARM.Collect$$_printf_percent$$00000009)
    _printf_percent                          0x00000329   Thumb Code     0  _printf_percent.o(.ARM.Collect$$_printf_percent$$00000000)
    _printf_percent_end                      0x0000032f   Thumb Code     0  _printf_percent_end.o(.ARM.Collect$$_printf_percent$$00000017)
    __rt_lib_init                            0x00000333   Thumb Code     0  libinit.o(.ARM.Collect$$libinit$$00000000)
    __rt_lib_init_alloca_1                   0x00000335   Thumb Code     0  libinit2.o(.ARM.Collect$$libinit$$0000002C)
    __rt_lib_init_argv_1                     0x00000335   Thumb Code     0  libinit2.o(.ARM.Collect$$libinit$$0000002A)
    __rt_lib_init_atexit_1                   0x00000335   Thumb Code     0  libinit2.o(.ARM.Collect$$libinit$$00000019)
    __rt_lib_init_clock_1                    0x00000335   Thumb Code     0  libinit2.o(.ARM.Collect$$libinit$$0000001F)
    __rt_lib_init_cpp_1                      0x00000335   Thumb Code     0  libinit2.o(.ARM.Collect$$libinit$$00000030)
    __rt_lib_init_exceptions_1               0x00000335   Thumb Code     0  libinit2.o(.ARM.Collect$$libinit$$0000002E)
    __rt_lib_init_fp_1                       0x00000335   Thumb Code     0  libinit2.o(.ARM.Collect$$libinit$$00000002)
    __rt_lib_init_fp_trap_1                  0x00000335   Thumb Code     0  libinit2.o(.ARM.Collect$$libinit$$0000001D)
    __rt_lib_init_getenv_1                   0x00000335   Thumb Code     0  libinit2.o(.ARM.Collect$$libinit$$00000021)
    __rt_lib_init_heap_1                     0x00000335   Thumb Code     0  libinit2.o(.ARM.Collect$$libinit$$00000008)
    __rt_lib_init_lc_collate_1               0x00000335   Thumb Code     0  libinit2.o(.ARM.Collect$$libinit$$0000000F)
    __rt_lib_init_lc_ctype_1                 0x00000335   Thumb Code     0  libinit2.o(.ARM.Collect$$libinit$$00000011)
    __rt_lib_init_lc_monetary_1              0x00000335   Thumb Code     0  libinit2.o(.ARM.Collect$$libinit$$00000013)
    __rt_lib_init_lc_numeric_1               0x00000335   Thumb Code     0  libinit2.o(.ARM.Collect$$libinit$$00000015)
    __rt_lib_init_lc_time_1                  0x00000335   Thumb Code     0  libinit2.o(.ARM.Collect$$libinit$$00000017)
    __rt_lib_init_rand_1                     0x00000335   Thumb Code     0  libinit2.o(.ARM.Collect$$libinit$$0000000C)
    __rt_lib_init_return                     0x00000335   Thumb Code     0  libinit2.o(.ARM.Collect$$libinit$$00000031)
    __rt_lib_init_signal_1                   0x00000335   Thumb Code     0  libinit2.o(.ARM.Collect$$libinit$$0000001B)
    __rt_lib_init_stdio_1                    0x00000335   Thumb Code     0  libinit2.o(.ARM.Collect$$libinit$$00000023)
    __rt_lib_init_user_alloc_1               0x00000335   Thumb Code     0  libinit2.o(.ARM.Collect$$libinit$$0000000A)
    __rt_lib_shutdown                        0x00000337   Thumb Code     0  libshutdown.o(.ARM.Collect$$libshutdown$$00000000)
    __rt_lib_shutdown_fp_trap_1              0x00000339   Thumb Code     0  libshutdown2.o(.ARM.Collect$$libshutdown$$00000006)
    __rt_lib_shutdown_heap_1                 0x00000339   Thumb Code     0  libshutdown2.o(.ARM.Collect$$libshutdown$$0000000E)
    __rt_lib_shutdown_return                 0x00000339   Thumb Code     0  libshutdown2.o(.ARM.Collect$$libshutdown$$0000000F)
    __rt_lib_shutdown_signal_1               0x00000339   Thumb Code     0  libshutdown2.o(.ARM.Collect$$libshutdown$$00000009)
    __rt_lib_shutdown_stdio_1                0x00000339   Thumb Code     0  libshutdown2.o(.ARM.Collect$$libshutdown$$00000003)
    __rt_lib_shutdown_user_alloc_1           0x00000339   Thumb Code     0  libshutdown2.o(.ARM.Collect$$libshutdown$$0000000B)
    __rt_entry                               0x0000033b   Thumb Code     0  rtentry.o(.ARM.Collect$$rtentry$$00000000)
    __rt_entry_presh_1                       0x0000033b   Thumb Code     0  rtentry2.o(.ARM.Collect$$rtentry$$00000002)
    __rt_entry_sh                            0x0000033b   Thumb Code     0  rtentry4.o(.ARM.Collect$$rtentry$$00000004)
    __rt_entry_li                            0x00000341   Thumb Code     0  rtentry2.o(.ARM.Collect$$rtentry$$0000000A)
    __rt_entry_postsh_1                      0x00000341   Thumb Code     0  rtentry2.o(.ARM.Collect$$rtentry$$00000009)
    __rt_entry_main                          0x00000345   Thumb Code     0  rtentry2.o(.ARM.Collect$$rtentry$$0000000D)
    __rt_entry_postli_1                      0x00000345   Thumb Code     0  rtentry2.o(.ARM.Collect$$rtentry$$0000000C)
    __rt_exit                                0x0000034d   Thumb Code     0  rtexit.o(.ARM.Collect$$rtexit$$00000000)
    __rt_exit_ls                             0x0000034f   Thumb Code     0  rtexit2.o(.ARM.Collect$$rtexit$$00000003)
    __rt_exit_prels_1                        0x0000034f   Thumb Code     0  rtexit2.o(.ARM.Collect$$rtexit$$00000002)
    __rt_exit_exit                           0x00000353   Thumb Code     0  rtexit2.o(.ARM.Collect$$rtexit$$00000004)
    square_rt                                0x00000359   Thumb Code    32  main.o(.text)
    FFT                                      0x00000379   Thumb Code    14  main.o(.text)
    filter                                   0x00000387   Thumb Code    84  main.o(.text)
    Producer                                 0x000003db   Thumb Code    24  main.o(.text)
    Consumer                                 0x000003f3   Thumb Code    72  main.o(.text)
    Display                                  0x0000043b   Thumb Code    20  main.o(.text)
    ButtonWork                               0x0000044f   Thumb Code    62  main.o(.text)
    ButtonWork2                              0x0000048d   Thumb Code    30  main.o(.text)
    SW1Push                                  0x000004ab   Thumb Code    16  main.o(.text)
    SW2Push                                  0x000004bb   Thumb Code    16  main.o(.text)
    PlotMacqInit                             0x000004cb   Thumb Code    12  main.o(.text)
    PlotMacqAdd                              0x000004d7   Thumb Code    76  main.o(.text)
    PlotMacqClear                            0x00000523   Thumb Code    26  main.o(.text)
    Oscilloscope                             0x0000053d   Thumb Code   140  main.o(.text)
    CAN_Rx                                   0x000005c9   Thumb Code    46  main.o(.text)
    CAN_Tx                                   0x000005f7   Thumb Code    52  main.o(.text)
    PortF_Init                               0x0000062b   Thumb Code    82  main.o(.text)
    PingProcessTime                          0x0000067d   Thumb Code   142  main.o(.text)
    PWM_Work                                 0x0000070b   Thumb Code    38  main.o(.text)
    main                                     0x00000731   Thumb Code   370  main.o(.text)
    linkTCB                                  0x000008a9   Thumb Code    80  os.o(.text)
    unlinkTCB                                0x000008f9   Thumb Code    64  os.o(.text)
    OS_Id                                    0x00000939   Thumb Code     8  os.o(.text)
    SetInitialStack                          0x00000941   Thumb Code   278  os.o(.text)
    OS_AddThread                             0x00000a57   Thumb Code   146  os.o(.text)
    OS_AddSW1Task                            0x00000ae9   Thumb Code    18  os.o(.text)
    OS_AddSWTask                             0x00000afb   Thumb Code    22  os.o(.text)
    Timer1A_Handler                          0x00000b11   Thumb Code    74  os.o(.text)
    OS_AddPeriodicThread                     0x00000b5b   Thumb Code    64  os.o(.text)
    OS_Suspend                               0x00000b9b   Thumb Code    18  os.o(.text)
    OS_Kill                                  0x00000bad   Thumb Code    38  os.o(.text)
    OS_InitSemaphore                         0x00000bd3   Thumb Code    26  os.o(.text)
    OS_Wait                                  0x00000bed   Thumb Code    66  os.o(.text)
    OS_bWait                                 0x00000c2f   Thumb Code    64  os.o(.text)
    OS_Signal                                0x00000c6f   Thumb Code    48  os.o(.text)
    OS_bSignal                               0x00000c9f   Thumb Code    46  os.o(.text)
    OS_Sleep                                 0x00000ccd   Thumb Code    58  os.o(.text)
    DecrementSleep                           0x00000d07   Thumb Code   150  os.o(.text)
    OS_Init                                  0x00000d9d   Thumb Code    64  os.o(.text)
    NoCrash                                  0x00000ddd   Thumb Code     4  os.o(.text)
    OS_Launch                                0x00000de1   Thumb Code    82  os.o(.text)
    SysTick_Handler                          0x00000e33   Thumb Code    74  os.o(.text)
    SysTick_Init                             0x00000ea5   Thumb Code    24  systick.o(.text)
    SysTick_InitInt                          0x00000ebd   Thumb Code    58  systick.o(.text)
    SysTick_Wait                             0x00000ef7   Thumb Code    32  systick.o(.text)
    SysTick_Wait10ms                         0x00000f17   Thumb Code    22  systick.o(.text)
    SysTick_Wait1ms                          0x00000f2d   Thumb Code    24  systick.o(.text)
    OS_Time                                  0x00000f4d   Thumb Code     6  os_time.o(.text)
    OS_TimeDifference                        0x00000f53   Thumb Code     6  os_time.o(.text)
    OS_ClearMsTime                           0x00000f59   Thumb Code    22  os_time.o(.text)
    OS_MsTime                                0x00000f6f   Thumb Code    22  os_time.o(.text)
    OS_ClearPeriodicTime                     0x00000f85   Thumb Code    22  os_time.o(.text)
    OS_ReadPeriodicTime                      0x00000f9b   Thumb Code    22  os_time.o(.text)
    RunTimeUpdate                            0x00000fb1   Thumb Code    48  os_time.o(.text)
    OS_InitSystemTime                        0x00000fe1   Thumb Code    70  os_time.o(.text)
    OS_InitPeriodicTimer                     0x00001027   Thumb Code   120  os_time.o(.text)
    OSFifo_Init                              0x000010bd   Thumb Code    26  os_fifo.o(.text)
    OSFifo_Put                               0x000010d7   Thumb Code    42  os_fifo.o(.text)
    OSFifo_Get                               0x00001101   Thumb Code    56  os_fifo.o(.text)
    OSFifo_Size                              0x00001139   Thumb Code    54  os_fifo.o(.text)
    OS_Fifo_Init                             0x0000116f   Thumb Code    26  os_fifo.o(.text)
    OS_Fifo_Put                              0x00001189   Thumb Code    42  os_fifo.o(.text)
    OS_Fifo_Get                              0x000011b3   Thumb Code    24  os_fifo.o(.text)
    OS_Fifo_Size                             0x000011cb   Thumb Code     8  os_fifo.o(.text)
    OS_MailBox_Init                          0x000011ed   Thumb Code    26  os_mailbox.o(.text)
    OS_MailBox_Send                          0x00001207   Thumb Code    22  os_mailbox.o(.text)
    OS_MailBox_Recv                          0x0000121d   Thumb Code    22  os_mailbox.o(.text)
    OS_Display_Init                          0x00001241   Thumb Code    22  os_display.o(.text)
    OS_DisplayResetMessage                   0x00001257   Thumb Code    20  os_display.o(.text)
    OS_DisplayClearLine                      0x0000126b   Thumb Code    28  os_display.o(.text)
    OS_DisplayMessage                        0x00001287   Thumb Code    40  os_display.o(.text)
    OS_DisplayRunTime                        0x000012af   Thumb Code    38  os_display.o(.text)
    OS_DisplayUnknownCMD_Flash               0x000012d5   Thumb Code    20  os_display.o(.text)
    OS_DisplayInterpreter                    0x000012e9   Thumb Code    28  os_display.o(.text)
    OS_Display                               0x00001305   Thumb Code    40  os_display.o(.text)
    OS_PlotPoint                             0x0000132d   Thumb Code    24  os_display.o(.text)
    OS_PlotBar                               0x00001345   Thumb Code    24  os_display.o(.text)
    OS_PlotdBfs                              0x0000135d   Thumb Code    24  os_display.o(.text)
    OS_PlotNext                              0x00001375   Thumb Code    20  os_display.o(.text)
    OS_PlotClear                             0x00001389   Thumb Code    28  os_display.o(.text)
    OS_Interpreter_Init                      0x000013b1   Thumb Code    22  os_interpreter.o(.text)
    OS_UART_InChar                           0x000013c7   Thumb Code    24  os_interpreter.o(.text)
    OS_UART_OutChar                          0x000013df   Thumb Code    24  os_interpreter.o(.text)
    OS_UART_OutString                        0x000013f7   Thumb Code    24  os_interpreter.o(.text)
    OS_UART_InUDec                           0x0000140f   Thumb Code    24  os_interpreter.o(.text)
    OS_UART_OutUDec                          0x00001427   Thumb Code    24  os_interpreter.o(.text)
    OS_UART_InUHex                           0x0000143f   Thumb Code    24  os_interpreter.o(.text)
    OS_UART_OutUHex                          0x00001457   Thumb Code    24  os_interpreter.o(.text)
    OS_UART_InString                         0x0000146f   Thumb Code    28  os_interpreter.o(.text)
    OS_UART_RX_FifoSize                      0x0000148b   Thumb Code    24  os_interpreter.o(.text)
    OS_UART_SendHelp                         0x000014a3   Thumb Code    50  os_interpreter.o(.text)
    OS_UpdateSystemState                     0x000014d5   Thumb Code    64  os_interpreter.o(.text)
    UART_Interpreter                         0x00001515   Thumb Code   186  os_interpreter.o(.text)
    OS_ProcessInterpreter                    0x000015cf   Thumb Code    26  os_interpreter.o(.text)
    StartOS                                  0x00001669   Thumb Code     2  osasm.o(.text)
    PendSV_Handler                           0x00001689   Thumb Code     0  osasm.o(.text)
    DisableInterrupts                        0x000016b1   Thumb Code     0  startup.o(.text)
    EnableInterrupts                         0x000016b5   Thumb Code     0  startup.o(.text)
    StartCritical                            0x000016b9   Thumb Code     0  startup.o(.text)
    EndCritical                              0x000016c1   Thumb Code     0  startup.o(.text)
    WaitForInterrupt                         0x000016c7   Thumb Code     0  startup.o(.text)
    __user_initial_stackheap                 0x000016cb   Thumb Code     0  startup.o(.text)
    PLL_Init                                 0x000016e1   Thumb Code   134  pll.o(.text)
    ST7735_InitB                             0x0000194f   Thumb Code    10  st7735.o(.text)
    ST7735_InitR                             0x00001959   Thumb Code    68  st7735.o(.text)
    ST7735_DrawPixel                         0x00001a19   Thumb Code    68  st7735.o(.text)
    ST7735_DrawFastVLine                     0x00001a5d   Thumb Code   124  st7735.o(.text)
    ST7735_DrawFastHLine                     0x00001ad9   Thumb Code   212  st7735.o(.text)
    ST7735_FillRect                          0x00001bad   Thumb Code   164  st7735.o(.text)
    ST7735_FillScreen                        0x00001c51   Thumb Code    28  st7735.o(.text)
    ST7735_Color565                          0x00001c6d   Thumb Code    24  st7735.o(.text)
    ST7735_SwapColor                         0x00001c85   Thumb Code    18  st7735.o(.text)
    ST7735_DrawBitmap                        0x00001c97   Thumb Code   280  st7735.o(.text)
    ST7735_DrawCharS                         0x00001daf   Thumb Code   238  st7735.o(.text)
    ST7735_DrawChar                          0x00001e9d   Thumb Code   284  st7735.o(.text)
    ST7735_SetRotation                       0x00001fb9   Thumb Code   196  st7735.o(.text)
    ST7735_InvertDisplay                     0x0000207d   Thumb Code    22  st7735.o(.text)
    ST7735_PlotClear                         0x00002093   Thumb Code    62  st7735.o(.text)
    ST7735_PlotPoint                         0x000020d1   Thumb Code    80  st7735.o(.text)
    ST7735_PlotBar                           0x00002121   Thumb Code    74  st7735.o(.text)
    ST7735_PlotdBfs                          0x0000216b   Thumb Code    54  st7735.o(.text)
    ST7735_PlotNext                          0x000021a1   Thumb Code    28  st7735.o(.text)
    clearString                              0x000021bd   Thumb Code    18  st7735.o(.text)
    longToString                             0x000021cf   Thumb Code    76  st7735.o(.text)
    ST7735_DrawString                        0x0000221b   Thumb Code    66  st7735.o(.text)
    ST7735_ClearLine                         0x0000225d   Thumb Code    52  st7735.o(.text)
    ST7735_ResetMessage                      0x00002291   Thumb Code    82  st7735.o(.text)
    ST7735_Message                           0x000022e3   Thumb Code   132  st7735.o(.text)
    ST7735_DisplayRunTime                    0x00002367   Thumb Code   212  st7735.o(.text)
    ST7735_NoDisplayRunTime                  0x0000243b   Thumb Code    12  st7735.o(.text)
    ST7735_UnknownCMD_Flash                  0x00002447   Thumb Code    28  st7735.o(.text)
    ST7735_Interpreter                       0x00002463   Thumb Code    76  st7735.o(.text)
    RxFifo_Init                              0x000024c9   Thumb Code    26  uart.o(.text)
    RxFifo_Put                               0x000024e3   Thumb Code    48  uart.o(.text)
    RxFifo_Get                               0x00002513   Thumb Code    46  uart.o(.text)
    RxFifo_Size                              0x00002541   Thumb Code    14  uart.o(.text)
    TxFifo_Init                              0x0000254f   Thumb Code    26  uart.o(.text)
    TxFifo_Put                               0x00002569   Thumb Code    48  uart.o(.text)
    TxFifo_Get                               0x00002599   Thumb Code    46  uart.o(.text)
    TxFifo_Size                              0x000025c7   Thumb Code    14  uart.o(.text)
    UART_Init                                0x000025d5   Thumb Code   174  uart.o(.text)
    UART_InChar                              0x000026cd   Thumb Code    20  uart.o(.text)
    UART_OutChar                             0x000026e1   Thumb Code    46  uart.o(.text)
    UART0_Handler                            0x0000270f   Thumb Code    82  uart.o(.text)
    UART_OutString                           0x00002761   Thumb Code    22  uart.o(.text)
    UART_InUDec                              0x00002777   Thumb Code    76  uart.o(.text)
    UART_OutUDec                             0x000027c3   Thumb Code    42  uart.o(.text)
    UART_InUHex                              0x000027ed   Thumb Code   108  uart.o(.text)
    UART_OutUHex                             0x00002859   Thumb Code    52  uart.o(.text)
    UART_InString                            0x0000288d   Thumb Code   122  uart.o(.text)
    UART_RX_FifoSize                         0x00002907   Thumb Code     8  uart.o(.text)
    ADC_EnableChannel                        0x00002911   Thumb Code   822  adc.o(.text)
    ADC_EnableModule                         0x00002c47   Thumb Code   182  adc.o(.text)
    ADC_EnableSequence                       0x00002cfd   Thumb Code    76  adc.o(.text)
    ADC_EnableTimer                          0x00002d49   Thumb Code   112  adc.o(.text)
    ADC_SetSequencer                         0x00002db9   Thumb Code   466  adc.o(.text)
    ADC_Open                                 0x00002f8b   Thumb Code    42  adc.o(.text)
    ADC_In                                   0x00002fb5   Thumb Code   186  adc.o(.text)
    ADC_Collect                              0x0000306f   Thumb Code   518  adc.o(.text)
    ADC_Status                               0x00003275   Thumb Code    22  adc.o(.text)
    ADC0Seq0_Handler                         0x0000328b   Thumb Code    54  adc.o(.text)
    ADC0Seq1_Handler                         0x000032c1   Thumb Code    54  adc.o(.text)
    ADC0Seq2_Handler                         0x000032f7   Thumb Code    54  adc.o(.text)
    ADC0Seq3_Handler                         0x0000332d   Thumb Code    54  adc.o(.text)
    ADC1Seq0_Handler                         0x00003363   Thumb Code    54  adc.o(.text)
    ADC1Seq1_Handler                         0x00003399   Thumb Code    54  adc.o(.text)
    ADC1Seq2_Handler                         0x000033cf   Thumb Code    54  adc.o(.text)
    ADC1Seq3_Handler                         0x00003405   Thumb Code    54  adc.o(.text)
    PortE_Init                               0x0000346d   Thumb Code    88  gpio.o(.text)
    SW1_Init                                 0x000034c5   Thumb Code   200  gpio.o(.text)
    SW_Init                                  0x0000358d   Thumb Code   292  gpio.o(.text)
    GPIOPortF_Handler                        0x000036b1   Thumb Code   210  gpio.o(.text)
    CANInit                                  0x000038f1   Thumb Code   148  can.o(.text)
    CANEnable                                0x00003985   Thumb Code    24  can.o(.text)
    CANDisable                               0x0000399d   Thumb Code    24  can.o(.text)
    CANBitRateSet                            0x000039b5   Thumb Code   142  can.o(.text)
    CANIntRegister                           0x00003a43   Thumb Code    30  can.o(.text)
    CANIntUnregister                         0x00003a61   Thumb Code    26  can.o(.text)
    CANIntEnable                             0x00003a7b   Thumb Code    26  can.o(.text)
    CANIntDisable                            0x00003a95   Thumb Code    26  can.o(.text)
    CANIntStatus                             0x00003aaf   Thumb Code    60  can.o(.text)
    CANIntClear                              0x00003aeb   Thumb Code    76  can.o(.text)
    CANRetrySet                              0x00003b37   Thumb Code    36  can.o(.text)
    CANRetryGet                              0x00003b5b   Thumb Code    24  can.o(.text)
    CANStatusGet                             0x00003b73   Thumb Code   136  can.o(.text)
    CANErrCntrGet                            0x00003bfb   Thumb Code    46  can.o(.text)
    CANMessageSet                            0x00003c29   Thumb Code   434  can.o(.text)
    CANMessageGet                            0x00003ddb   Thumb Code   434  can.o(.text)
    CANMessageClear                          0x00003f8d   Thumb Code    66  can.o(.text)
    CAN0_Handler                             0x00003fd1   Thumb Code   138  can0.o(.text)
    CAN0_Open                                0x00004087   Thumb Code   172  can0.o(.text)
    CAN0_SendData                            0x00004133   Thumb Code    26  can0.o(.text)
    CAN0_CheckMail                           0x0000414d   Thumb Code     6  can0.o(.text)
    CAN0_GetMailNonBlock                     0x00004153   Thumb Code    70  can0.o(.text)
    CAN0_GetMail                             0x00004199   Thumb Code    66  can0.o(.text)
    Timer3_Init                              0x00004201   Thumb Code    74  timer3.o(.text)
    Timer3A_Handler                          0x0000424b   Thumb Code    16  timer3.o(.text)
    IntRegister                              0x00004275   Thumb Code    52  interrupt.o(.text)
    IntUnregister                            0x000042a9   Thumb Code    10  interrupt.o(.text)
    IntPriorityGroupingSet                   0x000042b3   Thumb Code    18  interrupt.o(.text)
    IntPriorityGroupingGet                   0x000042c5   Thumb Code    36  interrupt.o(.text)
    IntPrioritySet                           0x000042e9   Thumb Code    46  interrupt.o(.text)
    IntPriorityGet                           0x00004317   Thumb Code    22  interrupt.o(.text)
    IntEnable                                0x0000432d   Thumb Code   128  interrupt.o(.text)
    IntDisable                               0x000043ad   Thumb Code   128  interrupt.o(.text)
    IntPendSet                               0x0000442d   Thumb Code   106  interrupt.o(.text)
    IntPendClear                             0x00004497   Thumb Code    84  interrupt.o(.text)
    TimerCapture_Init                        0x00004525   Thumb Code   178  ping.o(.text)
    PING_Init                                0x000045d7   Thumb Code    12  ping.o(.text)
    PING_Signal                              0x000045e3   Thumb Code   132  ping.o(.text)
    PING_Start                               0x00004667   Thumb Code    16  ping.o(.text)
    GPIOPortB_Handler                        0x00004677   Thumb Code    88  ping.o(.text)
    Motor_Init                               0x0000471d   Thumb Code   228  pwm.o(.text)
    Motor_Left_Duty                          0x00004801   Thumb Code     8  pwm.o(.text)
    Motor_Right_Duty                         0x00004809   Thumb Code     8  pwm.o(.text)
    Motor_Left_Direction                     0x00004811   Thumb Code     8  pwm.o(.text)
    Motor_right_Direction                    0x00004819   Thumb Code     8  pwm.o(.text)
    cr4_fft_64_stm32                         0x0000485d   Thumb Code     0  cr4_fft_64_stm32.o(.text)
    __2sprintf                               0x00004b2d   Thumb Code    38  __2sprintf.o(.text)
    __printf                                 0x00004b59   Thumb Code   104  __printf.o(.text)
    _printf_int_dec                          0x00004bc1   Thumb Code   102  _printf_dec.o(.text)
    strcat                                   0x00004c39   Thumb Code    24  strcat.o(.text)
    strcmp                                   0x00004c51   Thumb Code   128  strcmpv7m.o(.text)
    __use_two_region_memory                  0x00004cd1   Thumb Code     2  heapauxi.o(.text)
    __rt_heap_escrow$2region                 0x00004cd3   Thumb Code     2  heapauxi.o(.text)
    __rt_heap_expand$2region                 0x00004cd5   Thumb Code     2  heapauxi.o(.text)
    _printf_int_common                       0x00004cd7   Thumb Code   184  _printf_intcommon.o(.text)
    _printf_char_common                      0x00004d9b   Thumb Code    32  _printf_char_common.o(.text)
    _sputc                                   0x00004dc1   Thumb Code    10  _sputc.o(.text)
    __user_setup_stackheap                   0x00004dcb   Thumb Code    74  sys_stackheap_outer.o(.text)
    exit                                     0x00004e15   Thumb Code    12  exit.o(.text)
    __user_libspace                          0x00004e21   Thumb Code     8  libspace.o(.text)
    __user_perproc_libspace                  0x00004e21   Thumb Code     0  libspace.o(.text)
    __user_perthread_libspace                0x00004e21   Thumb Code     0  libspace.o(.text)
    _sys_exit                                0x00004e29   Thumb Code     8  sys_exit.o(.text)
    __I$use$semihosting                      0x00004e35   Thumb Code     0  use_no_semi.o(.text)
    __use_no_semihosting_swi                 0x00004e35   Thumb Code     2  use_no_semi.o(.text)
    __semihosting_library_function           0x00004e37   Thumb Code     0  indicate_semi.o(.text)
    __aeabi_ddiv                             0x00004e39   Thumb Code     0  ddiv.o(x$fpl$ddiv)
    _ddiv                                    0x00004e39   Thumb Code   552  ddiv.o(x$fpl$ddiv)
    __aeabi_d2iz                             0x000050e9   Thumb Code     0  dfix.o(x$fpl$dfix)
    _dfix                                    0x000050e9   Thumb Code    94  dfix.o(x$fpl$dfix)
    __aeabi_ui2d                             0x00005147   Thumb Code     0  dflt_clz.o(x$fpl$dfltu)
    _dfltu                                   0x00005147   Thumb Code    38  dflt_clz.o(x$fpl$dfltu)
    __aeabi_dmul                             0x0000516d   Thumb Code     0  dmul.o(x$fpl$dmul)
    _dmul                                    0x0000516d   Thumb Code   332  dmul.o(x$fpl$dmul)
    __fpl_dnaninf                            0x000052c1   Thumb Code   156  dnaninf.o(x$fpl$dnaninf)
    __fpl_dretinf                            0x0000535d   Thumb Code    12  dretinf.o(x$fpl$dretinf)
    __I$use$fp                               0x00005368   Number         0  usenofp.o(x$fpl$usenofp)
    h                                        0x00005368   Data         204  main.o(.constdata)
    dBfs                                     0x00005a16   Data         512  st7735.o(.constdata)
    Region$$Table$$Base                      0x00005cec   Number         0  anon$$obj.o(Region$$Table)
    Region$$Table$$Limit                     0x00005d0c   Number         0  anon$$obj.o(Region$$Table)
    dataLost                                 0x20000000   Data           4  main.o(.data)
    numberOfSamplesTaken                     0x20000004   Data           4  main.o(.data)
    DoDigitalFilter                          0x20000008   Data           4  main.o(.data)
    ScopeDisplay                             0x2000000c   Data           4  main.o(.data)
    RcvCount                                 0x20000010   Data           4  main.o(.data)
    sequenceNum                              0x20000014   Data           1  main.o(.data)
    XmtData                                  0x20000024   Data           8  main.o(.data)
    RcvData                                  0x2000002c   Data           8  main.o(.data)
    PlotMacqStartI                           0x20000034   Data           4  main.o(.data)
    PlotMacqSize                             0x20000038   Data           4  main.o(.data)
    OS_NumPeriodicThreads                    0x2000003c   Data           4  os.o(.data)
    SleepingThreadNum                        0x20000040   Data           4  os.o(.data)
    RunPt                                    0x20000044   Data           4  os.o(.data)
    NextPt                                   0x20000048   Data           4  os.o(.data)
    Actives                                  0x2000004c   Data           4  os.o(.data)
    Sleeping                                 0x20000050   Data           4  os.o(.data)
    PeriodicTask1                            0x20000054   Data           4  os.o(.data)
    OS_RunTime                               0x20000058   Data           4  os_time.o(.data)
    OS_Milliseconds                          0x2000005c   Data           4  os_time.o(.data)
    OS_MSSpins                               0x20000060   Data           4  os_time.o(.data)
    OS_MSSpinTarget                          0x20000064   Data           4  os_time.o(.data)
    OSPutPt                                  0x20000068   Data           4  os_fifo.o(.data)
    OSGetPt                                  0x2000006c   Data           4  os_fifo.o(.data)
    OSMailbox                                0x20000070   Data           4  os_mailbox.o(.data)
    commands                                 0x20000074   Data          44  os_interpreter.o(.data)
    UART_CharacterCount                      0x200000a0   Data           1  os_interpreter.o(.data)
    UART_CMD                                 0x200000a4   Data           4  os_interpreter.o(.data)
    OS_SystemState                           0x200000ac   Data           4  os_interpreter.o(.data)
    Ymax                                     0x200000b8   Data           4  st7735.o(.data)
    Ymin                                     0x200000bc   Data           4  st7735.o(.data)
    X                                        0x200000c0   Data           4  st7735.o(.data)
    Yrange                                   0x200000c4   Data           4  st7735.o(.data)
    RxPutI                                   0x200000c8   Data           4  uart.o(.data)
    RxGetI                                   0x200000cc   Data           4  uart.o(.data)
    TxPutI                                   0x200000d0   Data           4  uart.o(.data)
    TxGetI                                   0x200000d4   Data           4  uart.o(.data)
    PF0_Initialized                          0x200000e0   Data           4  gpio.o(.data)
    PF4_Initialized                          0x200000e4   Data           4  gpio.o(.data)
    SW1Task                                  0x200000ec   Data           4  gpio.o(.data)
    SW2Task                                  0x200000f0   Data           4  gpio.o(.data)
    PeriodicTask                             0x20000100   Data           4  timer3.o(.data)
    PING_PeriodicTask                        0x20000110   Data           4  ping.o(.data)
    PING_Time                                0x20000114   Data           4  ping.o(.data)
    samples                                  0x20000384   Data         256  main.o(.bss)
    results                                  0x20000484   Data         204  main.o(.bss)
    buffer                                   0x20000550   Data         256  main.o(.bss)
    FFTresults                               0x20000650   Data         512  main.o(.bss)
    PlotMacq                                 0x20000850   Data         512  main.o(.bss)
    thread                                   0x20000a50   Data       12560  os.o(.bss)
    periodicTasks                            0x20003b60   Data          40  os.o(.bss)
    periodicCurrentSpin                      0x20003b88   Data          40  os.o(.bss)
    periodicTriggerSpin                      0x20003bb0   Data          40  os.o(.bss)
    SleepingThreads                          0x20003bd8   Data          80  os.o(.bss)
    OSFifo_RoomAvailable                     0x20003e28   Data          12  os_fifo.o(.bss)
    OSFifo_DataAvailable                     0x20003e34   Data          12  os_fifo.o(.bss)
    OSMailbox_BoxFree                        0x20003e40   Data          12  os_mailbox.o(.bss)
    OSMailbox_DataValid                      0x20003e4c   Data          12  os_mailbox.o(.bss)
    Sema4_LCD                                0x20003e58   Data          12  os_display.o(.bss)
    Sema4_UART                               0x20003e64   Data          12  os_interpreter.o(.bss)
    UART_DataAvailable                       0x20003e70   Data          12  os_interpreter.o(.bss)
    UART_DataRoomLeft                        0x20003e7c   Data          12  os_interpreter.o(.bss)
    DisplayState                             0x20003e88   Data          24  os_interpreter.o(.bss)
    UART_RxCMD_Buffer                        0x20003ea0   Data          50  os_interpreter.o(.bss)
    UART_RX_Buffer                           0x20003ed2   Data          50  os_interpreter.o(.bss)
    UART_Message_Buffer                      0x20003f04   Data          50  os_interpreter.o(.bss)
    ADC_SampleBuffer                         0x20003f58   Data         200  adc.o(.bss)
    __libspace_start                         0x20004080   Data          96  libspace.o(.bss)
    __temporary_stack_top$libspace           0x200040e0   Data           0  libspace.o(.bss)



==============================================================================

Memory Map of the image

  Image Entry point : 0x00000295

  Load Region LR_IROM1 (Base: 0x00000000, Size: 0x00006090, Max: 0x00040000, ABSOLUTE, COMPRESSED[0x00005d40])

    Execution Region ER_IROM1 (Base: 0x00000000, Size: 0x00005d0c, Max: 0x00040000, ABSOLUTE)

    Base Addr    Size         Type   Attr      Idx    E Section Name        Object

    0x00000000   0x00000294   Code   RO          180    RESET               startup.o
    0x00000294   0x00000008   Code   RO          446  * !!!main             c_w.l(__main.o)
    0x0000029c   0x00000034   Code   RO          632    !!!scatter          c_w.l(__scatter.o)
    0x000002d0   0x0000003a   Code   RO          630    !!dczerorl          c_w.l(__dczerorl.o)
    0x0000030a   0x00000002   PAD
    0x0000030c   0x0000001c   Code   RO          634    !!handler_zi        c_w.l(__scatter_zi.o)
    0x00000328   0x00000000   Code   RO          439    .ARM.Collect$$_printf_percent$$00000000  c_w.l(_printf_percent.o)
    0x00000328   0x00000006   Code   RO          438    .ARM.Collect$$_printf_percent$$00000009  c_w.l(_printf_d.o)
    0x0000032e   0x00000004   Code   RO          471    .ARM.Collect$$_printf_percent$$00000017  c_w.l(_printf_percent_end.o)
    0x00000332   0x00000002   Code   RO          503    .ARM.Collect$$libinit$$00000000  c_w.l(libinit.o)
    0x00000334   0x00000000   Code   RO          510    .ARM.Collect$$libinit$$00000002  c_w.l(libinit2.o)
    0x00000334   0x00000000   Code   RO          513    .ARM.Collect$$libinit$$00000008  c_w.l(libinit2.o)
    0x00000334   0x00000000   Code   RO          515    .ARM.Collect$$libinit$$0000000A  c_w.l(libinit2.o)
    0x00000334   0x00000000   Code   RO          517    .ARM.Collect$$libinit$$0000000C  c_w.l(libinit2.o)
    0x00000334   0x00000000   Code   RO          520    .ARM.Collect$$libinit$$0000000F  c_w.l(libinit2.o)
    0x00000334   0x00000000   Code   RO          522    .ARM.Collect$$libinit$$00000011  c_w.l(libinit2.o)
    0x00000334   0x00000000   Code   RO          524    .ARM.Collect$$libinit$$00000013  c_w.l(libinit2.o)
    0x00000334   0x00000000   Code   RO          526    .ARM.Collect$$libinit$$00000015  c_w.l(libinit2.o)
    0x00000334   0x00000000   Code   RO          528    .ARM.Collect$$libinit$$00000017  c_w.l(libinit2.o)
    0x00000334   0x00000000   Code   RO          530    .ARM.Collect$$libinit$$00000019  c_w.l(libinit2.o)
    0x00000334   0x00000000   Code   RO          532    .ARM.Collect$$libinit$$0000001B  c_w.l(libinit2.o)
    0x00000334   0x00000000   Code   RO          534    .ARM.Collect$$libinit$$0000001D  c_w.l(libinit2.o)
    0x00000334   0x00000000   Code   RO          536    .ARM.Collect$$libinit$$0000001F  c_w.l(libinit2.o)
    0x00000334   0x00000000   Code   RO          538    .ARM.Collect$$libinit$$00000021  c_w.l(libinit2.o)
    0x00000334   0x00000000   Code   RO          540    .ARM.Collect$$libinit$$00000023  c_w.l(libinit2.o)
    0x00000334   0x00000000   Code   RO          544    .ARM.Collect$$libinit$$0000002A  c_w.l(libinit2.o)
    0x00000334   0x00000000   Code   RO          546    .ARM.Collect$$libinit$$0000002C  c_w.l(libinit2.o)
    0x00000334   0x00000000   Code   RO          548    .ARM.Collect$$libinit$$0000002E  c_w.l(libinit2.o)
    0x00000334   0x00000000   Code   RO          550    .ARM.Collect$$libinit$$00000030  c_w.l(libinit2.o)
    0x00000334   0x00000002   Code   RO          551    .ARM.Collect$$libinit$$00000031  c_w.l(libinit2.o)
    0x00000336   0x00000002   Code   RO          571    .ARM.Collect$$libshutdown$$00000000  c_w.l(libshutdown.o)
    0x00000338   0x00000000   Code   RO          585    .ARM.Collect$$libshutdown$$00000003  c_w.l(libshutdown2.o)
    0x00000338   0x00000000   Code   RO          588    .ARM.Collect$$libshutdown$$00000006  c_w.l(libshutdown2.o)
    0x00000338   0x00000000   Code   RO          591    .ARM.Collect$$libshutdown$$00000009  c_w.l(libshutdown2.o)
    0x00000338   0x00000000   Code   RO          593    .ARM.Collect$$libshutdown$$0000000B  c_w.l(libshutdown2.o)
    0x00000338   0x00000000   Code   RO          596    .ARM.Collect$$libshutdown$$0000000E  c_w.l(libshutdown2.o)
    0x00000338   0x00000002   Code   RO          597    .ARM.Collect$$libshutdown$$0000000F  c_w.l(libshutdown2.o)
    0x0000033a   0x00000000   Code   RO          464    .ARM.Collect$$rtentry$$00000000  c_w.l(rtentry.o)
    0x0000033a   0x00000000   Code   RO          478    .ARM.Collect$$rtentry$$00000002  c_w.l(rtentry2.o)
    0x0000033a   0x00000006   Code   RO          490    .ARM.Collect$$rtentry$$00000004  c_w.l(rtentry4.o)
    0x00000340   0x00000000   Code   RO          480    .ARM.Collect$$rtentry$$00000009  c_w.l(rtentry2.o)
    0x00000340   0x00000004   Code   RO          481    .ARM.Collect$$rtentry$$0000000A  c_w.l(rtentry2.o)
    0x00000344   0x00000000   Code   RO          483    .ARM.Collect$$rtentry$$0000000C  c_w.l(rtentry2.o)
    0x00000344   0x00000008   Code   RO          484    .ARM.Collect$$rtentry$$0000000D  c_w.l(rtentry2.o)
    0x0000034c   0x00000002   Code   RO          507    .ARM.Collect$$rtexit$$00000000  c_w.l(rtexit.o)
    0x0000034e   0x00000000   Code   RO          553    .ARM.Collect$$rtexit$$00000002  c_w.l(rtexit2.o)
    0x0000034e   0x00000004   Code   RO          554    .ARM.Collect$$rtexit$$00000003  c_w.l(rtexit2.o)
    0x00000352   0x00000006   Code   RO          555    .ARM.Collect$$rtexit$$00000004  c_w.l(rtexit2.o)
    0x00000358   0x00000550   Code   RO            1    .text               main.o
    0x000008a8   0x000005fc   Code   RO           37    .text               os.o
    0x00000ea4   0x000000a8   Code   RO           63    .text               systick.o
    0x00000f4c   0x00000170   Code   RO           75    .text               os_time.o
    0x000010bc   0x00000130   Code   RO           94    .text               os_fifo.o
    0x000011ec   0x00000054   Code   RO          113    .text               os_mailbox.o
    0x00001240   0x00000170   Code   RO          129    .text               os_display.o
    0x000013b0   0x000002b8   Code   RO          147    .text               os_interpreter.o
    0x00001668   0x00000048   Code   RO          174    .text               osasm.o
    0x000016b0   0x00000030   Code   RO          181    .text               startup.o
    0x000016e0   0x0000008c   Code   RO          187    .text               pll.o
    0x0000176c   0x00000d5c   Code   RO          199    .text               st7735.o
    0x000024c8   0x00000446   Code   RO          219    .text               uart.o
    0x0000290e   0x00000002   PAD
    0x00002910   0x00000b5c   Code   RO          238    .text               adc.o
    0x0000346c   0x00000388   Code   RO          254    .text               gpio.o
    0x000037f4   0x000007da   Code   RO          269    .text               can.o
    0x00003fce   0x00000002   PAD
    0x00003fd0   0x00000230   Code   RO          307    .text               can0.o
    0x00004200   0x00000070   Code   RO          324    .text               timer3.o
    0x00004270   0x000002b4   Code   RO          342    .text               interrupt.o
    0x00004524   0x000001f8   Code   RO          375    .text               ping.o
    0x0000471c   0x00000140   Code   RO          390    .text               pwm.o
    0x0000485c   0x000002ce   Code   RO          405    .text               cr4_fft_64_stm32.o
    0x00004b2a   0x00000002   PAD
    0x00004b2c   0x0000002c   Code   RO          410    .text               c_w.l(__2sprintf.o)
    0x00004b58   0x00000068   Code   RO          414    .text               c_w.l(__printf.o)
    0x00004bc0   0x00000078   Code   RO          416    .text               c_w.l(_printf_dec.o)
    0x00004c38   0x00000018   Code   RO          440    .text               c_w.l(strcat.o)
    0x00004c50   0x00000080   Code   RO          442    .text               c_w.l(strcmpv7m.o)
    0x00004cd0   0x00000006   Code   RO          444    .text               c_w.l(heapauxi.o)
    0x00004cd6   0x000000b8   Code   RO          465    .text               c_w.l(_printf_intcommon.o)
    0x00004d8e   0x00000002   PAD
    0x00004d90   0x00000030   Code   RO          467    .text               c_w.l(_printf_char_common.o)
    0x00004dc0   0x0000000a   Code   RO          469    .text               c_w.l(_sputc.o)
    0x00004dca   0x0000004a   Code   RO          494    .text               c_w.l(sys_stackheap_outer.o)
    0x00004e14   0x0000000c   Code   RO          496    .text               c_w.l(exit.o)
    0x00004e20   0x00000008   Code   RO          504    .text               c_w.l(libspace.o)
    0x00004e28   0x0000000c   Code   RO          563    .text               c_w.l(sys_exit.o)
    0x00004e34   0x00000002   Code   RO          574    .text               c_w.l(use_no_semi.o)
    0x00004e36   0x00000000   Code   RO          576    .text               c_w.l(indicate_semi.o)
    0x00004e36   0x00000002   PAD
    0x00004e38   0x000002b0   Code   RO          449    x$fpl$ddiv          fz_ws.l(ddiv.o)
    0x000050e8   0x0000005e   Code   RO          452    x$fpl$dfix          fz_ws.l(dfix.o)
    0x00005146   0x00000026   Code   RO          456    x$fpl$dfltu         fz_ws.l(dflt_clz.o)
    0x0000516c   0x00000154   Code   RO          462    x$fpl$dmul          fz_ws.l(dmul.o)
    0x000052c0   0x0000009c   Code   RO          472    x$fpl$dnaninf       fz_ws.l(dnaninf.o)
    0x0000535c   0x0000000c   Code   RO          474    x$fpl$dretinf       fz_ws.l(dretinf.o)
    0x00005368   0x00000000   Code   RO          476    x$fpl$usenofp       fz_ws.l(usenofp.o)
    0x00005368   0x000000cc   Data   RO            3    .constdata          main.o
    0x00005434   0x000007e2   Data   RO          200    .constdata          st7735.o
    0x00005c16   0x00000012   Data   RO          270    .constdata          can.o
    0x00005c28   0x00000068   Data   RO          343    .constdata          interrupt.o
    0x00005c90   0x00000059   Data   RO          149    .conststring        os_interpreter.o
    0x00005ce9   0x00000003   PAD
    0x00005cec   0x00000020   Data   RO          628    Region$$Table       anon$$obj.o


    Execution Region RW_IRAM1 (Base: 0x20000000, Size: 0x000044e0, Max: 0x00008000, ABSOLUTE, COMPRESSED[0x00000034])

    Base Addr    Size         Type   Attr      Idx    E Section Name        Object

    0x20000000   0x0000003c   Data   RW            4    .data               main.o
    0x2000003c   0x0000001c   Data   RW           39    .data               os.o
    0x20000058   0x00000010   Data   RW           76    .data               os_time.o
    0x20000068   0x00000008   Data   RW           96    .data               os_fifo.o
    0x20000070   0x00000004   Data   RW          115    .data               os_mailbox.o
    0x20000074   0x0000003c   Data   RW          150    .data               os_interpreter.o
    0x200000b0   0x00000018   Data   RW          201    .data               st7735.o
    0x200000c8   0x00000010   Data   RW          221    .data               uart.o
    0x200000d8   0x00000008   Data   RW          240    .data               adc.o
    0x200000e0   0x00000014   Data   RW          255    .data               gpio.o
    0x200000f4   0x0000000c   Data   RW          308    .data               can0.o
    0x20000100   0x00000004   Data   RW          325    .data               timer3.o
    0x20000104   0x00000014   Data   RW          376    .data               ping.o
    0x20000118   0x0000026c   Data   RW          344    vtable              interrupt.o
    0x20000384   0x000006cc   Zero   RW            2    .bss                main.o
    0x20000a50   0x000031d8   Zero   RW           38    .bss                os.o
    0x20003c28   0x00000218   Zero   RW           95    .bss                os_fifo.o
    0x20003e40   0x00000018   Zero   RW          114    .bss                os_mailbox.o
    0x20003e58   0x0000000c   Zero   RW          130    .bss                os_display.o
    0x20003e64   0x000000d2   Zero   RW          148    .bss                os_interpreter.o
    0x20003f36   0x00000020   Zero   RW          220    .bss                uart.o
    0x20003f56   0x00000002   PAD
    0x20003f58   0x00000128   Zero   RW          239    .bss                adc.o
    0x20004080   0x00000060   Zero   RW          505    .bss                c_w.l(libspace.o)
    0x200040e0   0x00000000   Zero   RW          179    HEAP                startup.o
    0x200040e0   0x00000400   Zero   RW          178    STACK               startup.o


==============================================================================

Image component sizes


      Code (inc. data)   RO Data    RW Data    ZI Data      Debug   Object Name

      2908        204          0          8        296      10959   adc.o
      2010         18         18          0          0      12552   can.o
       560         38          0         12          0       2580   can0.o
       718        240          0          0          0        228   cr4_fft_64_stm32.o
       904        114          0         20          0       3610   gpio.o
       692         58        104        620          0       2981   interrupt.o
      1360        254        204         60       1740       7269   main.o
      1532         86          0         28      12760       7140   os.o
       368         12          0          0         12       4022   os_display.o
       304         26          0          8        536       2370   os_fifo.o
       696        128         89         60        210       4614   os_interpreter.o
        84         14          0          4         24       1028   os_mailbox.o
       368         30          0         16          0       2195   os_time.o
        72          8          0          0          0        224   osasm.o
       504         78          0         20          0       3921   ping.o
       140          6          0          0          0        379   pll.o
       320         60          0          0          0       1177   pwm.o
      3420        228       2018         24          0      12748   st7735.o
       708        632          0          0       1024        856   startup.o
       168          8          0          0          0       1221   systick.o
       112         22          0          4          0        989   timer3.o
      1094         52          0         16         32       6349   uart.o

    ----------------------------------------------------------------------
     19048       2318       2468        900      16636      89412   Object Totals
         0          0         32          0          0          0   (incl. Generated)
         6          2          3          0          2          0   (incl. Padding)

    ----------------------------------------------------------------------

      Code (inc. data)   RO Data    RW Data    ZI Data      Debug   Library Member Name

        44          6          0          0          0         84   __2sprintf.o
        58          0          0          0          0          0   __dczerorl.o
         8          0          0          0          0         68   __main.o
       104          0          0          0          0         84   __printf.o
        52          8          0          0          0          0   __scatter.o
        28          0          0          0          0          0   __scatter_zi.o
        48          6          0          0          0         96   _printf_char_common.o
         6          0          0          0          0          0   _printf_d.o
       120         18          0          0          0         92   _printf_dec.o
       184          0          0          0          0         88   _printf_intcommon.o
         0          0          0          0          0          0   _printf_percent.o
         4          0          0          0          0          0   _printf_percent_end.o
        10          0          0          0          0         68   _sputc.o
        12          0          0          0          0         72   exit.o
         6          0          0          0          0        152   heapauxi.o
         0          0          0          0          0          0   indicate_semi.o
         2          0          0          0          0          0   libinit.o
         2          0          0          0          0          0   libinit2.o
         2          0          0          0          0          0   libshutdown.o
         2          0          0          0          0          0   libshutdown2.o
         8          4          0          0         96         68   libspace.o
         0          0          0          0          0          0   rtentry.o
        12          0          0          0          0          0   rtentry2.o
         6          0          0          0          0          0   rtentry4.o
         2          0          0          0          0          0   rtexit.o
        10          0          0          0          0          0   rtexit2.o
        24          0          0          0          0         68   strcat.o
       128          0          0          0          0         68   strcmpv7m.o
        12          4          0          0          0         68   sys_exit.o
        74          0          0          0          0         80   sys_stackheap_outer.o
         2          0          0          0          0         68   use_no_semi.o
       688        140          0          0          0        208   ddiv.o
        94          4          0          0          0         92   dfix.o
        38          0          0          0          0         68   dflt_clz.o
       340         12          0          0          0        104   dmul.o
       156          4          0          0          0         92   dnaninf.o
        12          0          0          0          0         68   dretinf.o
         0          0          0          0          0          0   usenofp.o

    ----------------------------------------------------------------------
      2304        206          0          0         96       1856   Library Totals
         6          0          0          0          0          0   (incl. Padding)

    ----------------------------------------------------------------------

      Code (inc. data)   RO Data    RW Data    ZI Data      Debug   Library Name

       970         46          0          0         96       1224   c_w.l
      1328        160          0          0          0        632   fz_ws.l

    ----------------------------------------------------------------------
      2304        206          0          0         96       1856   Library Totals

    ----------------------------------------------------------------------

==============================================================================


      Code (inc. data)   RO Data    RW Data    ZI Data      Debug   

     21352       2524       2468        900      16732      88512   Grand Totals
     21352       2524       2468         52      16732      88512   ELF Image Totals (compressed)
     21352       2524       2468         52          0          0   ROM Totals

==============================================================================

    Total RO  Size (Code + RO Data)                23820 (  23.26kB)
    Total RW  Size (RW Data + ZI Data)             17632 (  17.22kB)
    Total ROM Size (Code + RO Data + RW Data)      23872 (  23.31kB)

==============================================================================

